Component: ARM Compiler 5.06 update 7 (build 960) Tool: armlink [4d3601]

==============================================================================

Section Cross References

    startup_stm32f103xb.o(STACK) refers (Special) to heapauxi.o(.text) for __use_two_region_memory
    startup_stm32f103xb.o(HEAP) refers (Special) to heapauxi.o(.text) for __use_two_region_memory
    startup_stm32f103xb.o(RESET) refers (Special) to heapauxi.o(.text) for __use_two_region_memory
    startup_stm32f103xb.o(RESET) refers to startup_stm32f103xb.o(STACK) for __initial_sp
    startup_stm32f103xb.o(RESET) refers to startup_stm32f103xb.o(.text) for Reset_Handler
    startup_stm32f103xb.o(RESET) refers to stm32f1xx_it.o(i.NMI_Handler) for NMI_Handler
    startup_stm32f103xb.o(RESET) refers to stm32f1xx_it.o(i.HardFault_Handler) for HardFault_Handler
    startup_stm32f103xb.o(RESET) refers to stm32f1xx_it.o(i.MemManage_Handler) for MemManage_Handler
    startup_stm32f103xb.o(RESET) refers to stm32f1xx_it.o(i.BusFault_Handler) for BusFault_Handler
    startup_stm32f103xb.o(RESET) refers to stm32f1xx_it.o(i.UsageFault_Handler) for UsageFault_Handler
    startup_stm32f103xb.o(RESET) refers to stm32f1xx_it.o(i.SVC_Handler) for SVC_Handler
    startup_stm32f103xb.o(RESET) refers to stm32f1xx_it.o(i.DebugMon_Handler) for DebugMon_Handler
    startup_stm32f103xb.o(RESET) refers to stm32f1xx_it.o(i.PendSV_Handler) for PendSV_Handler
    startup_stm32f103xb.o(RESET) refers to stm32f1xx_it.o(i.SysTick_Handler) for SysTick_Handler
    startup_stm32f103xb.o(RESET) refers to stm32f1xx_it.o(i.TIM1_UP_IRQHandler) for TIM1_UP_IRQHandler
    startup_stm32f103xb.o(RESET) refers to stm32f1xx_it.o(i.USART1_IRQHandler) for USART1_IRQHandler
    startup_stm32f103xb.o(.text) refers (Special) to heapauxi.o(.text) for __use_two_region_memory
    startup_stm32f103xb.o(.text) refers to system_stm32f1xx.o(i.SystemInit) for SystemInit
    startup_stm32f103xb.o(.text) refers to __main.o(!!!main) for __main
    startup_stm32f103xb.o(.text) refers to startup_stm32f103xb.o(HEAP) for Heap_Mem
    startup_stm32f103xb.o(.text) refers to startup_stm32f103xb.o(STACK) for Stack_Mem
    main.o(i.HAL_CAN_RxFifo0MsgPendingCallback) refers to dm_motor_ctrl.o(i.Motor_CAN_RxHandler) for Motor_CAN_RxHandler
    main.o(i.HAL_TIM_PeriodElapsedCallback) refers to key.o(i.Key_Tick) for Key_Tick
    main.o(i.SystemClock_Config) refers to rt_memclr_w.o(.text) for __aeabi_memclr4
    main.o(i.SystemClock_Config) refers to stm32f1xx_hal_rcc.o(i.HAL_RCC_OscConfig) for HAL_RCC_OscConfig
    main.o(i.SystemClock_Config) refers to stm32f1xx_hal_rcc.o(i.HAL_RCC_ClockConfig) for HAL_RCC_ClockConfig
    main.o(i.main) refers to stm32f1xx_hal.o(i.HAL_Init) for HAL_Init
    main.o(i.main) refers to main.o(i.SystemClock_Config) for SystemClock_Config
    main.o(i.main) refers to gpio.o(i.MX_GPIO_Init) for MX_GPIO_Init
    main.o(i.main) refers to can.o(i.MX_CAN_Init) for MX_CAN_Init
    main.o(i.main) refers to usart.o(i.MX_USART1_UART_Init) for MX_USART1_UART_Init
    main.o(i.main) refers to tim.o(i.MX_TIM1_Init) for MX_TIM1_Init
    main.o(i.main) refers to oled.o(i.OLED_Init) for OLED_Init
    main.o(i.main) refers to mpu6050.o(i.MPU6050_Init) for MPU6050_Init
    main.o(i.main) refers to serial.o(i.Serial_Init) for Serial_Init
    main.o(i.main) refers to mycan.o(i.MyCAN_Init) for MyCAN_Init
    main.o(i.main) refers to stm32f1xx_hal_tim.o(i.HAL_TIM_Base_Start_IT) for HAL_TIM_Base_Start_IT
    main.o(i.main) refers to key.o(i.Key_Check) for Key_Check
    main.o(i.main) refers to led.o(i.LED1_ON) for LED1_ON
    main.o(i.main) refers to dm_motor_drv.o(i.dm_motor_enable) for dm_motor_enable
    main.o(i.main) refers to led.o(i.LED1_OFF) for LED1_OFF
    main.o(i.main) refers to led.o(i.LED2_ON) for LED2_ON
    main.o(i.main) refers to led.o(i.LED2_OFF) for LED2_OFF
    main.o(i.main) refers to led.o(i.LED3_ON) for LED3_ON
    main.o(i.main) refers to dm_motor_drv.o(i.dm_motor_disable) for dm_motor_disable
    main.o(i.main) refers to led.o(i.LED3_OFF) for LED3_OFF
    main.o(i.main) refers to control.o(i.Control_Rx) for Control_Rx
    main.o(i.main) refers to mpu6050.o(i.MPU6050_GetData) for MPU6050_GetData
    main.o(i.main) refers to oled.o(i.OLED_ShowString) for OLED_ShowString
    main.o(i.main) refers to oled.o(i.OLED_Printf) for OLED_Printf
    main.o(i.main) refers to oled.o(i.OLED_Update) for OLED_Update
    main.o(i.main) refers to tim.o(.bss) for htim1
    main.o(i.main) refers to dm_motor_ctrl.o(.bss) for motor
    main.o(i.main) refers to main.o(.data) for .data
    main.o(i.main) refers to serial.o(.data) for Serial_RxFlag
    main.o(i.main) refers to main.o(.bss) for .bss
    gpio.o(i.MX_GPIO_Init) refers to stm32f1xx_hal_gpio.o(i.HAL_GPIO_WritePin) for HAL_GPIO_WritePin
    gpio.o(i.MX_GPIO_Init) refers to stm32f1xx_hal_gpio.o(i.HAL_GPIO_Init) for HAL_GPIO_Init
    can.o(i.HAL_CAN_MspDeInit) refers to stm32f1xx_hal_gpio.o(i.HAL_GPIO_DeInit) for HAL_GPIO_DeInit
[...]
    _rand_init                                - Undefined Weak Reference
    _signal_finish                            - Undefined Weak Reference
    _signal_init                              - Undefined Weak Reference
    _terminate_alloc                          - Undefined Weak Reference
    _terminate_user_alloc                     - Undefined Weak Reference
    _terminateio                              - Undefined Weak Reference
    __Vectors_Size                           0x000000ec   Number         0  startup_stm32f103xb.o ABSOLUTE
    __Vectors                                0x08000000   Data           4  startup_stm32f103xb.o(RESET)
    __Vectors_End                            0x080000ec   Data           0  startup_stm32f103xb.o(RESET)
    __main                                   0x080000ed   Thumb Code     8  __main.o(!!!main)
    __scatterload                            0x080000f5   Thumb Code     0  __scatter.o(!!!scatter)
    __scatterload_rt2                        0x080000f5   Thumb Code    44  __scatter.o(!!!scatter)
    __scatterload_rt2_thumb_only             0x080000f5   Thumb Code     0  __scatter.o(!!!scatter)
    __scatterload_null                       0x08000103   Thumb Code     0  __scatter.o(!!!scatter)
    __scatterload_copy                       0x08000129   Thumb Code    26  __scatter_copy.o(!!handler_copy)
    __scatterload_zeroinit                   0x08000145   Thumb Code    28  __scatter_zi.o(!!handler_zi)
    _printf_n                                0x08000161   Thumb Code     0  _printf_n.o(.ARM.Collect$$_printf_percent$$00000001)
    _printf_percent                          0x08000161   Thumb Code     0  _printf_percent.o(.ARM.Collect$$_printf_percent$$00000000)
    _printf_p                                0x08000167   Thumb Code     0  _printf_p.o(.ARM.Collect$$_printf_percent$$00000002)
    _printf_f                                0x0800016d   Thumb Code     0  _printf_f.o(.ARM.Collect$$_printf_percent$$00000003)
    _printf_e                                0x08000173   Thumb Code     0  _printf_e.o(.ARM.Collect$$_printf_percent$$00000004)
    _printf_g                                0x08000179   Thumb Code     0  _printf_g.o(.ARM.Collect$$_printf_percent$$00000005)
    _printf_a                                0x0800017f   Thumb Code     0  _printf_a.o(.ARM.Collect$$_printf_percent$$00000006)
    _printf_ll                               0x08000185   Thumb Code     0  _printf_ll.o(.ARM.Collect$$_printf_percent$$00000007)
    _printf_i                                0x0800018f   Thumb Code     0  _printf_i.o(.ARM.Collect$$_printf_percent$$00000008)
    _printf_d                                0x08000195   Thumb Code     0  _printf_d.o(.ARM.Collect$$_printf_percent$$00000009)
    _printf_u                                0x0800019b   Thumb Code     0  _printf_u.o(.ARM.Collect$$_printf_percent$$0000000A)
    _printf_o                                0x080001a1   Thumb Code     0  _printf_o.o(.ARM.Collect$$_printf_percent$$0000000B)
    _printf_x                                0x080001a7   Thumb Code     0  _printf_x.o(.ARM.Collect$$_printf_percent$$0000000C)
    _printf_lli                              0x080001ad   Thumb Code     0  _printf_lli.o(.ARM.Collect$$_printf_percent$$0000000D)
    _printf_lld                              0x080001b3   Thumb Code     0  _printf_lld.o(.ARM.Collect$$_printf_percent$$0000000E)
    _printf_llu                              0x080001b9   Thumb Code     0  _printf_llu.o(.ARM.Collect$$_printf_percent$$0000000F)
    _printf_llo                              0x080001bf   Thumb Code     0  _printf_llo.o(.ARM.Collect$$_printf_percent$$00000010)
    _printf_llx                              0x080001c5   Thumb Code     0  _printf_llx.o(.ARM.Collect$$_printf_percent$$00000011)
    _printf_l                                0x080001cb   Thumb Code     0  _printf_l.o(.ARM.Collect$$_printf_percent$$00000012)
    _printf_c                                0x080001d5   Thumb Code     0  _printf_c.o(.ARM.Collect$$_printf_percent$$00000013)
    _printf_s                                0x080001db   Thumb Code     0  _printf_s.o(.ARM.Collect$$_printf_percent$$00000014)
    _printf_lc                               0x080001e1   Thumb Code     0  _printf_lc.o(.ARM.Collect$$_printf_percent$$00000015)
    _printf_ls                               0x080001e7   Thumb Code     0  _printf_ls.o(.ARM.Collect$$_printf_percent$$00000016)
    _printf_percent_end                      0x080001ed   Thumb Code     0  _printf_percent_end.o(.ARM.Collect$$_printf_percent$$00000017)
    __rt_lib_init                            0x080001f1   Thumb Code     0  libinit.o(.ARM.Collect$$libinit$$00000000)
    __rt_lib_init_fp_1                       0x080001f3   Thumb Code     0  libinit2.o(.ARM.Collect$$libinit$$00000002)
    __rt_lib_init_heap_1                     0x080001f3   Thumb Code     0  libinit2.o(.ARM.Collect$$libinit$$0000000A)
    __rt_lib_init_lc_common                  0x080001f3   Thumb Code     0  libinit2.o(.ARM.Collect$$libinit$$0000000F)
    __rt_lib_init_preinit_1                  0x080001f3   Thumb Code     0  libinit2.o(.ARM.Collect$$libinit$$00000004)
    __rt_lib_init_rand_1                     0x080001f3   Thumb Code     0  libinit2.o(.ARM.Collect$$libinit$$0000000E)
    __rt_lib_init_user_alloc_1               0x080001f3   Thumb Code     0  libinit2.o(.ARM.Collect$$libinit$$0000000C)
    __rt_lib_init_lc_collate_1               0x080001f9   Thumb Code     0  libinit2.o(.ARM.Collect$$libinit$$00000011)
    __rt_lib_init_lc_ctype_2                 0x080001f9   Thumb Code     0  libinit2.o(.ARM.Collect$$libinit$$00000012)
    __rt_lib_init_lc_ctype_1                 0x08000205   Thumb Code     0  libinit2.o(.ARM.Collect$$libinit$$00000013)
    __rt_lib_init_lc_monetary_1              0x08000205   Thumb Code     0  libinit2.o(.ARM.Collect$$libinit$$00000015)
    __rt_lib_init_lc_numeric_2               0x08000205   Thumb Code     0  libinit2.o(.ARM.Collect$$libinit$$00000016)
    __rt_lib_init_alloca_1                   0x0800020f   Thumb Code     0  libinit2.o(.ARM.Collect$$libinit$$0000002E)
    __rt_lib_init_argv_1                     0x0800020f   Thumb Code     0  libinit2.o(.ARM.Collect$$libinit$$0000002C)
    __rt_lib_init_atexit_1                   0x0800020f   Thumb Code     0  libinit2.o(.ARM.Collect$$libinit$$0000001B)
    __rt_lib_init_clock_1                    0x0800020f   Thumb Code     0  libinit2.o(.ARM.Collect$$libinit$$00000021)
    __rt_lib_init_cpp_1                      0x0800020f   Thumb Code     0  libinit2.o(.ARM.Collect$$libinit$$00000032)
    __rt_lib_init_exceptions_1               0x0800020f   Thumb Code     0  libinit2.o(.ARM.Collect$$libinit$$00000030)
    __rt_lib_init_fp_trap_1                  0x0800020f   Thumb Code     0  libinit2.o(.ARM.Collect$$libinit$$0000001F)
    __rt_lib_init_getenv_1                   0x0800020f   Thumb Code     0  libinit2.o(.ARM.Collect$$libinit$$00000023)
    __rt_lib_init_lc_numeric_1               0x0800020f   Thumb Code     0  libinit2.o(.ARM.Collect$$libinit$$00000017)
    __rt_lib_init_lc_time_1                  0x0800020f   Thumb Code     0  libinit2.o(.ARM.Collect$$libinit$$00000019)
    __rt_lib_init_return                     0x0800020f   Thumb Code     0  libinit2.o(.ARM.Collect$$libinit$$00000033)
    __rt_lib_init_signal_1                   0x0800020f   Thumb Code     0  libinit2.o(.ARM.Collect$$libinit$$0000001D)
    __rt_lib_init_stdio_1                    0x0800020f   Thumb Code     0  libinit2.o(.ARM.Collect$$libinit$$00000025)
    __rt_lib_shutdown                        0x08000211   Thumb Code     0  libshutdown.o(.ARM.Collect$$libshutdown$$00000000)
    __rt_lib_shutdown_cpp_1                  0x08000213   Thumb Code     0  libshutdown2.o(.ARM.Collect$$libshutdown$$00000004)
    __rt_lib_shutdown_fini_1                 0x08000213   Thumb Code     0  libshutdown2.o(.ARM.Collect$$libshutdown$$00000002)
    __rt_lib_shutdown_fp_trap_1              0x08000213   Thumb Code     0  libshutdown2.o(.ARM.Collect$$libshutdown$$00000009)
    __rt_lib_shutdown_heap_1                 0x08000213   Thumb Code     0  libshutdown2.o(.ARM.Collect$$libshutdown$$00000011)
    __rt_lib_shutdown_return                 0x08000213   Thumb Code     0  libshutdown2.o(.ARM.Collect$$libshutdown$$00000012)
    __rt_lib_shutdown_signal_1               0x08000213   Thumb Code     0  libshutdown2.o(.ARM.Collect$$libshutdown$$0000000C)
    __rt_lib_shutdown_stdio_1                0x08000213   Thumb Code     0  libshutdown2.o(.ARM.Collect$$libshutdown$$00000006)
    __rt_lib_shutdown_user_alloc_1           0x08000213   Thumb Code     0  libshutdown2.o(.ARM.Collect$$libshutdown$$0000000E)
    __rt_entry                               0x08000215   Thumb Code     0  __rtentry.o(.ARM.Collect$$rtentry$$00000000)
    __rt_entry_presh_1                       0x08000215   Thumb Code     0  __rtentry2.o(.ARM.Collect$$rtentry$$00000002)
    __rt_entry_sh                            0x08000215   Thumb Code     0  __rtentry4.o(.ARM.Collect$$rtentry$$00000004)
    __rt_entry_li                            0x0800021b   Thumb Code     0  __rtentry2.o(.ARM.Collect$$rtentry$$0000000A)
    __rt_entry_postsh_1                      0x0800021b   Thumb Code     0  __rtentry2.o(.ARM.Collect$$rtentry$$00000009)
    __rt_entry_main                          0x0800021f   Thumb Code     0  __rtentry2.o(.ARM.Collect$$rtentry$$0000000D)
    __rt_entry_postli_1                      0x0800021f   Thumb Code     0  __rtentry2.o(.ARM.Collect$$rtentry$$0000000C)
    __rt_exit                                0x08000227   Thumb Code     0  rtexit.o(.ARM.Collect$$rtexit$$00000000)
    __rt_exit_ls                             0x08000229   Thumb Code     0  rtexit2.o(.ARM.Collect$$rtexit$$00000003)
    __rt_exit_prels_1                        0x08000229   Thumb Code     0  rtexit2.o(.ARM.Collect$$rtexit$$00000002)
    __rt_exit_exit                           0x0800022d   Thumb Code     0  rtexit2.o(.ARM.Collect$$rtexit$$00000004)
    Reset_Handler                            0x08000235   Thumb Code     8  startup_stm32f103xb.o(.text)
    ADC1_2_IRQHandler                        0x0800024f   Thumb Code     0  startup_stm32f103xb.o(.text)
    CAN1_RX1_IRQHandler                      0x0800024f   Thumb Code     0  startup_stm32f103xb.o(.text)
    CAN1_SCE_IRQHandler                      0x0800024f   Thumb Code     0  startup_stm32f103xb.o(.text)
    DMA1_Channel1_IRQHandler                 0x0800024f   Thumb Code     0  startup_stm32f103xb.o(.text)
    DMA1_Channel2_IRQHandler                 0x0800024f   Thumb Code     0  startup_stm32f103xb.o(.text)
    DMA1_Channel3_IRQHandler                 0x0800024f   Thumb Code     0  startup_stm32f103xb.o(.text)
    DMA1_Channel4_IRQHandler                 0x0800024f   Thumb Code     0  startup_stm32f103xb.o(.text)
    DMA1_Channel5_IRQHandler                 0x0800024f   Thumb Code     0  startup_stm32f103xb.o(.text)
    DMA1_Channel6_IRQHandler                 0x0800024f   Thumb Code     0  startup_stm32f103xb.o(.text)
    DMA1_Channel7_IRQHandler                 0x0800024f   Thumb Code     0  startup_stm32f103xb.o(.text)
    EXTI0_IRQHandler                         0x0800024f   Thumb Code     0  startup_stm32f103xb.o(.text)
    EXTI15_10_IRQHandler                     0x0800024f   Thumb Code     0  startup_stm32f103xb.o(.text)
    EXTI1_IRQHandler                         0x0800024f   Thumb Code     0  startup_stm32f103xb.o(.text)
    EXTI2_IRQHandler                         0x0800024f   Thumb Code     0  startup_stm32f103xb.o(.text)
    EXTI3_IRQHandler                         0x0800024f   Thumb Code     0  startup_stm32f103xb.o(.text)
    EXTI4_IRQHandler                         0x0800024f   Thumb Code     0  startup_stm32f103xb.o(.text)
    EXTI9_5_IRQHandler                       0x0800024f   Thumb Code     0  startup_stm32f103xb.o(.text)
    FLASH_IRQHandler                         0x0800024f   Thumb Code     0  startup_stm32f103xb.o(.text)
    I2C1_ER_IRQHandler                       0x0800024f   Thumb Code     0  startup_stm32f103xb.o(.text)
    I2C1_EV_IRQHandler                       0x0800024f   Thumb Code     0  startup_stm32f103xb.o(.text)
    I2C2_ER_IRQHandler                       0x0800024f   Thumb Code     0  startup_stm32f103xb.o(.text)
    I2C2_EV_IRQHandler                       0x0800024f   Thumb Code     0  startup_stm32f103xb.o(.text)
    PVD_IRQHandler                           0x0800024f   Thumb Code     0  startup_stm32f103xb.o(.text)
    RCC_IRQHandler                           0x0800024f   Thumb Code     0  startup_stm32f103xb.o(.text)
    RTC_Alarm_IRQHandler                     0x0800024f   Thumb Code     0  startup_stm32f103xb.o(.text)
    RTC_IRQHandler                           0x0800024f   Thumb Code     0  startup_stm32f103xb.o(.text)
    SPI1_IRQHandler                          0x0800024f   Thumb Code     0  startup_stm32f103xb.o(.text)
    SPI2_IRQHandler                          0x0800024f   Thumb Code     0  startup_stm32f103xb.o(.text)
    TAMPER_IRQHandler                        0x0800024f   Thumb Code     0  startup_stm32f103xb.o(.text)
    TIM1_BRK_IRQHandler                      0x0800024f   Thumb Code     0  startup_stm32f103xb.o(.text)
    TIM1_CC_IRQHandler                       0x0800024f   Thumb Code     0  startup_stm32f103xb.o(.text)
    TIM1_TRG_COM_IRQHandler                  0x0800024f   Thumb Code     0  startup_stm32f103xb.o(.text)
    TIM2_IRQHandler                          0x0800024f   Thumb Code     0  startup_stm32f103xb.o(.text)
    TIM3_IRQHandler                          0x0800024f   Thumb Code     0  startup_stm32f103xb.o(.text)
    TIM4_IRQHandler                          0x0800024f   Thumb Code     0  startup_stm32f103xb.o(.text)
    USART2_IRQHandler                        0x0800024f   Thumb Code     0  startup_stm32f103xb.o(.text)
    USART3_IRQHandler                        0x0800024f   Thumb Code     0  startup_stm32f103xb.o(.text)
    USBWakeUp_IRQHandler                     0x0800024f   Thumb Code     0  startup_stm32f103xb.o(.text)
    USB_HP_CAN1_TX_IRQHandler                0x0800024f   Thumb Code     0  startup_stm32f103xb.o(.text)
    USB_LP_CAN1_RX0_IRQHandler               0x0800024f   Thumb Code     0  startup_stm32f103xb.o(.text)
    WWDG_IRQHandler                          0x0800024f   Thumb Code     0  startup_stm32f103xb.o(.text)
    __user_initial_stackheap                 0x08000251   Thumb Code     0  startup_stm32f103xb.o(.text)
    vsprintf                                 0x08000275   Thumb Code    32  vsprintf.o(.text)
    atoi                                     0x08000299   Thumb Code    26  atoi.o(.text)
    strtok                                   0x080002b5   Thumb Code     6  strtok.o(.text)
    __aeabi_memclr4                          0x080002c1   Thumb Code     0  rt_memclr_w.o(.text)
    __aeabi_memclr8                          0x080002c1   Thumb Code     0  rt_memclr_w.o(.text)
    __rt_memclr_w                            0x080002c1   Thumb Code    78  rt_memclr_w.o(.text)
    _memset_w                                0x080002c5   Thumb Code     0  rt_memclr_w.o(.text)
    strcmp                                   0x08000311   Thumb Code   128  strcmpv7m.o(.text)
    __use_two_region_memory                  0x08000391   Thumb Code     2  heapauxi.o(.text)
    __rt_heap_escrow$2region                 0x08000393   Thumb Code     2  heapauxi.o(.text)
    __rt_heap_expand$2region                 0x08000395   Thumb Code     2  heapauxi.o(.text)
    __aeabi_errno_addr                       0x08000399   Thumb Code     8  rt_errno_addr_intlibspace.o(.text)
    __errno$intlibspace                      0x08000399   Thumb Code     0  rt_errno_addr_intlibspace.o(.text)
    __rt_errno_addr$intlibspace              0x08000399   Thumb Code     0  rt_errno_addr_intlibspace.o(.text)
    __read_errno                             0x080003a1   Thumb Code    10  _rserrno.o(.text)
    __set_errno                              0x080003ab   Thumb Code    12  _rserrno.o(.text)
    _printf_pre_padding                      0x080003b7   Thumb Code    44  _printf_pad.o(.text)
    _printf_post_padding                     0x080003e3   Thumb Code    34  _printf_pad.o(.text)
    _printf_truncate_signed                  0x08000405   Thumb Code    18  _printf_truncate.o(.text)
    _printf_truncate_unsigned                0x08000417   Thumb Code    18  _printf_truncate.o(.text)
    _printf_str                              0x08000429   Thumb Code    82  _printf_str.o(.text)
    _printf_int_dec                          0x0800047d   Thumb Code   104  _printf_dec.o(.text)
    _printf_charcount                        0x080004f5   Thumb Code    40  _printf_charcount.o(.text)
    _printf_char_common                      0x08000527   Thumb Code    32  _printf_char_common.o(.text)
    _sputc                                   0x0800054d   Thumb Code    10  _sputc.o(.text)
    _printf_wctomb                           0x08000559   Thumb Code   182  _printf_wctomb.o(.text)
    _printf_longlong_dec                     0x08000615   Thumb Code   108  _printf_longlong_dec.o(.text)
    _printf_longlong_oct                     0x08000691   Thumb Code    66  _printf_oct_int_ll.o(.text)
    _printf_int_oct                          0x080006d3   Thumb Code    24  _printf_oct_int_ll.o(.text)
    _printf_ll_oct                           0x080006eb   Thumb Code    12  _printf_oct_int_ll.o(.text)
    _printf_longlong_hex                     0x08000701   Thumb Code    86  _printf_hex_int_ll_ptr.o(.text)
    _printf_int_hex                          0x08000757   Thumb Code    28  _printf_hex_int_ll_ptr.o(.text)
    _printf_ll_hex                           0x08000773   Thumb Code    12  _printf_hex_int_ll_ptr.o(.text)
    _printf_hex_ptr                          0x0800077f   Thumb Code    18  _printf_hex_int_ll_ptr.o(.text)
    __printf                                 0x08000795   Thumb Code   388  __printf_flags_ss_wp.o(.text)
    __strtod_int                             0x08000959   Thumb Code    90  strtod.o(.text)
    strtol                                   0x080009c1   Thumb Code   112  strtol.o(.text)
    __strtok_internal                        0x08000a31   Thumb Code    64  strtok_int.o(.text)
    __user_libspace                          0x08000a75   Thumb Code     8  libspace.o(.text)
    __user_perproc_libspace                  0x08000a75   Thumb Code     0  libspace.o(.text)
    __user_perthread_libspace                0x08000a75   Thumb Code     0  libspace.o(.text)
    __rt_ctype_table                         0x08000a7d   Thumb Code    16  rt_ctype_table.o(.text)
    _ll_udiv10                               0x08000a8d   Thumb Code   138  lludiv10.o(.text)
    isspace                                  0x08000b17   Thumb Code    18  isspace.o(.text)
    _printf_int_common                       0x08000b29   Thumb Code   178  _printf_intcommon.o(.text)
    __lib_sel_fp_printf                      0x08000bdb   Thumb Code     2  _printf_fp_dec.o(.text)
    _printf_fp_dec_real                      0x08000d8d   Thumb Code   620  _printf_fp_dec.o(.text)
    _printf_fp_hex_real                      0x08000ff9   Thumb Code   756  _printf_fp_hex.o(.text)
    _printf_cs_common                        0x080012f5   Thumb Code    20  _printf_char.o(.text)
    _printf_char                             0x08001309   Thumb Code    16  _printf_char.o(.text)
    _printf_string                           0x08001319   Thumb Code     8  _printf_char.o(.text)
    _printf_lcs_common                       0x08001321   Thumb Code    20  _printf_wchar.o(.text)
    _printf_wchar                            0x08001335   Thumb Code    16  _printf_wchar.o(.text)
    _printf_wstring                          0x08001345   Thumb Code     8  _printf_wchar.o(.text)
    _sgetc                                   0x0800134d   Thumb Code    30  _sgetc.o(.text)
    _sbackspace                              0x0800136b   Thumb Code    34  _sgetc.o(.text)
    _strtoul                                 0x0800138d   Thumb Code   158  _strtoul.o(.text)
    _wcrtomb                                 0x0800142b   Thumb Code    64  _wcrtomb.o(.text)
    strcspn                                  0x0800146b   Thumb Code    32  strcspn.o(.text)
    strspn                                   0x0800148b   Thumb Code    28  strspn.o(.text)
    __user_setup_stackheap                   0x080014a7   Thumb Code    74  sys_stackheap_outer.o(.text)
    __rt_locale                              0x080014f1   Thumb Code     8  rt_locale_intlibspace.o(.text)
    _printf_fp_infnan                        0x080014f9   Thumb Code   112  _printf_fp_infnan.o(.text)
    _chval                                   0x08001579   Thumb Code    28  _chval.o(.text)
    _scanf_really_real                       0x080017e1   Thumb Code   684  scanf_fp.o(.text)
    _btod_etento                             0x08001a8d   Thumb Code   224  bigflt0.o(.text)
    exit                                     0x08001b71   Thumb Code    18  exit.o(.text)
    _scanf_really_hex_real                   0x08001b85   Thumb Code   786  scanf_hexfp.o(.text)
    _scanf_really_infnan                     0x08001ea5   Thumb Code   292  scanf_infnan.o(.text)
    _sys_exit                                0x08001fd9   Thumb Code     8  sys_exit.o(.text)
    __aeabi_llsl                             0x08001fe5   Thumb Code     0  llshl.o(.text)
    _ll_shift_l                              0x08001fe5   Thumb Code    38  llshl.o(.text)
    __I$use$semihosting                      0x0800200b   Thumb Code     0  use_no_semi.o(.text)
    __use_no_semihosting_swi                 0x0800200b   Thumb Code     2  use_no_semi.o(.text)
    __semihosting_library_function           0x0800200d   Thumb Code     0  indicate_semi.o(.text)
    _btod_d2e                                0x0800200d   Thumb Code    62  btod.o(CL$$btod_d2e)
    _d2e_denorm_low                          0x0800204b   Thumb Code    70  btod.o(CL$$btod_d2e_denorm_low)
    _d2e_norm_op1                            0x08002091   Thumb Code    96  btod.o(CL$$btod_d2e_norm_op1)
    __btod_div_common                        0x080020f1   Thumb Code   696  btod.o(CL$$btod_div_common)
    _e2d                                     0x08002429   Thumb Code   122  btod.o(CL$$btod_e2d)
    _e2e                                     0x080024ad   Thumb Code   220  btod.o(CL$$btod_e2e)
    _btod_ediv                               0x08002589   Thumb Code    42  btod.o(CL$$btod_ediv)
    _btod_edivd                              0x080025b3   Thumb Code    42  btod.o(CL$$btod_edivd)
    _btod_emul                               0x080025dd   Thumb Code    42  btod.o(CL$$btod_emul)
    _btod_emuld                              0x08002607   Thumb Code    42  btod.o(CL$$btod_emuld)
    __btod_mult_common                       0x08002631   Thumb Code   580  btod.o(CL$$btod_mult_common)
    BusFault_Handler                         0x08002875   Thumb Code     2  stm32f1xx_it.o(i.BusFault_Handler)
    Control_Rx                               0x08002879   Thumb Code   530  control.o(i.Control_Rx)
    DebugMon_Handler                         0x08002c51   Thumb Code     2  stm32f1xx_it.o(i.DebugMon_Handler)
    Error_Handler                            0x08002c53   Thumb Code     4  main.o(i.Error_Handler)
    HAL_CAN_AddTxMessage                     0x08002c57   Thumb Code   208  stm32f1xx_hal_can.o(i.HAL_CAN_AddTxMessage)
    HAL_CAN_ConfigFilter                     0x08002d29   Thumb Code   238  stm32f1xx_hal_can.o(i.HAL_CAN_ConfigFilter)
    HAL_CAN_Init                             0x08002e17   Thumb Code   282  stm32f1xx_hal_can.o(i.HAL_CAN_Init)
    HAL_CAN_MspInit                          0x08002f31   Thumb Code    96  can.o(i.HAL_CAN_MspInit)
    HAL_CAN_Start                            0x08002f9d   Thumb Code    88  stm32f1xx_hal_can.o(i.HAL_CAN_Start)
    HAL_DMA_Abort                            0x08002ff5   Thumb Code    70  stm32f1xx_hal_dma.o(i.HAL_DMA_Abort)
    HAL_DMA_Abort_IT                         0x0800303d   Thumb Code   148  stm32f1xx_hal_dma.o(i.HAL_DMA_Abort_IT)
    HAL_GPIO_Init                            0x080030d5   Thumb Code   446  stm32f1xx_hal_gpio.o(i.HAL_GPIO_Init)
    HAL_GPIO_ReadPin                         0x080032b5   Thumb Code    10  stm32f1xx_hal_gpio.o(i.HAL_GPIO_ReadPin)
    HAL_GPIO_WritePin                        0x080032bf   Thumb Code    10  stm32f1xx_hal_gpio.o(i.HAL_GPIO_WritePin)
    HAL_GetTick                              0x080032c9   Thumb Code     6  stm32f1xx_hal.o(i.HAL_GetTick)
    HAL_IncTick                              0x080032d5   Thumb Code    12  stm32f1xx_hal.o(i.HAL_IncTick)
    HAL_Init                                 0x080032e5   Thumb Code    32  stm32f1xx_hal.o(i.HAL_Init)
    HAL_InitTick                             0x08003309   Thumb Code    54  stm32f1xx_hal.o(i.HAL_InitTick)
    HAL_MspInit                              0x08003349   Thumb Code    52  stm32f1xx_hal_msp.o(i.HAL_MspInit)
    HAL_NVIC_EnableIRQ                       0x08003385   Thumb Code    26  stm32f1xx_hal_cortex.o(i.HAL_NVIC_EnableIRQ)
    HAL_NVIC_SetPriority                     0x080033a1   Thumb Code    60  stm32f1xx_hal_cortex.o(i.HAL_NVIC_SetPriority)
    HAL_NVIC_SetPriorityGrouping             0x080033e1   Thumb Code    26  stm32f1xx_hal_cortex.o(i.HAL_NVIC_SetPriorityGrouping)
    HAL_RCC_ClockConfig                      0x08003405   Thumb Code   280  stm32f1xx_hal_rcc.o(i.HAL_RCC_ClockConfig)
    HAL_RCC_GetPCLK1Freq                     0x08003531   Thumb Code    20  stm32f1xx_hal_rcc.o(i.HAL_RCC_GetPCLK1Freq)
    HAL_RCC_GetPCLK2Freq                     0x08003551   Thumb Code    20  stm32f1xx_hal_rcc.o(i.HAL_RCC_GetPCLK2Freq)
    HAL_RCC_GetSysClockFreq                  0x08003571   Thumb Code    58  stm32f1xx_hal_rcc.o(i.HAL_RCC_GetSysClockFreq)
    HAL_RCC_OscConfig                        0x080035bd   Thumb Code   778  stm32f1xx_hal_rcc.o(i.HAL_RCC_OscConfig)
    HAL_SYSTICK_Config                       0x080038dd   Thumb Code    40  stm32f1xx_hal_cortex.o(i.HAL_SYSTICK_Config)
    HAL_TIMEx_BreakCallback                  0x08003905   Thumb Code     2  stm32f1xx_hal_tim_ex.o(i.HAL_TIMEx_BreakCallback)
    HAL_TIMEx_CommutCallback                 0x08003907   Thumb Code     2  stm32f1xx_hal_tim_ex.o(i.HAL_TIMEx_CommutCallback)
    HAL_TIMEx_MasterConfigSynchronization    0x08003909   Thumb Code    92  stm32f1xx_hal_tim_ex.o(i.HAL_TIMEx_MasterConfigSynchronization)
    HAL_TIM_Base_Init                        0x08003971   Thumb Code    90  stm32f1xx_hal_tim.o(i.HAL_TIM_Base_Init)
    HAL_TIM_Base_MspInit                     0x080039cd   Thumb Code    50  tim.o(i.HAL_TIM_Base_MspInit)
    HAL_TIM_Base_Start_IT                    0x08003a09   Thumb Code    76  stm32f1xx_hal_tim.o(i.HAL_TIM_Base_Start_IT)
    HAL_TIM_ConfigClockSource                0x08003a61   Thumb Code   220  stm32f1xx_hal_tim.o(i.HAL_TIM_ConfigClockSource)
    HAL_TIM_IC_CaptureCallback               0x08003b3d   Thumb Code     2  stm32f1xx_hal_tim.o(i.HAL_TIM_IC_CaptureCallback)
    HAL_TIM_IRQHandler                       0x08003b3f   Thumb Code   304  stm32f1xx_hal_tim.o(i.HAL_TIM_IRQHandler)
    HAL_TIM_OC_DelayElapsedCallback          0x08003c6f   Thumb Code     2  stm32f1xx_hal_tim.o(i.HAL_TIM_OC_DelayElapsedCallback)
    HAL_TIM_PWM_PulseFinishedCallback        0x08003c71   Thumb Code     2  stm32f1xx_hal_tim.o(i.HAL_TIM_PWM_PulseFinishedCallback)
    HAL_TIM_PeriodElapsedCallback            0x08003c75   Thumb Code    14  main.o(i.HAL_TIM_PeriodElapsedCallback)
    HAL_TIM_TriggerCallback                  0x08003c89   Thumb Code     2  stm32f1xx_hal_tim.o(i.HAL_TIM_TriggerCallback)
    HAL_UARTEx_RxEventCallback               0x08003c8b   Thumb Code     2  stm32f1xx_hal_uart.o(i.HAL_UARTEx_RxEventCallback)
    HAL_UART_ErrorCallback                   0x08003c8d   Thumb Code     2  stm32f1xx_hal_uart.o(i.HAL_UART_ErrorCallback)
    HAL_UART_IRQHandler                      0x08003c91   Thumb Code   616  stm32f1xx_hal_uart.o(i.HAL_UART_IRQHandler)
    HAL_UART_Init                            0x08003efd   Thumb Code   100  stm32f1xx_hal_uart.o(i.HAL_UART_Init)
    HAL_UART_MspInit                         0x08003f61   Thumb Code   118  usart.o(i.HAL_UART_MspInit)
    HAL_UART_Receive_IT                      0x08003fe5   Thumb Code    28  stm32f1xx_hal_uart.o(i.HAL_UART_Receive_IT)
    HAL_UART_RxCpltCallback                  0x08004001   Thumb Code    86  serial.o(i.HAL_UART_RxCpltCallback)
    HAL_UART_TxCpltCallback                  0x08004065   Thumb Code     2  stm32f1xx_hal_uart.o(i.HAL_UART_TxCpltCallback)
    HardFault_Handler                        0x08004067   Thumb Code     2  stm32f1xx_it.o(i.HardFault_Handler)
    Key_Check                                0x08004185   Thumb Code    26  key.o(i.Key_Check)
    Key_GetState                             0x080041a5   Thumb Code    56  key.o(i.Key_GetState)
    Key_Tick                                 0x080041e5   Thumb Code   324  key.o(i.Key_Tick)
    LED1_OFF                                 0x0800432d   Thumb Code    10  led.o(i.LED1_OFF)
    LED1_ON                                  0x0800433d   Thumb Code    10  led.o(i.LED1_ON)
    LED2_OFF                                 0x0800434d   Thumb Code    10  led.o(i.LED2_OFF)
    LED2_ON                                  0x0800435d   Thumb Code    10  led.o(i.LED2_ON)
    LED3_OFF                                 0x0800436d   Thumb Code    12  led.o(i.LED3_OFF)
    LED3_ON                                  0x0800437d   Thumb Code    10  led.o(i.LED3_ON)
    MPU6050_GetData                          0x0800438d   Thumb Code    82  mpu6050.o(i.MPU6050_GetData)
    MPU6050_Init                             0x080043df   Thumb Code    58  mpu6050.o(i.MPU6050_Init)
    MPU6050_ReadRegs                         0x08004419   Thumb Code    92  mpu6050.o(i.MPU6050_ReadRegs)
    MPU6050_WriteReg                         0x08004475   Thumb Code    48  mpu6050.o(i.MPU6050_WriteReg)
    MX_CAN_Init                              0x080044a5   Thumb Code    60  can.o(i.MX_CAN_Init)
    MX_GPIO_Init                             0x080044e9   Thumb Code   208  gpio.o(i.MX_GPIO_Init)
    MX_TIM1_Init                             0x080045c5   Thumb Code    96  tim.o(i.MX_TIM1_Init)
    MX_USART1_UART_Init                      0x0800462d   Thumb Code    48  usart.o(i.MX_USART1_UART_Init)
    MemManage_Handler                        0x08004665   Thumb Code     2  stm32f1xx_it.o(i.MemManage_Handler)
    MyCAN_Init                               0x08004669   Thumb Code    66  mycan.o(i.MyCAN_Init)
    MyCAN_Transmit                           0x080046b1   Thumb Code   124  mycan.o(i.MyCAN_Transmit)
    MyI2C_Init                               0x08004735   Thumb Code    78  mpu6050.o(i.MyI2C_Init)
    NMI_Handler                              0x0800478d   Thumb Code     2  stm32f1xx_it.o(i.NMI_Handler)
    OLED_Clear                               0x08004791   Thumb Code    34  oled.o(i.OLED_Clear)
    OLED_ClearArea                           0x080047b9   Thumb Code    86  oled.o(i.OLED_ClearArea)
    OLED_GPIO_Init                           0x08004815   Thumb Code    82  oled.o(i.OLED_GPIO_Init)
    OLED_I2C_SendByte                        0x08004871   Thumb Code    58  oled.o(i.OLED_I2C_SendByte)
    OLED_I2C_Start                           0x080048ab   Thumb Code    30  oled.o(i.OLED_I2C_Start)
    OLED_I2C_Stop                            0x080048c9   Thumb Code    24  oled.o(i.OLED_I2C_Stop)
    OLED_Init                                0x080048e1   Thumb Code   156  oled.o(i.OLED_Init)
    OLED_Printf                              0x0800497d   Thumb Code    42  oled.o(i.OLED_Printf)
    OLED_SetCursor                           0x080049a7   Thumb Code    34  oled.o(i.OLED_SetCursor)
    OLED_ShowChar                            0x080049c9   Thumb Code    52  oled.o(i.OLED_ShowChar)
    OLED_ShowImage                           0x08004a05   Thumb Code   182  oled.o(i.OLED_ShowImage)
    OLED_ShowString                          0x08004ac1   Thumb Code   356  oled.o(i.OLED_ShowString)
    OLED_Update                              0x08004c2d   Thumb Code    34  oled.o(i.OLED_Update)
    OLED_W_SCL                               0x08004c55   Thumb Code    16  oled.o(i.OLED_W_SCL)
    OLED_W_SDA                               0x08004c69   Thumb Code    16  oled.o(i.OLED_W_SDA)
    OLED_WriteCommand                        0x08004c7d   Thumb Code    34  oled.o(i.OLED_WriteCommand)
    OLED_WriteData                           0x08004c9f   Thumb Code    48  oled.o(i.OLED_WriteData)
    PendSV_Handler                           0x08004ccf   Thumb Code     2  stm32f1xx_it.o(i.PendSV_Handler)
    SVC_Handler                              0x08004cd1   Thumb Code     2  stm32f1xx_it.o(i.SVC_Handler)
    Serial_Init                              0x08004cd5   Thumb Code    10  serial.o(i.Serial_Init)
    Serial_Printf                            0x08004ce9   Thumb Code    28  serial.o(i.Serial_Printf)
    Serial_SendByte                          0x08004d05   Thumb Code    16  serial.o(i.Serial_SendByte)
    Serial_SendString                        0x08004d19   Thumb Code    20  serial.o(i.Serial_SendString)
    SysTick_Handler                          0x08004d2d   Thumb Code     4  stm32f1xx_it.o(i.SysTick_Handler)
    SystemClock_Config                       0x08004d31   Thumb Code    94  main.o(i.SystemClock_Config)
    SystemInit                               0x08004d8f   Thumb Code     2  system_stm32f1xx.o(i.SystemInit)
    TIM1_UP_IRQHandler                       0x08004d91   Thumb Code     6  stm32f1xx_it.o(i.TIM1_UP_IRQHandler)
    TIM_Base_SetConfig                       0x08004d9d   Thumb Code   108  stm32f1xx_hal_tim.o(i.TIM_Base_SetConfig)
    TIM_ETR_SetConfig                        0x08004e15   Thumb Code    20  stm32f1xx_hal_tim.o(i.TIM_ETR_SetConfig)
    UART_Start_Receive_IT                    0x08005059   Thumb Code    54  stm32f1xx_hal_uart.o(i.UART_Start_Receive_IT)
    USART1_IRQHandler                        0x08005091   Thumb Code     6  stm32f1xx_it.o(i.USART1_IRQHandler)
    UsageFault_Handler                       0x0800509d   Thumb Code     2  stm32f1xx_it.o(i.UsageFault_Handler)
    __ARM_fpclassify                         0x0800509f   Thumb Code    40  fpclassify.o(i.__ARM_fpclassify)
    __mathlib_dbl_overflow                   0x080050e7   Thumb Code    14  dunder.o(i.__mathlib_dbl_overflow)
    __mathlib_dbl_underflow                  0x080050f5   Thumb Code    10  dunder.o(i.__mathlib_dbl_underflow)
    __mathlib_narrow                         0x08005105   Thumb Code    16  narrow.o(i.__mathlib_narrow)
    __mathlib_tofloat                        0x08005115   Thumb Code   184  narrow.o(i.__mathlib_tofloat)
    __support_ldexp                          0x080051d1   Thumb Code    22  ldexp.o(i.__support_ldexp)
    _is_digit                                0x080051e7   Thumb Code    14  __printf_wp.o(i._is_digit)
    atof                                     0x080051f5   Thumb Code    42  atof.o(i.atof)
    disable_motor_mode                       0x08005221   Thumb Code    26  dm_motor_drv.o(i.disable_motor_mode)
    dm_motor_clear_para                      0x08005245   Thumb Code    16  dm_motor_drv.o(i.dm_motor_clear_para)
    dm_motor_disable                         0x08005255   Thumb Code    68  dm_motor_drv.o(i.dm_motor_disable)
    dm_motor_enable                          0x08005299   Thumb Code    56  dm_motor_drv.o(i.dm_motor_enable)
    enable_motor_mode                        0x080052d1   Thumb Code    26  dm_motor_drv.o(i.enable_motor_mode)
    frexp                                    0x080052f5   Thumb Code    80  frexp.o(i.frexp)
    ldexp                                    0x0800534d   Thumb Code   116  ldexp.o(i.ldexp)
    main                                     0x080053c1   Thumb Code   340  main.o(i.main)
    _get_lc_numeric                          0x0800553d   Thumb Code    44  lc_numeric_c.o(locale$$code)
    _get_lc_ctype                            0x08005569   Thumb Code    44  lc_ctype_c.o(locale$$code)
    __aeabi_d2f                              0x08005595   Thumb Code     0  d2f.o(x$fpl$d2f)
    _d2f                                     0x08005595   Thumb Code    98  d2f.o(x$fpl$d2f)
    __fpl_dcheck_NaN1                        0x080055f9   Thumb Code    10  dcheck1.o(x$fpl$dcheck1)
    __fpl_dcmp_Inf                           0x08005609   Thumb Code    24  dcmpi.o(x$fpl$dcmpinf)
    __aeabi_cdcmpeq                          0x08005621   Thumb Code     0  deqf.o(x$fpl$deqf)
    _dcmpeq                                  0x08005621   Thumb Code   120  deqf.o(x$fpl$deqf)
    __aeabi_cdcmple                          0x08005699   Thumb Code     0  dleqf.o(x$fpl$dleqf)
    _dcmple                                  0x08005699   Thumb Code   120  dleqf.o(x$fpl$dleqf)
    __fpl_dcmple_InfNaN                      0x080056fb   Thumb Code     0  dleqf.o(x$fpl$dleqf)
    __fpl_dnaninf                            0x08005711   Thumb Code   156  dnaninf.o(x$fpl$dnaninf)
    __fpl_dretinf                            0x080057ad   Thumb Code    12  dretinf.o(x$fpl$dretinf)
    __aeabi_cdrcmple                         0x080057b9   Thumb Code     0  drleqf.o(x$fpl$drleqf)
    _drcmple                                 0x080057b9   Thumb Code   108  drleqf.o(x$fpl$drleqf)
    __aeabi_f2d                              0x08005825   Thumb Code     0  f2d.o(x$fpl$f2d)
    _f2d                                     0x08005825   Thumb Code    86  f2d.o(x$fpl$f2d)
    __aeabi_i2f                              0x0800587d   Thumb Code     0  fflt_clz.o(x$fpl$fflt)
    _fflt                                    0x0800587d   Thumb Code    48  fflt_clz.o(x$fpl$fflt)
    __fpl_fnaninf                            0x080058ad   Thumb Code   140  fnaninf.o(x$fpl$fnaninf)
    __fpl_fretinf                            0x08005939   Thumb Code    10  fretinf.o(x$fpl$fretinf)
    __ieee_status                            0x08005943   Thumb Code     6  istatus.o(x$fpl$ieeestatus)
    _printf_fp_dec                           0x08005949   Thumb Code     4  printf1.o(x$fpl$printf1)
    _printf_fp_hex                           0x0800594d   Thumb Code     4  printf2.o(x$fpl$printf2)
    __fpl_return_NaN                         0x08005951   Thumb Code   100  retnan.o(x$fpl$retnan)
    __ARM_scalbn                             0x080059b5   Thumb Code    92  scalbn.o(x$fpl$scalbn)
    _scanf_real                              0x08005a11   Thumb Code     4  scanf1.o(x$fpl$scanf1)
    _scanf_hex_real                          0x08005a15   Thumb Code     4  scanf2.o(x$fpl$scanf2)
    _scanf_infnan                            0x08005a19   Thumb Code     4  scanf2.o(x$fpl$scanf2)
    __fpl_cmpreturn                          0x08005a1d   Thumb Code    48  trapv.o(x$fpl$trapveneer)
    __I$use$fp                               0x08005a4c   Number         0  usenofp.o(x$fpl$usenofp)
    AHBPrescTable                            0x08005a5e   Data          16  system_stm32f1xx.o(.constdata)
    APBPrescTable                            0x08005a6e   Data           8  system_stm32f1xx.o(.constdata)
    OLED_F8x16                               0x08005a76   Data        1520  oled_data.o(.constdata)
    OLED_F6x8                                0x08006066   Data         570  oled_data.o(.constdata)
    OLED_CF16x16                             0x080062a0   Data          37  oled_data.o(.constdata)
    Region$$Table$$Base                      0x080063c4   Number         0  anon$$obj.o(Region$$Table)
    Region$$Table$$Limit                     0x080063e4   Number         0  anon$$obj.o(Region$$Table)
    __aeabi_HUGE_VAL                         0x080063e4   Data           0  fpconst.o(c$$dinf)
    __aeabi_HUGE_VALL                        0x080063e4   Data           0  fpconst.o(c$$dinf)
    __aeabi_INFINITY                         0x080063e4   Data           0  fpconst.o(c$$dinf)
    __dInf                                   0x080063e4   Data           0  fpconst.o(c$$dinf)
    __huge_val                               0x080063e4   Data           0  fpconst.o(c$$dinf)
    __dbl_max                                0x080063ec   Data           0  fpconst.o(c$$dmax)
    __ctype                                  0x0800641d   Data           0  lc_ctype_c.o(locale$$data)
    AX                                       0x20000000   Data           2  main.o(.data)
    AY                                       0x20000002   Data           2  main.o(.data)
    AZ                                       0x20000004   Data           2  main.o(.data)
    GX                                       0x20000006   Data           2  main.o(.data)
    GY                                       0x20000008   Data           2  main.o(.data)
    GZ                                       0x2000000a   Data           2  main.o(.data)
    m1                                       0x2000000c   Data           4  main.o(.data)
    uwTickFreq                               0x20000010   Data           1  stm32f1xx_hal.o(.data)
    uwTickPrio                               0x20000014   Data           4  stm32f1xx_hal.o(.data)
    uwTick                                   0x20000018   Data           4  stm32f1xx_hal.o(.data)
    SystemCoreClock                          0x2000001c   Data           4  system_stm32f1xx.o(.data)
    Serial_RxFlag                            0x20000022   Data           1  serial.o(.data)
    Key_Flag                                 0x20000032   Data           4  key.o(.data)
    data                                     0x20000044   Data          20  main.o(.bss)
    hcan                                     0x20000058   Data          40  can.o(.bss)
    htim1                                    0x20000080   Data          72  tim.o(.bss)
    huart1                                   0x200000c8   Data          72  usart.o(.bss)
    OLED_DisplayBuf                          0x20000110   Data        1024  oled.o(.bss)
    Serial_RxPacket                          0x20000510   Data         100  serial.o(.bss)
    motor                                    0x20000574   Data        2760  dm_motor_ctrl.o(.bss)
    __libspace_start                         0x2000103c   Data          96  libspace.o(.bss)
    __temporary_stack_top$libspace           0x2000109c   Data           0  libspace.o(.bss)



==============================================================================

Memory Map of the image

  Image Entry point : 0x080000ed

  Load Region LR_IROM1 (Base: 0x08000000, Size: 0x00006564, Max: 0x00010000, ABSOLUTE)

    Execution Region ER_IROM1 (Exec base: 0x08000000, Load base: 0x08000000, Size: 0x00006520, Max: 0x00010000, ABSOLUTE)

    Exec Addr    Load Addr    Size         Type   Attr      Idx    E Section Name        Object

    0x08000000   0x08000000   0x000000ec   Data   RO            3    RESET               startup_stm32f103xb.o
    0x080000ec   0x080000ec   0x00000008   Code   RO         3973  * !!!main             c_w.l(__main.o)
    0x080000f4   0x080000f4   0x00000034   Code   RO         4488    !!!scatter          c_w.l(__scatter.o)
    0x08000128   0x08000128   0x0000001a   Code   RO         4490    !!handler_copy      c_w.l(__scatter_copy.o)
    0x08000142   0x08000142   0x00000002   PAD
    0x08000144   0x08000144   0x0000001c   Code   RO         4492    !!handler_zi        c_w.l(__scatter_zi.o)
    0x08000160   0x08000160   0x00000000   Code   RO         4140    .ARM.Collect$$_printf_percent$$00000000  c_w.l(_printf_percent.o)
    0x08000160   0x08000160   0x00000006   Code   RO         4129    .ARM.Collect$$_printf_percent$$00000001  c_w.l(_printf_n.o)
    0x08000166   0x08000166   0x00000006   Code   RO         4131    .ARM.Collect$$_printf_percent$$00000002  c_w.l(_printf_p.o)
    0x0800016c   0x0800016c   0x00000006   Code   RO         4136    .ARM.Collect$$_printf_percent$$00000003  c_w.l(_printf_f.o)
    0x08000172   0x08000172   0x00000006   Code   RO         4137    .ARM.Collect$$_printf_percent$$00000004  c_w.l(_printf_e.o)
    0x08000178   0x08000178   0x00000006   Code   RO         4138    .ARM.Collect$$_printf_percent$$00000005  c_w.l(_printf_g.o)
    0x0800017e   0x0800017e   0x00000006   Code   RO         4139    .ARM.Collect$$_printf_percent$$00000006  c_w.l(_printf_a.o)
    0x08000184   0x08000184   0x0000000a   Code   RO         4144    .ARM.Collect$$_printf_percent$$00000007  c_w.l(_printf_ll.o)
    0x0800018e   0x0800018e   0x00000006   Code   RO         4133    .ARM.Collect$$_printf_percent$$00000008  c_w.l(_printf_i.o)
    0x08000194   0x08000194   0x00000006   Code   RO         4134    .ARM.Collect$$_printf_percent$$00000009  c_w.l(_printf_d.o)
    0x0800019a   0x0800019a   0x00000006   Code   RO         4135    .ARM.Collect$$_printf_percent$$0000000A  c_w.l(_printf_u.o)
    0x080001a0   0x080001a0   0x00000006   Code   RO         4132    .ARM.Collect$$_printf_percent$$0000000B  c_w.l(_printf_o.o)
    0x080001a6   0x080001a6   0x00000006   Code   RO         4130    .ARM.Collect$$_printf_percent$$0000000C  c_w.l(_printf_x.o)
    0x080001ac   0x080001ac   0x00000006   Code   RO         4141    .ARM.Collect$$_printf_percent$$0000000D  c_w.l(_printf_lli.o)
    0x080001b2   0x080001b2   0x00000006   Code   RO         4142    .ARM.Collect$$_printf_percent$$0000000E  c_w.l(_printf_lld.o)
    0x080001b8   0x080001b8   0x00000006   Code   RO         4143    .ARM.Collect$$_printf_percent$$0000000F  c_w.l(_printf_llu.o)
    0x080001be   0x080001be   0x00000006   Code   RO         4148    .ARM.Collect$$_printf_percent$$00000010  c_w.l(_printf_llo.o)
    0x080001c4   0x080001c4   0x00000006   Code   RO         4149    .ARM.Collect$$_printf_percent$$00000011  c_w.l(_printf_llx.o)
    0x080001ca   0x080001ca   0x0000000a   Code   RO         4145    .ARM.Collect$$_printf_percent$$00000012  c_w.l(_printf_l.o)
    0x080001d4   0x080001d4   0x00000006   Code   RO         4127    .ARM.Collect$$_printf_percent$$00000013  c_w.l(_printf_c.o)
    0x080001da   0x080001da   0x00000006   Code   RO         4128    .ARM.Collect$$_printf_percent$$00000014  c_w.l(_printf_s.o)
    0x080001e0   0x080001e0   0x00000006   Code   RO         4146    .ARM.Collect$$_printf_percent$$00000015  c_w.l(_printf_lc.o)
    0x080001e6   0x080001e6   0x00000006   Code   RO         4147    .ARM.Collect$$_printf_percent$$00000016  c_w.l(_printf_ls.o)
    0x080001ec   0x080001ec   0x00000004   Code   RO         4243    .ARM.Collect$$_printf_percent$$00000017  c_w.l(_printf_percent_end.o)
    0x080001f0   0x080001f0   0x00000002   Code   RO         4315    .ARM.Collect$$libinit$$00000000  c_w.l(libinit.o)
    0x080001f2   0x080001f2   0x00000000   Code   RO         4317    .ARM.Collect$$libinit$$00000002  c_w.l(libinit2.o)
    0x080001f2   0x080001f2   0x00000000   Code   RO         4319    .ARM.Collect$$libinit$$00000004  c_w.l(libinit2.o)
    0x080001f2   0x080001f2   0x00000000   Code   RO         4322    .ARM.Collect$$libinit$$0000000A  c_w.l(libinit2.o)
    0x080001f2   0x080001f2   0x00000000   Code   RO         4324    .ARM.Collect$$libinit$$0000000C  c_w.l(libinit2.o)
    0x080001f2   0x080001f2   0x00000000   Code   RO         4326    .ARM.Collect$$libinit$$0000000E  c_w.l(libinit2.o)
    0x080001f2   0x080001f2   0x00000006   Code   RO         4327    .ARM.Collect$$libinit$$0000000F  c_w.l(libinit2.o)
    0x080001f8   0x080001f8   0x00000000   Code   RO         4329    .ARM.Collect$$libinit$$00000011  c_w.l(libinit2.o)
    0x080001f8   0x080001f8   0x0000000c   Code   RO         4330    .ARM.Collect$$libinit$$00000012  c_w.l(libinit2.o)
    0x08000204   0x08000204   0x00000000   Code   RO         4331    .ARM.Collect$$libinit$$00000013  c_w.l(libinit2.o)
    0x08000204   0x08000204   0x00000000   Code   RO         4333    .ARM.Collect$$libinit$$00000015  c_w.l(libinit2.o)
    0x08000204   0x08000204   0x0000000a   Code   RO         4334    .ARM.Collect$$libinit$$00000016  c_w.l(libinit2.o)
    0x0800020e   0x0800020e   0x00000000   Code   RO         4335    .ARM.Collect$$libinit$$00000017  c_w.l(libinit2.o)
    0x0800020e   0x0800020e   0x00000000   Code   RO         4337    .ARM.Collect$$libinit$$00000019  c_w.l(libinit2.o)
    0x0800020e   0x0800020e   0x00000000   Code   RO         4339    .ARM.Collect$$libinit$$0000001B  c_w.l(libinit2.o)
    0x0800020e   0x0800020e   0x00000000   Code   RO         4341    .ARM.Collect$$libinit$$0000001D  c_w.l(libinit2.o)
    0x0800020e   0x0800020e   0x00000000   Code   RO         4343    .ARM.Collect$$libinit$$0000001F  c_w.l(libinit2.o)
    0x0800020e   0x0800020e   0x00000000   Code   RO         4345    .ARM.Collect$$libinit$$00000021  c_w.l(libinit2.o)
    0x0800020e   0x0800020e   0x00000000   Code   RO         4347    .ARM.Collect$$libinit$$00000023  c_w.l(libinit2.o)
    0x0800020e   0x0800020e   0x00000000   Code   RO         4349    .ARM.Collect$$libinit$$00000025  c_w.l(libinit2.o)
    0x0800020e   0x0800020e   0x00000000   Code   RO         4353    .ARM.Collect$$libinit$$0000002C  c_w.l(libinit2.o)
    0x0800020e   0x0800020e   0x00000000   Code   RO         4355    .ARM.Collect$$libinit$$0000002E  c_w.l(libinit2.o)
    0x0800020e   0x0800020e   0x00000000   Code   RO         4357    .ARM.Collect$$libinit$$00000030  c_w.l(libinit2.o)
    0x0800020e   0x0800020e   0x00000000   Code   RO         4359    .ARM.Collect$$libinit$$00000032  c_w.l(libinit2.o)
    0x0800020e   0x0800020e   0x00000002   Code   RO         4360    .ARM.Collect$$libinit$$00000033  c_w.l(libinit2.o)
    0x08000210   0x08000210   0x00000002   Code   RO         4422    .ARM.Collect$$libshutdown$$00000000  c_w.l(libshutdown.o)
    0x08000212   0x08000212   0x00000000   Code   RO         4445    .ARM.Collect$$libshutdown$$00000002  c_w.l(libshutdown2.o)
    0x08000212   0x08000212   0x00000000   Code   RO         4447    .ARM.Collect$$libshutdown$$00000004  c_w.l(libshutdown2.o)
    0x08000212   0x08000212   0x00000000   Code   RO         4449    .ARM.Collect$$libshutdown$$00000006  c_w.l(libshutdown2.o)
    0x08000212   0x08000212   0x00000000   Code   RO         4452    .ARM.Collect$$libshutdown$$00000009  c_w.l(libshutdown2.o)
    0x08000212   0x08000212   0x00000000   Code   RO         4455    .ARM.Collect$$libshutdown$$0000000C  c_w.l(libshutdown2.o)
    0x08000212   0x08000212   0x00000000   Code   RO         4457    .ARM.Collect$$libshutdown$$0000000E  c_w.l(libshutdown2.o)
    0x08000212   0x08000212   0x00000000   Code   RO         4460    .ARM.Collect$$libshutdown$$00000011  c_w.l(libshutdown2.o)
    0x08000212   0x08000212   0x00000002   Code   RO         4461    .ARM.Collect$$libshutdown$$00000012  c_w.l(libshutdown2.o)
    0x08000214   0x08000214   0x00000000   Code   RO         4051    .ARM.Collect$$rtentry$$00000000  c_w.l(__rtentry.o)
    0x08000214   0x08000214   0x00000000   Code   RO         4210    .ARM.Collect$$rtentry$$00000002  c_w.l(__rtentry2.o)
    0x08000214   0x08000214   0x00000006   Code   RO         4222    .ARM.Collect$$rtentry$$00000004  c_w.l(__rtentry4.o)
    0x0800021a   0x0800021a   0x00000000   Code   RO         4212    .ARM.Collect$$rtentry$$00000009  c_w.l(__rtentry2.o)
    0x0800021a   0x0800021a   0x00000004   Code   RO         4213    .ARM.Collect$$rtentry$$0000000A  c_w.l(__rtentry2.o)
    0x0800021e   0x0800021e   0x00000000   Code   RO         4215    .ARM.Collect$$rtentry$$0000000C  c_w.l(__rtentry2.o)
    0x0800021e   0x0800021e   0x00000008   Code   RO         4216    .ARM.Collect$$rtentry$$0000000D  c_w.l(__rtentry2.o)
    0x08000226   0x08000226   0x00000002   Code   RO         4367    .ARM.Collect$$rtexit$$00000000  c_w.l(rtexit.o)
    0x08000228   0x08000228   0x00000000   Code   RO         4390    .ARM.Collect$$rtexit$$00000002  c_w.l(rtexit2.o)
    0x08000228   0x08000228   0x00000004   Code   RO         4391    .ARM.Collect$$rtexit$$00000003  c_w.l(rtexit2.o)
    0x0800022c   0x0800022c   0x00000006   Code   RO         4392    .ARM.Collect$$rtexit$$00000004  c_w.l(rtexit2.o)
    0x08000232   0x08000232   0x00000002   PAD
    0x08000234   0x08000234   0x00000040   Code   RO            4    .text               startup_stm32f103xb.o
    0x08000274   0x08000274   0x00000024   Code   RO         3960    .text               c_w.l(vsprintf.o)
    0x08000298   0x08000298   0x0000001a   Code   RO         3962    .text               c_w.l(atoi.o)
    0x080002b2   0x080002b2   0x00000002   PAD
    0x080002b4   0x080002b4   0x0000000c   Code   RO         3964    .text               c_w.l(strtok.o)
    0x080002c0   0x080002c0   0x0000004e   Code   RO         3967    .text               c_w.l(rt_memclr_w.o)
    0x0800030e   0x0800030e   0x00000002   PAD
    0x08000310   0x08000310   0x00000080   Code   RO         3969    .text               c_w.l(strcmpv7m.o)
    0x08000390   0x08000390   0x00000006   Code   RO         3971    .text               c_w.l(heapauxi.o)
    0x08000396   0x08000396   0x00000002   PAD
    0x08000398   0x08000398   0x00000008   Code   RO         4055    .text               c_w.l(rt_errno_addr_intlibspace.o)
    0x080003a0   0x080003a0   0x00000016   Code   RO         4057    .text               c_w.l(_rserrno.o)
    0x080003b6   0x080003b6   0x0000004e   Code   RO         4061    .text               c_w.l(_printf_pad.o)
    0x08000404   0x08000404   0x00000024   Code   RO         4063    .text               c_w.l(_printf_truncate.o)
    0x08000428   0x08000428   0x00000052   Code   RO         4065    .text               c_w.l(_printf_str.o)
    0x0800047a   0x0800047a   0x00000002   PAD
    0x0800047c   0x0800047c   0x00000078   Code   RO         4067    .text               c_w.l(_printf_dec.o)
    0x080004f4   0x080004f4   0x00000028   Code   RO         4069    .text               c_w.l(_printf_charcount.o)
    0x0800051c   0x0800051c   0x00000030   Code   RO         4071    .text               c_w.l(_printf_char_common.o)
    0x0800054c   0x0800054c   0x0000000a   Code   RO         4073    .text               c_w.l(_sputc.o)
    0x08000556   0x08000556   0x00000002   PAD
    0x08000558   0x08000558   0x000000bc   Code   RO         4075    .text               c_w.l(_printf_wctomb.o)
    0x08000614   0x08000614   0x0000007c   Code   RO         4078    .text               c_w.l(_printf_longlong_dec.o)
    0x08000690   0x08000690   0x00000070   Code   RO         4084    .text               c_w.l(_printf_oct_int_ll.o)
    0x08000700   0x08000700   0x00000094   Code   RO         4104    .text               c_w.l(_printf_hex_int_ll_ptr.o)
    0x08000794   0x08000794   0x00000188   Code   RO         4124    .text               c_w.l(__printf_flags_ss_wp.o)
    0x0800091c   0x0800091c   0x000000a4   Code   RO         4150    .text               c_w.l(strtod.o)
    0x080009c0   0x080009c0   0x00000070   Code   RO         4152    .text               c_w.l(strtol.o)
    0x08000a30   0x08000a30   0x00000044   Code   RO         4154    .text               c_w.l(strtok_int.o)
    0x08000a74   0x08000a74   0x00000008   Code   RO         4206    .text               c_w.l(libspace.o)
    0x08000a7c   0x08000a7c   0x00000010   Code   RO         4224    .text               c_w.l(rt_ctype_table.o)
    0x08000a8c   0x08000a8c   0x0000008a   Code   RO         4226    .text               c_w.l(lludiv10.o)
    0x08000b16   0x08000b16   0x00000012   Code   RO         4228    .text               c_w.l(isspace.o)
    0x08000b28   0x08000b28   0x000000b2   Code   RO         4230    .text               c_w.l(_printf_intcommon.o)
    0x08000bda   0x08000bda   0x0000041e   Code   RO         4232    .text               c_w.l(_printf_fp_dec.o)
    0x08000ff8   0x08000ff8   0x000002fc   Code   RO         4234    .text               c_w.l(_printf_fp_hex.o)
    0x080012f4   0x080012f4   0x0000002c   Code   RO         4239    .text               c_w.l(_printf_char.o)
    0x08001320   0x08001320   0x0000002c   Code   RO         4241    .text               c_w.l(_printf_wchar.o)
    0x0800134c   0x0800134c   0x00000040   Code   RO         4244    .text               c_w.l(_sgetc.o)
    0x0800138c   0x0800138c   0x0000009e   Code   RO         4246    .text               c_w.l(_strtoul.o)
    0x0800142a   0x0800142a   0x00000040   Code   RO         4248    .text               c_w.l(_wcrtomb.o)
    0x0800146a   0x0800146a   0x00000020   Code   RO         4253    .text               c_w.l(strcspn.o)
    0x0800148a   0x0800148a   0x0000001c   Code   RO         4255    .text               c_w.l(strspn.o)
    0x080014a6   0x080014a6   0x0000004a   Code   RO         4267    .text               c_w.l(sys_stackheap_outer.o)
    0x080014f0   0x080014f0   0x00000008   Code   RO         4272    .text               c_w.l(rt_locale_intlibspace.o)
    0x080014f8   0x080014f8   0x00000080   Code   RO         4274    .text               c_w.l(_printf_fp_infnan.o)
    0x08001578   0x08001578   0x0000001c   Code   RO         4276    .text               c_w.l(_chval.o)
    0x08001594   0x08001594   0x000004f8   Code   RO         4278    .text               c_w.l(scanf_fp.o)
    0x08001a8c   0x08001a8c   0x000000e4   Code   RO         4280    .text               c_w.l(bigflt0.o)
    0x08001b70   0x08001b70   0x00000012   Code   RO         4308    .text               c_w.l(exit.o)
    0x08001b82   0x08001b82   0x00000002   PAD
    0x08001b84   0x08001b84   0x00000320   Code   RO         4396    .text               c_w.l(scanf_hexfp.o)
    0x08001ea4   0x08001ea4   0x00000134   Code   RO         4398    .text               c_w.l(scanf_infnan.o)
    0x08001fd8   0x08001fd8   0x0000000c   Code   RO         4410    .text               c_w.l(sys_exit.o)
    0x08001fe4   0x08001fe4   0x00000026   Code   RO         4414    .text               c_w.l(llshl.o)
    0x0800200a   0x0800200a   0x00000002   Code   RO         4435    .text               c_w.l(use_no_semi.o)
    0x0800200c   0x0800200c   0x00000000   Code   RO         4437    .text               c_w.l(indicate_semi.o)
    0x0800200c   0x0800200c   0x0000003e   Code   RO         4283    CL$$btod_d2e        c_w.l(btod.o)
    0x0800204a   0x0800204a   0x00000046   Code   RO         4285    CL$$btod_d2e_denorm_low  c_w.l(btod.o)
    0x08002090   0x08002090   0x00000060   Code   RO         4284    CL$$btod_d2e_norm_op1  c_w.l(btod.o)
    0x080020f0   0x080020f0   0x00000338   Code   RO         4293    CL$$btod_div_common  c_w.l(btod.o)
    0x08002428   0x08002428   0x00000084   Code   RO         4291    CL$$btod_e2d        c_w.l(btod.o)
    0x080024ac   0x080024ac   0x000000dc   Code   RO         4290    CL$$btod_e2e        c_w.l(btod.o)
    0x08002588   0x08002588   0x0000002a   Code   RO         4287    CL$$btod_ediv       c_w.l(btod.o)
    0x080025b2   0x080025b2   0x0000002a   Code   RO         4289    CL$$btod_edivd      c_w.l(btod.o)
    0x080025dc   0x080025dc   0x0000002a   Code   RO         4286    CL$$btod_emul       c_w.l(btod.o)
    0x08002606   0x08002606   0x0000002a   Code   RO         4288    CL$$btod_emuld      c_w.l(btod.o)
    0x08002630   0x08002630   0x00000244   Code   RO         4292    CL$$btod_mult_common  c_w.l(btod.o)
    0x08002874   0x08002874   0x00000002   Code   RO          368    i.BusFault_Handler  stm32f1xx_it.o
    0x08002876   0x08002876   0x00000002   PAD
    0x08002878   0x08002878   0x000003d8   Code   RO         3550    i.Control_Rx        control.o
    0x08002c50   0x08002c50   0x00000002   Code   RO          369    i.DebugMon_Handler  stm32f1xx_it.o
    0x08002c52   0x08002c52   0x00000004   Code   RO           13    i.Error_Handler     main.o
    0x08002c56   0x08002c56   0x000000d0   Code   RO          524    i.HAL_CAN_AddTxMessage  stm32f1xx_hal_can.o
    0x08002d26   0x08002d26   0x00000002   PAD
    0x08002d28   0x08002d28   0x000000ee   Code   RO          525    i.HAL_CAN_ConfigFilter  stm32f1xx_hal_can.o
    0x08002e16   0x08002e16   0x0000011a   Code   RO          536    i.HAL_CAN_Init      stm32f1xx_hal_can.o
    0x08002f30   0x08002f30   0x0000006c   Code   RO          243    i.HAL_CAN_MspInit   can.o
    0x08002f9c   0x08002f9c   0x00000058   Code   RO          548    i.HAL_CAN_Start     stm32f1xx_hal_can.o
    0x08002ff4   0x08002ff4   0x00000046   Code   RO         1137    i.HAL_DMA_Abort     stm32f1xx_hal_dma.o
    0x0800303a   0x0800303a   0x00000002   PAD
    0x0800303c   0x0800303c   0x00000098   Code   RO         1138    i.HAL_DMA_Abort_IT  stm32f1xx_hal_dma.o
    0x080030d4   0x080030d4   0x000001e0   Code   RO         1073    i.HAL_GPIO_Init     stm32f1xx_hal_gpio.o
    0x080032b4   0x080032b4   0x0000000a   Code   RO         1075    i.HAL_GPIO_ReadPin  stm32f1xx_hal_gpio.o
    0x080032be   0x080032be   0x0000000a   Code   RO         1077    i.HAL_GPIO_WritePin  stm32f1xx_hal_gpio.o
    0x080032c8   0x080032c8   0x0000000c   Code   RO          767    i.HAL_GetTick       stm32f1xx_hal.o
    0x080032d4   0x080032d4   0x00000010   Code   RO          773    i.HAL_IncTick       stm32f1xx_hal.o
    0x080032e4   0x080032e4   0x00000024   Code   RO          774    i.HAL_Init          stm32f1xx_hal.o
    0x08003308   0x08003308   0x00000040   Code   RO          775    i.HAL_InitTick      stm32f1xx_hal.o
    0x08003348   0x08003348   0x0000003c   Code   RO          462    i.HAL_MspInit       stm32f1xx_hal_msp.o
    0x08003384   0x08003384   0x0000001a   Code   RO         1233    i.HAL_NVIC_EnableIRQ  stm32f1xx_hal_cortex.o
    0x0800339e   0x0800339e   0x00000002   PAD
    0x080033a0   0x080033a0   0x00000040   Code   RO         1239    i.HAL_NVIC_SetPriority  stm32f1xx_hal_cortex.o
    0x080033e0   0x080033e0   0x00000024   Code   RO         1240    i.HAL_NVIC_SetPriorityGrouping  stm32f1xx_hal_cortex.o
    0x08003404   0x08003404   0x0000012c   Code   RO          931    i.HAL_RCC_ClockConfig  stm32f1xx_hal_rcc.o
    0x08003530   0x08003530   0x00000020   Code   RO          938    i.HAL_RCC_GetPCLK1Freq  stm32f1xx_hal_rcc.o
    0x08003550   0x08003550   0x00000020   Code   RO          939    i.HAL_RCC_GetPCLK2Freq  stm32f1xx_hal_rcc.o
    0x08003570   0x08003570   0x0000004c   Code   RO          940    i.HAL_RCC_GetSysClockFreq  stm32f1xx_hal_rcc.o
    0x080035bc   0x080035bc   0x00000320   Code   RO          943    i.HAL_RCC_OscConfig  stm32f1xx_hal_rcc.o
    0x080038dc   0x080038dc   0x00000028   Code   RO         1244    i.HAL_SYSTICK_Config  stm32f1xx_hal_cortex.o
    0x08003904   0x08003904   0x00000002   Code   RO         2439    i.HAL_TIMEx_BreakCallback  stm32f1xx_hal_tim_ex.o
    0x08003906   0x08003906   0x00000002   Code   RO         2440    i.HAL_TIMEx_CommutCallback  stm32f1xx_hal_tim_ex.o
    0x08003908   0x08003908   0x00000068   Code   RO         2458    i.HAL_TIMEx_MasterConfigSynchronization  stm32f1xx_hal_tim_ex.o
    0x08003970   0x08003970   0x0000005a   Code   RO         1735    i.HAL_TIM_Base_Init  stm32f1xx_hal_tim.o
    0x080039ca   0x080039ca   0x00000002   PAD
    0x080039cc   0x080039cc   0x0000003c   Code   RO          285    i.HAL_TIM_Base_MspInit  tim.o
    0x08003a08   0x08003a08   0x00000058   Code   RO         1740    i.HAL_TIM_Base_Start_IT  stm32f1xx_hal_tim.o
    0x08003a60   0x08003a60   0x000000dc   Code   RO         1744    i.HAL_TIM_ConfigClockSource  stm32f1xx_hal_tim.o
    0x08003b3c   0x08003b3c   0x00000002   Code   RO         1769    i.HAL_TIM_IC_CaptureCallback  stm32f1xx_hal_tim.o
    0x08003b3e   0x08003b3e   0x00000130   Code   RO         1783    i.HAL_TIM_IRQHandler  stm32f1xx_hal_tim.o
    0x08003c6e   0x08003c6e   0x00000002   Code   RO         1786    i.HAL_TIM_OC_DelayElapsedCallback  stm32f1xx_hal_tim.o
    0x08003c70   0x08003c70   0x00000002   Code   RO         1813    i.HAL_TIM_PWM_PulseFinishedCallback  stm32f1xx_hal_tim.o
    0x08003c72   0x08003c72   0x00000002   PAD
    0x08003c74   0x08003c74   0x00000014   Code   RO           15    i.HAL_TIM_PeriodElapsedCallback  main.o
    0x08003c88   0x08003c88   0x00000002   Code   RO         1826    i.HAL_TIM_TriggerCallback  stm32f1xx_hal_tim.o
    0x08003c8a   0x08003c8a   0x00000002   Code   RO         2718    i.HAL_UARTEx_RxEventCallback  stm32f1xx_hal_uart.o
    0x08003c8c   0x08003c8c   0x00000002   Code   RO         2732    i.HAL_UART_ErrorCallback  stm32f1xx_hal_uart.o
    0x08003c8e   0x08003c8e   0x00000002   PAD
    0x08003c90   0x08003c90   0x0000026c   Code   RO         2735    i.HAL_UART_IRQHandler  stm32f1xx_hal_uart.o
    0x08003efc   0x08003efc   0x00000064   Code   RO         2736    i.HAL_UART_Init     stm32f1xx_hal_uart.o
    0x08003f60   0x08003f60   0x00000084   Code   RO          327    i.HAL_UART_MspInit  usart.o
    0x08003fe4   0x08003fe4   0x0000001c   Code   RO         2741    i.HAL_UART_Receive_IT  stm32f1xx_hal_uart.o
    0x08004000   0x08004000   0x00000064   Code   RO         3476    i.HAL_UART_RxCpltCallback  serial.o
    0x08004064   0x08004064   0x00000002   Code   RO         2747    i.HAL_UART_TxCpltCallback  stm32f1xx_hal_uart.o
    0x08004066   0x08004066   0x00000002   Code   RO          370    i.HardFault_Handler  stm32f1xx_it.o
    0x08004068   0x08004068   0x00000018   Code   RO         3368    i.I2C_R_SDA         mpu6050.o
    0x08004080   0x08004080   0x0000001e   Code   RO         3369    i.I2C_ReceiveAck    mpu6050.o
    0x0800409e   0x0800409e   0x00000032   Code   RO         3370    i.I2C_ReceiveByte   mpu6050.o
    0x080040d0   0x080040d0   0x00000020   Code   RO         3371    i.I2C_SendAck       mpu6050.o
    0x080040f0   0x080040f0   0x0000002c   Code   RO         3372    i.I2C_SendByte      mpu6050.o
    0x0800411c   0x0800411c   0x0000001e   Code   RO         3373    i.I2C_Start         mpu6050.o
    0x0800413a   0x0800413a   0x00000018   Code   RO         3374    i.I2C_Stop          mpu6050.o
    0x08004152   0x08004152   0x00000002   PAD
    0x08004154   0x08004154   0x00000018   Code   RO         3375    i.I2C_W_SCL         mpu6050.o
    0x0800416c   0x0800416c   0x00000018   Code   RO         3376    i.I2C_W_SDA         mpu6050.o
    0x08004184   0x08004184   0x00000020   Code   RO         3578    i.Key_Check         key.o
    0x080041a4   0x080041a4   0x00000040   Code   RO         3579    i.Key_GetState      key.o
    0x080041e4   0x080041e4   0x00000148   Code   RO         3580    i.Key_Tick          key.o
    0x0800432c   0x0800432c   0x00000010   Code   RO         3620    i.LED1_OFF          led.o
    0x0800433c   0x0800433c   0x00000010   Code   RO         3621    i.LED1_ON           led.o
    0x0800434c   0x0800434c   0x00000010   Code   RO         3623    i.LED2_OFF          led.o
    0x0800435c   0x0800435c   0x00000010   Code   RO         3624    i.LED2_ON           led.o
    0x0800436c   0x0800436c   0x00000010   Code   RO         3626    i.LED3_OFF          led.o
    0x0800437c   0x0800437c   0x00000010   Code   RO         3627    i.LED3_ON           led.o
    0x0800438c   0x0800438c   0x00000052   Code   RO         3377    i.MPU6050_GetData   mpu6050.o
    0x080043de   0x080043de   0x0000003a   Code   RO         3379    i.MPU6050_Init      mpu6050.o
    0x08004418   0x08004418   0x0000005c   Code   RO         3381    i.MPU6050_ReadRegs  mpu6050.o
    0x08004474   0x08004474   0x00000030   Code   RO         3382    i.MPU6050_WriteReg  mpu6050.o
    0x080044a4   0x080044a4   0x00000044   Code   RO          244    i.MX_CAN_Init       can.o
    0x080044e8   0x080044e8   0x000000dc   Code   RO          218    i.MX_GPIO_Init      gpio.o
    0x080045c4   0x080045c4   0x00000068   Code   RO          286    i.MX_TIM1_Init      tim.o
    0x0800462c   0x0800462c   0x00000038   Code   RO          328    i.MX_USART1_UART_Init  usart.o
    0x08004664   0x08004664   0x00000002   Code   RO          371    i.MemManage_Handler  stm32f1xx_it.o
    0x08004666   0x08004666   0x00000002   PAD
    0x08004668   0x08004668   0x00000048   Code   RO         3713    i.MyCAN_Init        mycan.o
    0x080046b0   0x080046b0   0x00000084   Code   RO         3716    i.MyCAN_Transmit    mycan.o
    0x08004734   0x08004734   0x00000058   Code   RO         3383    i.MyI2C_Init        mpu6050.o
    0x0800478c   0x0800478c   0x00000002   Code   RO          372    i.NMI_Handler       stm32f1xx_it.o
    0x0800478e   0x0800478e   0x00000002   PAD
    0x08004790   0x08004790   0x00000028   Code   RO         3107    i.OLED_Clear        oled.o
    0x080047b8   0x080047b8   0x0000005c   Code   RO         3108    i.OLED_ClearArea    oled.o
    0x08004814   0x08004814   0x0000005c   Code   RO         3116    i.OLED_GPIO_Init    oled.o
    0x08004870   0x08004870   0x0000003a   Code   RO         3118    i.OLED_I2C_SendByte  oled.o
    0x080048aa   0x080048aa   0x0000001e   Code   RO         3119    i.OLED_I2C_Start    oled.o
    0x080048c8   0x080048c8   0x00000018   Code   RO         3120    i.OLED_I2C_Stop     oled.o
    0x080048e0   0x080048e0   0x0000009c   Code   RO         3121    i.OLED_Init         oled.o
    0x0800497c   0x0800497c   0x0000002a   Code   RO         3124    i.OLED_Printf       oled.o
    0x080049a6   0x080049a6   0x00000022   Code   RO         3127    i.OLED_SetCursor    oled.o
    0x080049c8   0x080049c8   0x0000003c   Code   RO         3129    i.OLED_ShowChar     oled.o
    0x08004a04   0x08004a04   0x000000bc   Code   RO         3132    i.OLED_ShowImage    oled.o
    0x08004ac0   0x08004ac0   0x0000016c   Code   RO         3135    i.OLED_ShowString   oled.o
    0x08004c2c   0x08004c2c   0x00000028   Code   RO         3136    i.OLED_Update       oled.o
    0x08004c54   0x08004c54   0x00000014   Code   RO         3138    i.OLED_W_SCL        oled.o
    0x08004c68   0x08004c68   0x00000014   Code   RO         3139    i.OLED_W_SDA        oled.o
    0x08004c7c   0x08004c7c   0x00000022   Code   RO         3140    i.OLED_WriteCommand  oled.o
    0x08004c9e   0x08004c9e   0x00000030   Code   RO         3141    i.OLED_WriteData    oled.o
    0x08004cce   0x08004cce   0x00000002   Code   RO          373    i.PendSV_Handler    stm32f1xx_it.o
    0x08004cd0   0x08004cd0   0x00000002   Code   RO          374    i.SVC_Handler       stm32f1xx_it.o
    0x08004cd2   0x08004cd2   0x00000002   PAD
    0x08004cd4   0x08004cd4   0x00000014   Code   RO         3477    i.Serial_Init       serial.o
    0x08004ce8   0x08004ce8   0x0000001c   Code   RO         3479    i.Serial_Printf     serial.o
    0x08004d04   0x08004d04   0x00000014   Code   RO         3481    i.Serial_SendByte   serial.o
    0x08004d18   0x08004d18   0x00000014   Code   RO         3483    i.Serial_SendString  serial.o
    0x08004d2c   0x08004d2c   0x00000004   Code   RO          375    i.SysTick_Handler   stm32f1xx_it.o
    0x08004d30   0x08004d30   0x0000005e   Code   RO           16    i.SystemClock_Config  main.o
    0x08004d8e   0x08004d8e   0x00000002   Code   RO         3070    i.SystemInit        system_stm32f1xx.o
    0x08004d90   0x08004d90   0x0000000c   Code   RO          377    i.TIM1_UP_IRQHandler  stm32f1xx_it.o
    0x08004d9c   0x08004d9c   0x00000078   Code   RO         1828    i.TIM_Base_SetConfig  stm32f1xx_hal_tim.o
    0x08004e14   0x08004e14   0x00000014   Code   RO         1839    i.TIM_ETR_SetConfig  stm32f1xx_hal_tim.o
    0x08004e28   0x08004e28   0x00000010   Code   RO         1840    i.TIM_ITRx_SetConfig  stm32f1xx_hal_tim.o
    0x08004e38   0x08004e38   0x00000022   Code   RO         1846    i.TIM_TI1_ConfigInputStage  stm32f1xx_hal_tim.o
    0x08004e5a   0x08004e5a   0x00000024   Code   RO         1848    i.TIM_TI2_ConfigInputStage  stm32f1xx_hal_tim.o
    0x08004e7e   0x08004e7e   0x00000010   Code   RO         2749    i.UART_DMAAbortOnError  stm32f1xx_hal_uart.o
    0x08004e8e   0x08004e8e   0x0000004e   Code   RO         2759    i.UART_EndRxTransfer  stm32f1xx_hal_uart.o
    0x08004edc   0x08004edc   0x000000c2   Code   RO         2761    i.UART_Receive_IT   stm32f1xx_hal_uart.o
    0x08004f9e   0x08004f9e   0x00000002   PAD
    0x08004fa0   0x08004fa0   0x000000b8   Code   RO         2762    i.UART_SetConfig    stm32f1xx_hal_uart.o
    0x08005058   0x08005058   0x00000036   Code   RO         2764    i.UART_Start_Receive_IT  stm32f1xx_hal_uart.o
    0x0800508e   0x0800508e   0x00000002   PAD
    0x08005090   0x08005090   0x0000000c   Code   RO          378    i.USART1_IRQHandler  stm32f1xx_it.o
    0x0800509c   0x0800509c   0x00000002   Code   RO          379    i.UsageFault_Handler  stm32f1xx_it.o
    0x0800509e   0x0800509e   0x00000028   Code   RO         4263    i.__ARM_fpclassify  m_ws.l(fpclassify.o)
    0x080050c6   0x080050c6   0x00000020   Code   RO         1246    i.__NVIC_SetPriority  stm32f1xx_hal_cortex.o
    0x080050e6   0x080050e6   0x0000000e   Code   RO         4195    i.__mathlib_dbl_overflow  m_ws.l(dunder.o)
    0x080050f4   0x080050f4   0x00000010   Code   RO         4197    i.__mathlib_dbl_underflow  m_ws.l(dunder.o)
    0x08005104   0x08005104   0x00000010   Code   RO         4383    i.__mathlib_narrow  m_ws.l(narrow.o)
    0x08005114   0x08005114   0x000000bc   Code   RO         4384    i.__mathlib_tofloat  m_ws.l(narrow.o)
    0x080051d0   0x080051d0   0x00000016   Code   RO         4424    i.__support_ldexp   m_ws.l(ldexp.o)
    0x080051e6   0x080051e6   0x0000000e   Code   RO         4117    i._is_digit         c_w.l(__printf_wp.o)
    0x080051f4   0x080051f4   0x0000002a   Code   RO         4046    i.atof              m_ws.l(atof.o)
    0x0800521e   0x0800521e   0x00000002   PAD
    0x08005220   0x08005220   0x00000024   Code   RO         3810    i.disable_motor_mode  dm_motor_drv.o
    0x08005244   0x08005244   0x00000010   Code   RO         3814    i.dm_motor_clear_para  dm_motor_drv.o
    0x08005254   0x08005254   0x00000044   Code   RO         3816    i.dm_motor_disable  dm_motor_drv.o
    0x08005298   0x08005298   0x00000038   Code   RO         3817    i.dm_motor_enable   dm_motor_drv.o
    0x080052d0   0x080052d0   0x00000024   Code   RO         3819    i.enable_motor_mode  dm_motor_drv.o
    0x080052f4   0x080052f4   0x00000058   Code   RO         4405    i.frexp             m_ws.l(frexp.o)
    0x0800534c   0x0800534c   0x00000074   Code   RO         4425    i.ldexp             m_ws.l(ldexp.o)
    0x080053c0   0x080053c0   0x0000017c   Code   RO           17    i.main              main.o
    0x0800553c   0x0800553c   0x0000002c   Code   RO         4251    locale$$code        c_w.l(lc_numeric_c.o)
    0x08005568   0x08005568   0x0000002c   Code   RO         4306    locale$$code        c_w.l(lc_ctype_c.o)
    0x08005594   0x08005594   0x00000062   Code   RO         3975    x$fpl$d2f           fz_ws.l(d2f.o)
    0x080055f6   0x080055f6   0x00000002   PAD
    0x080055f8   0x080055f8   0x00000010   Code   RO         4361    x$fpl$dcheck1       fz_ws.l(dcheck1.o)
    0x08005608   0x08005608   0x00000018   Code   RO         4156    x$fpl$dcmpinf       fz_ws.l(dcmpi.o)
    0x08005620   0x08005620   0x00000078   Code   RO         4158    x$fpl$deqf          fz_ws.l(deqf.o)
    0x08005698   0x08005698   0x00000078   Code   RO         4001    x$fpl$dleqf         fz_ws.l(dleqf.o)
    0x08005710   0x08005710   0x0000009c   Code   RO         4160    x$fpl$dnaninf       fz_ws.l(dnaninf.o)
    0x080057ac   0x080057ac   0x0000000c   Code   RO         4162    x$fpl$dretinf       fz_ws.l(dretinf.o)
    0x080057b8   0x080057b8   0x0000006c   Code   RO         4005    x$fpl$drleqf        fz_ws.l(drleqf.o)
    0x08005824   0x08005824   0x00000056   Code   RO         4007    x$fpl$f2d           fz_ws.l(f2d.o)
    0x0800587a   0x0800587a   0x00000002   PAD
    0x0800587c   0x0800587c   0x00000030   Code   RO         4028    x$fpl$fflt          fz_ws.l(fflt_clz.o)
    0x080058ac   0x080058ac   0x0000008c   Code   RO         4168    x$fpl$fnaninf       fz_ws.l(fnaninf.o)
    0x08005938   0x08005938   0x0000000a   Code   RO         4170    x$fpl$fretinf       fz_ws.l(fretinf.o)
    0x08005942   0x08005942   0x00000006   Code   RO         4363    x$fpl$ieeestatus    fz_ws.l(istatus.o)
    0x08005948   0x08005948   0x00000004   Code   RO         4172    x$fpl$printf1       fz_ws.l(printf1.o)
    0x0800594c   0x0800594c   0x00000004   Code   RO         4174    x$fpl$printf2       fz_ws.l(printf2.o)
    0x08005950   0x08005950   0x00000064   Code   RO         4257    x$fpl$retnan        fz_ws.l(retnan.o)
    0x080059b4   0x080059b4   0x0000005c   Code   RO         4259    x$fpl$scalbn        fz_ws.l(scalbn.o)
    0x08005a10   0x08005a10   0x00000004   Code   RO         4261    x$fpl$scanf1        fz_ws.l(scanf1.o)
    0x08005a14   0x08005a14   0x00000008   Code   RO         4377    x$fpl$scanf2        fz_ws.l(scanf2.o)
    0x08005a1c   0x08005a1c   0x00000030   Code   RO         4365    x$fpl$trapveneer    fz_ws.l(trapv.o)
    0x08005a4c   0x08005a4c   0x00000000   Code   RO         4180    x$fpl$usenofp       fz_ws.l(usenofp.o)
    0x08005a4c   0x08005a4c   0x00000012   Data   RO          944    .constdata          stm32f1xx_hal_rcc.o
    0x08005a5e   0x08005a5e   0x00000010   Data   RO         3071    .constdata          system_stm32f1xx.o
    0x08005a6e   0x08005a6e   0x00000008   Data   RO         3072    .constdata          system_stm32f1xx.o
    0x08005a76   0x08005a76   0x000005f0   Data   RO         3350    .constdata          oled_data.o
    0x08006066   0x08006066   0x0000023a   Data   RO         3351    .constdata          oled_data.o
    0x080062a0   0x080062a0   0x00000025   Data   RO         3352    .constdata          oled_data.o
    0x080062c5   0x080062c5   0x00000003   PAD
    0x080062c8   0x080062c8   0x00000008   Data   RO         4076    .constdata          c_w.l(_printf_wctomb.o)
    0x080062d0   0x080062d0   0x00000028   Data   RO         4105    .constdata          c_w.l(_printf_hex_int_ll_ptr.o)
    0x080062f8   0x080062f8   0x00000011   Data   RO         4125    .constdata          c_w.l(__printf_flags_ss_wp.o)
    0x08006309   0x08006309   0x00000026   Data   RO         4235    .constdata          c_w.l(_printf_fp_hex.o)
    0x0800632f   0x0800632f   0x00000001   PAD
    0x08006330   0x08006330   0x00000094   Data   RO         4281    .constdata          c_w.l(bigflt0.o)
    0x080063c4   0x080063c4   0x00000020   Data   RO         4486    Region$$Table       anon$$obj.o
    0x080063e4   0x080063e4   0x00000008   Data   RO         4371    c$$dinf             fz_ws.l(fpconst.o)
    0x080063ec   0x080063ec   0x00000008   Data   RO         4374    c$$dmax             fz_ws.l(fpconst.o)
    0x080063f4   0x080063f4   0x0000001c   Data   RO         4250    locale$$data        c_w.l(lc_numeric_c.o)
    0x08006410   0x08006410   0x00000110   Data   RO         4305    locale$$data        c_w.l(lc_ctype_c.o)


    Execution Region RW_IRAM1 (Exec base: 0x20000000, Load base: 0x08006520, Size: 0x000016a0, Max: 0x00005000, ABSOLUTE)

    Exec Addr    Load Addr    Size         Type   Attr      Idx    E Section Name        Object

    0x20000000   0x08006520   0x00000010   Data   RW           19    .data               main.o
    0x20000010   0x08006530   0x0000000c   Data   RW          781    .data               stm32f1xx_hal.o
    0x2000001c   0x0800653c   0x00000004   Data   RW         3073    .data               system_stm32f1xx.o
    0x20000020   0x08006540   0x00000004   Data   RW         3486    .data               serial.o
    0x20000024   0x08006544   0x0000001a   Data   RW         3581    .data               key.o
    0x2000003e   0x0800655e   0x00000002   PAD
    0x20000040   0x08006560   0x00000004   Data   RW         3965    .data               c_w.l(strtok.o)
    0x20000044        -       0x00000014   Zero   RW           18    .bss                main.o
    0x20000058        -       0x00000028   Zero   RW          245    .bss                can.o
    0x20000080        -       0x00000048   Zero   RW          287    .bss                tim.o
    0x200000c8        -       0x00000048   Zero   RW          329    .bss                usart.o
    0x20000110        -       0x00000400   Zero   RW         3143    .bss                oled.o
    0x20000510        -       0x00000064   Zero   RW         3485    .bss                serial.o
    0x20000574        -       0x00000ac8   Zero   RW         3759    .bss                dm_motor_ctrl.o
    0x2000103c        -       0x00000060   Zero   RW         4207    .bss                c_w.l(libspace.o)
    0x2000109c   0x08006564   0x00000004   PAD
    0x200010a0        -       0x00000200   Zero   RW            2    HEAP                startup_stm32f103xb.o
    0x200012a0        -       0x00000400   Zero   RW            1    STACK               startup_stm32f103xb.o


==============================================================================

Image component sizes


      Code (inc. data)   RO Data    RW Data    ZI Data      Debug   Object Name

       176         20          0          0         40       1735   can.o
       984        454          0          0          0       1061   control.o
         0          0          0          0       2760       3084   dm_motor_ctrl.o
       212         20          0          0          0       5955   dm_motor_drv.o
       220         12          0          0          0       1043   gpio.o
       424         18          0         26          0       3065   key.o
        96         34          0          0          0       2463   led.o
       498         46          0         16         20     442200   main.o
       650         26          0          0          0       8104   mpu6050.o
       204         14          0          0          0       1694   mycan.o
      1342         58          0          0       1024      12216   oled.o
         0          0       2127          0          0       1182   oled_data.o
       188         28          0          4        100       3723   serial.o
        64         26        236          0       1536        832   startup_stm32f103xb.o
       128         24          0         12          0       5453   stm32f1xx_hal.o
       816          0          0          0          0       4269   stm32f1xx_hal_can.o
       198         14          0          0          0      29107   stm32f1xx_hal_cortex.o
       222          4          0          0          0       1835   stm32f1xx_hal_dma.o
       500         34          0          0          0       3599   stm32f1xx_hal_gpio.o
        60          8          0          0          0        918   stm32f1xx_hal_msp.o
      1240         84         18          0          0       5244   stm32f1xx_hal_rcc.o
       936         24          0          0          0      10157   stm32f1xx_hal_tim.o
       108         12          0          0          0       2489   stm32f1xx_hal_tim_ex.o
      1280         10          0          0          0       9100   stm32f1xx_hal_uart.o
        44         12          0          0          0       4983   stm32f1xx_it.o
         2          0         24          4          0       1179   system_stm32f1xx.o
       164         18          0          0         72       1750   tim.o
       188         22          0          0         72       1782   usart.o

    ----------------------------------------------------------------------
     10970       1022       2440         64       5624     570222   Object Totals
         0          0         32          0          0          0   (incl. Generated)
        26          0          3          2          0          0   (incl. Padding)

    ----------------------------------------------------------------------

      Code (inc. data)   RO Data    RW Data    ZI Data      Debug   Library Member Name

         8          0          0          0          0         68   __main.o
       392          4         17          0          0         92   __printf_flags_ss_wp.o
        14          0          0          0          0         68   __printf_wp.o
         0          0          0          0          0          0   __rtentry.o
        12          0          0          0          0          0   __rtentry2.o
         6          0          0          0          0          0   __rtentry4.o
        52          8          0          0          0          0   __scatter.o
        26          0          0          0          0          0   __scatter_copy.o
        28          0          0          0          0          0   __scatter_zi.o
        28          0          0          0          0         68   _chval.o
         6          0          0          0          0          0   _printf_a.o
         6          0          0          0          0          0   _printf_c.o
        44          0          0          0          0        108   _printf_char.o
        48          6          0          0          0         96   _printf_char_common.o
        40          0          0          0          0         68   _printf_charcount.o
         6          0          0          0          0          0   _printf_d.o
       120         16          0          0          0         92   _printf_dec.o
         6          0          0          0          0          0   _printf_e.o
         6          0          0          0          0          0   _printf_f.o
      1054          0          0          0          0        216   _printf_fp_dec.o
       764          8         38          0          0        100   _printf_fp_hex.o
       128         16          0          0          0         84   _printf_fp_infnan.o
         6          0          0          0          0          0   _printf_g.o
       148          4         40          0          0        160   _printf_hex_int_ll_ptr.o
         6          0          0          0          0          0   _printf_i.o
       178          0          0          0          0         88   _printf_intcommon.o
        10          0          0          0          0          0   _printf_l.o
         6          0          0          0          0          0   _printf_lc.o
        10          0          0          0          0          0   _printf_ll.o
         6          0          0          0          0          0   _printf_lld.o
         6          0          0          0          0          0   _printf_lli.o
         6          0          0          0          0          0   _printf_llo.o
         6          0          0          0          0          0   _printf_llu.o
         6          0          0          0          0          0   _printf_llx.o
       124         16          0          0          0         92   _printf_longlong_dec.o
         6          0          0          0          0          0   _printf_ls.o
         6          0          0          0          0          0   _printf_n.o
         6          0          0          0          0          0   _printf_o.o
       112         10          0          0          0        124   _printf_oct_int_ll.o
         6          0          0          0          0          0   _printf_p.o
        78          0          0          0          0        108   _printf_pad.o
         0          0          0          0          0          0   _printf_percent.o
         4          0          0          0          0          0   _printf_percent_end.o
         6          0          0          0          0          0   _printf_s.o
        82          0          0          0          0         80   _printf_str.o
        36          0          0          0          0         84   _printf_truncate.o
         6          0          0          0          0          0   _printf_u.o
        44          0          0          0          0        108   _printf_wchar.o
       188          6          8          0          0         92   _printf_wctomb.o
         6          0          0          0          0          0   _printf_x.o
        22          0          0          0          0        100   _rserrno.o
        64          0          0          0          0         84   _sgetc.o
        10          0          0          0          0         68   _sputc.o
       158          0          0          0          0         92   _strtoul.o
        64          0          0          0          0         92   _wcrtomb.o
        26          0          0          0          0         80   atoi.o
       228          4        148          0          0         96   bigflt0.o
      2152        136          0          0          0        960   btod.o
        18          0          0          0          0         80   exit.o
         6          0          0          0          0        152   heapauxi.o
         0          0          0          0          0          0   indicate_semi.o
        18          0          0          0          0         76   isspace.o
        44         10        272          0          0         76   lc_ctype_c.o
        44         10         28          0          0         76   lc_numeric_c.o
         2          0          0          0          0          0   libinit.o
        30          0          0          0          0          0   libinit2.o
         2          0          0          0          0          0   libshutdown.o
         2          0          0          0          0          0   libshutdown2.o
         8          4          0          0         96         68   libspace.o
        38          0          0          0          0         68   llshl.o
       138          0          0          0          0         80   lludiv10.o
        16          4          0          0          0         76   rt_ctype_table.o
         8          4          0          0          0         68   rt_errno_addr_intlibspace.o
         8          4          0          0          0         68   rt_locale_intlibspace.o
        78          0          0          0          0         80   rt_memclr_w.o
         2          0          0          0          0          0   rtexit.o
        10          0          0          0          0          0   rtexit2.o
      1272         16          0          0          0        168   scanf_fp.o
       800         14          0          0          0        100   scanf_hexfp.o
       308         16          0          0          0        100   scanf_infnan.o
       128          0          0          0          0         68   strcmpv7m.o
        32          0          0          0          0         80   strcspn.o
        28          0          0          0          0         80   strspn.o
       164         14          0          0          0        120   strtod.o
        12          6          0          4          0         68   strtok.o
        68          4          0          0          0         84   strtok_int.o
       112          0          0          0          0         88   strtol.o
        12          4          0          0          0         68   sys_exit.o
        74          0          0          0          0         80   sys_stackheap_outer.o
         2          0          0          0          0         68   use_no_semi.o
        36          4          0          0          0         76   vsprintf.o
        98          4          0          0          0         92   d2f.o
        16          4          0          0          0         68   dcheck1.o
        24          0          0          0          0         68   dcmpi.o
       120          4          0          0          0         92   deqf.o
       120          4          0          0          0         92   dleqf.o
       156          4          0          0          0         92   dnaninf.o
        12          0          0          0          0         68   dretinf.o
       108          0          0          0          0         80   drleqf.o
        86          4          0          0          0         84   f2d.o
        48          0          0          0          0         68   fflt_clz.o
       140          4          0          0          0         84   fnaninf.o
         0          0         16          0          0          0   fpconst.o
        10          0          0          0          0         68   fretinf.o
         6          0          0          0          0         68   istatus.o
         4          0          0          0          0         68   printf1.o
         4          0          0          0          0         68   printf2.o
       100          0          0          0          0         68   retnan.o
        92          0          0          0          0         68   scalbn.o
         4          0          0          0          0         68   scanf1.o
         8          0          0          0          0         84   scanf2.o
        48          0          0          0          0         68   trapv.o
         0          0          0          0          0          0   usenofp.o
        42          0          0          0          0         84   atof.o
        30          6          0          0          0        136   dunder.o
        40          0          0          0          0         68   fpclassify.o
        88          8          0          0          0         76   frexp.o
       138          0          0          0          0        160   ldexp.o
       204          4          0          0          0        168   narrow.o

    ----------------------------------------------------------------------
     11910        394        568          4        100       7992   Library Totals
        22          0          1          0          4          0   (incl. Padding)

    ----------------------------------------------------------------------

      Code (inc. data)   RO Data    RW Data    ZI Data      Debug   Library Name

     10142        348        551          4         96       5784   c_w.l
      1204         28         16          0          0       1516   fz_ws.l
       542         18          0          0          0        692   m_ws.l

    ----------------------------------------------------------------------
     11910        394        568          4        100       7992   Library Totals

    ----------------------------------------------------------------------

==============================================================================


      Code (inc. data)   RO Data    RW Data    ZI Data      Debug   

     22880       1416       3008         68       5724     567186   Grand Totals
     22880       1416       3008         68       5724     567186   ELF Image Totals
     22880       1416       3008         68          0          0   ROM Totals

==============================================================================

    Total RO  Size (Code + RO Data)                25888 (  25.28kB)
    Total RW  Size (RW Data + ZI Data)              5792 (   5.66kB)
    Total ROM Size (Code + RO Data + RW Data)      25956 (  25.35kB)

==============================================================================

