Component: ARM Compiler 5.06 update 7 (build 960) Tool: armlink [4d3601]

==============================================================================

Section Cross References

    startup_stm32f103xb.o(RESET) refers to startup_stm32f103xb.o(STACK) for __initial_sp
    startup_stm32f103xb.o(RESET) refers to startup_stm32f103xb.o(.text) for Reset_Handler
    startup_stm32f103xb.o(RESET) refers to stm32f1xx_it.o(i.NMI_Handler) for NMI_Handler
    startup_stm32f103xb.o(RESET) refers to stm32f1xx_it.o(i.HardFault_Handler) for HardFault_Handler
    startup_stm32f103xb.o(RESET) refers to stm32f1xx_it.o(i.MemManage_Handler) for MemManage_Handler
    startup_stm32f103xb.o(RESET) refers to stm32f1xx_it.o(i.BusFault_Handler) for BusFault_Handler
    startup_stm32f103xb.o(RESET) refers to stm32f1xx_it.o(i.UsageFault_Handler) for UsageFault_Handler
    startup_stm32f103xb.o(RESET) refers to stm32f1xx_it.o(i.SVC_Handler) for SVC_Handler
    startup_stm32f103xb.o(RESET) refers to stm32f1xx_it.o(i.DebugMon_Handler) for DebugMon_Handler
    startup_stm32f103xb.o(RESET) refers to stm32f1xx_it.o(i.PendSV_Handler) for PendSV_Handler
    startup_stm32f103xb.o(RESET) refers to stm32f1xx_it.o(i.SysTick_Handler) for SysTick_Handler
    startup_stm32f103xb.o(RESET) refers to stm32f1xx_it.o(i.TIM1_UP_IRQHandler) for TIM1_UP_IRQHandler
    startup_stm32f103xb.o(RESET) refers to stm32f1xx_it.o(i.USART1_IRQHandler) for USART1_IRQHandler
    startup_stm32f103xb.o(.text) refers to system_stm32f1xx.o(i.SystemInit) for SystemInit
    startup_stm32f103xb.o(.text) refers to entry.o(.ARM.Collect$$$$00000000) for __main
    main.o(i.HAL_CAN_RxFifo0MsgPendingCallback) refers to dm_motor_ctrl.o(i.Motor_CAN_RxHandler) for Motor_CAN_RxHandler
    main.o(i.HAL_TIM_PeriodElapsedCallback) refers to key.o(i.Key_Tick) for Key_Tick
    main.o(i.HAL_TIM_PeriodElapsedCallback) refers to mpu6050.o(i.MPU6050_GetData) for MPU6050_GetData
    main.o(i.HAL_TIM_PeriodElapsedCallback) refers to dflti.o(.text) for __aeabi_i2d
    main.o(i.HAL_TIM_PeriodElapsedCallback) refers to atan2.o(i.atan2) for atan2
    main.o(i.HAL_TIM_PeriodElapsedCallback) refers to ddiv.o(.text) for __aeabi_ddiv
    main.o(i.HAL_TIM_PeriodElapsedCallback) refers to dmul.o(.text) for __aeabi_dmul
    main.o(i.HAL_TIM_PeriodElapsedCallback) refers to d2f.o(.text) for __aeabi_d2f
    main.o(i.HAL_TIM_PeriodElapsedCallback) refers to fadd.o(.text) for __aeabi_fadd
    main.o(i.HAL_TIM_PeriodElapsedCallback) refers to fflti.o(.text) for __aeabi_i2f
    main.o(i.HAL_TIM_PeriodElapsedCallback) refers to fscalb.o(.text) for __ARM_scalbnf
    main.o(i.HAL_TIM_PeriodElapsedCallback) refers to fmul.o(.text) for __aeabi_fmul
    main.o(i.HAL_TIM_PeriodElapsedCallback) refers to pid.o(i.PID_Update) for PID_Update
    main.o(i.HAL_TIM_PeriodElapsedCallback) refers to dm_motor_drv.o(i.mit_ctrl) for mit_ctrl
    main.o(i.HAL_TIM_PeriodElapsedCallback) refers to dm_motor_drv.o(i.read_motor_ctrl_fbdata) for read_motor_ctrl_fbdata
    main.o(i.HAL_TIM_PeriodElapsedCallback) refers to mycan.o(i.MyCAN_Receive) for MyCAN_Receive
    main.o(i.HAL_TIM_PeriodElapsedCallback) refers to dm_motor_drv.o(i.dm_motor_fbdata) for dm_motor_fbdata
    main.o(i.HAL_TIM_PeriodElapsedCallback) refers to main.o(.data) for .data
    main.o(i.HAL_TIM_PeriodElapsedCallback) refers to serial.o(.data) for Serial_RxFlag
    main.o(i.HAL_TIM_PeriodElapsedCallback) refers to main.o(.bss) for .bss
    main.o(i.HAL_TIM_PeriodElapsedCallback) refers to tim.o(.bss) for htim1
    main.o(i.SystemClock_Config) refers to memseta.o(.text) for __aeabi_memclr4
    main.o(i.SystemClock_Config) refers to stm32f1xx_hal_rcc.o(i.HAL_RCC_OscConfig) for HAL_RCC_OscConfig
    main.o(i.SystemClock_Config) refers to stm32f1xx_hal_rcc.o(i.HAL_RCC_ClockConfig) for HAL_RCC_ClockConfig
    main.o(i.main) refers to stm32f1xx_hal.o(i.HAL_Init) for HAL_Init
    main.o(i.main) refers to main.o(i.SystemClock_Config) for SystemClock_Config
    main.o(i.main) refers to gpio.o(i.MX_GPIO_Init) for MX_GPIO_Init
    main.o(i.main) refers to can.o(i.MX_CAN_Init) for MX_CAN_Init
    main.o(i.main) refers to usart.o(i.MX_USART1_UART_Init) for MX_USART1_UART_Init
    main.o(i.main) refers to tim.o(i.MX_TIM1_Init) for MX_TIM1_Init
    main.o(i.main) refers to oled.o(i.OLED_Init) for OLED_Init
    main.o(i.main) refers to mpu6050.o(i.MPU6050_Init) for MPU6050_Init
    main.o(i.main) refers to serial.o(i.Serial_Init) for Serial_Init
    main.o(i.main) refers to mycan.o(i.MyCAN_Init) for MyCAN_Init
    main.o(i.main) refers to dm_motor_ctrl.o(i.dm_motor_init) for dm_motor_init
    main.o(i.main) refers to stm32f1xx_hal_tim.o(i.HAL_TIM_Base_Start_IT) for HAL_TIM_Base_Start_IT
    main.o(i.main) refers to dm_motor_drv.o(i.dm_motor_enable) for dm_motor_enable
    main.o(i.main) refers to dm_motor_drv.o(i.dm_motor_disable) for dm_motor_disable
    main.o(i.main) refers to led.o(i.LED1_ON) for LED1_ON
    main.o(i.main) refers to led.o(i.LED1_OFF) for LED1_OFF
[...]
    i.HAL_RCC_GetPCLK1Freq                   0x08001e0c   Section        0  stm32f1xx_hal_rcc.o(i.HAL_RCC_GetPCLK1Freq)
    i.HAL_RCC_GetPCLK2Freq                   0x08001e2c   Section        0  stm32f1xx_hal_rcc.o(i.HAL_RCC_GetPCLK2Freq)
    i.HAL_RCC_GetSysClockFreq                0x08001e4c   Section        0  stm32f1xx_hal_rcc.o(i.HAL_RCC_GetSysClockFreq)
    i.HAL_RCC_OscConfig                      0x08001e98   Section        0  stm32f1xx_hal_rcc.o(i.HAL_RCC_OscConfig)
    i.HAL_SYSTICK_Config                     0x080021b8   Section        0  stm32f1xx_hal_cortex.o(i.HAL_SYSTICK_Config)
    i.HAL_TIMEx_BreakCallback                0x080021e0   Section        0  stm32f1xx_hal_tim_ex.o(i.HAL_TIMEx_BreakCallback)
    i.HAL_TIMEx_CommutCallback               0x080021e2   Section        0  stm32f1xx_hal_tim_ex.o(i.HAL_TIMEx_CommutCallback)
    i.HAL_TIMEx_MasterConfigSynchronization  0x080021e4   Section        0  stm32f1xx_hal_tim_ex.o(i.HAL_TIMEx_MasterConfigSynchronization)
    i.HAL_TIM_Base_Init                      0x0800224c   Section        0  stm32f1xx_hal_tim.o(i.HAL_TIM_Base_Init)
    i.HAL_TIM_Base_MspInit                   0x080022a8   Section        0  tim.o(i.HAL_TIM_Base_MspInit)
    i.HAL_TIM_Base_Start_IT                  0x080022e4   Section        0  stm32f1xx_hal_tim.o(i.HAL_TIM_Base_Start_IT)
    i.HAL_TIM_ConfigClockSource              0x0800233c   Section        0  stm32f1xx_hal_tim.o(i.HAL_TIM_ConfigClockSource)
    i.HAL_TIM_IC_CaptureCallback             0x08002418   Section        0  stm32f1xx_hal_tim.o(i.HAL_TIM_IC_CaptureCallback)
    i.HAL_TIM_IRQHandler                     0x0800241a   Section        0  stm32f1xx_hal_tim.o(i.HAL_TIM_IRQHandler)
    i.HAL_TIM_OC_DelayElapsedCallback        0x0800254a   Section        0  stm32f1xx_hal_tim.o(i.HAL_TIM_OC_DelayElapsedCallback)
    i.HAL_TIM_PWM_PulseFinishedCallback      0x0800254c   Section        0  stm32f1xx_hal_tim.o(i.HAL_TIM_PWM_PulseFinishedCallback)
    i.HAL_TIM_PeriodElapsedCallback          0x08002550   Section        0  main.o(i.HAL_TIM_PeriodElapsedCallback)
    i.HAL_TIM_TriggerCallback                0x08002868   Section        0  stm32f1xx_hal_tim.o(i.HAL_TIM_TriggerCallback)
    i.HAL_UARTEx_RxEventCallback             0x0800286a   Section        0  stm32f1xx_hal_uart.o(i.HAL_UARTEx_RxEventCallback)
    i.HAL_UART_ErrorCallback                 0x0800286c   Section        0  stm32f1xx_hal_uart.o(i.HAL_UART_ErrorCallback)
    i.HAL_UART_IRQHandler                    0x08002870   Section        0  stm32f1xx_hal_uart.o(i.HAL_UART_IRQHandler)
    i.HAL_UART_Init                          0x08002adc   Section        0  stm32f1xx_hal_uart.o(i.HAL_UART_Init)
    i.HAL_UART_MspInit                       0x08002b40   Section        0  usart.o(i.HAL_UART_MspInit)
    i.HAL_UART_Receive_IT                    0x08002bc4   Section        0  stm32f1xx_hal_uart.o(i.HAL_UART_Receive_IT)
    i.HAL_UART_RxCpltCallback                0x08002be0   Section        0  serial.o(i.HAL_UART_RxCpltCallback)
    i.HAL_UART_TxCpltCallback                0x08002c44   Section        0  stm32f1xx_hal_uart.o(i.HAL_UART_TxCpltCallback)
    i.HardFault_Handler                      0x08002c46   Section        0  stm32f1xx_it.o(i.HardFault_Handler)
    i.I2C_R_SDA                              0x08002c48   Section        0  mpu6050.o(i.I2C_R_SDA)
    I2C_R_SDA                                0x08002c49   Thumb Code    20  mpu6050.o(i.I2C_R_SDA)
    i.I2C_ReceiveAck                         0x08002c60   Section        0  mpu6050.o(i.I2C_ReceiveAck)
    I2C_ReceiveAck                           0x08002c61   Thumb Code    30  mpu6050.o(i.I2C_ReceiveAck)
    i.I2C_ReceiveByte                        0x08002c7e   Section        0  mpu6050.o(i.I2C_ReceiveByte)
    I2C_ReceiveByte                          0x08002c7f   Thumb Code    50  mpu6050.o(i.I2C_ReceiveByte)
    i.I2C_SendAck                            0x08002cb0   Section        0  mpu6050.o(i.I2C_SendAck)
    I2C_SendAck                              0x08002cb1   Thumb Code    32  mpu6050.o(i.I2C_SendAck)
    i.I2C_SendByte                           0x08002cd0   Section        0  mpu6050.o(i.I2C_SendByte)
    I2C_SendByte                             0x08002cd1   Thumb Code    44  mpu6050.o(i.I2C_SendByte)
    i.I2C_Start                              0x08002cfc   Section        0  mpu6050.o(i.I2C_Start)
    I2C_Start                                0x08002cfd   Thumb Code    30  mpu6050.o(i.I2C_Start)
    i.I2C_Stop                               0x08002d1a   Section        0  mpu6050.o(i.I2C_Stop)
    I2C_Stop                                 0x08002d1b   Thumb Code    24  mpu6050.o(i.I2C_Stop)
    i.I2C_W_SCL                              0x08002d34   Section        0  mpu6050.o(i.I2C_W_SCL)
    I2C_W_SCL                                0x08002d35   Thumb Code    18  mpu6050.o(i.I2C_W_SCL)
    i.I2C_W_SDA                              0x08002d4c   Section        0  mpu6050.o(i.I2C_W_SDA)
    I2C_W_SDA                                0x08002d4d   Thumb Code    18  mpu6050.o(i.I2C_W_SDA)
    i.Key_Check                              0x08002d64   Section        0  key.o(i.Key_Check)
    i.Key_GetState                           0x08002d84   Section        0  key.o(i.Key_GetState)
    i.Key_Tick                               0x08002dc4   Section        0  key.o(i.Key_Tick)
    i.LED1_OFF                               0x08002f0c   Section        0  led.o(i.LED1_OFF)
    i.LED1_ON                                0x08002f1c   Section        0  led.o(i.LED1_ON)
    i.MPU6050_GetData                        0x08002f2c   Section        0  mpu6050.o(i.MPU6050_GetData)
    i.MPU6050_Init                           0x08002f7e   Section        0  mpu6050.o(i.MPU6050_Init)
    i.MPU6050_ReadRegs                       0x08002fb8   Section        0  mpu6050.o(i.MPU6050_ReadRegs)
    i.MPU6050_WriteReg                       0x08003014   Section        0  mpu6050.o(i.MPU6050_WriteReg)
    i.MX_CAN_Init                            0x08003044   Section        0  can.o(i.MX_CAN_Init)
    i.MX_GPIO_Init                           0x08003088   Section        0  gpio.o(i.MX_GPIO_Init)
    i.MX_TIM1_Init                           0x08003164   Section        0  tim.o(i.MX_TIM1_Init)
    i.MX_USART1_UART_Init                    0x080031cc   Section        0  usart.o(i.MX_USART1_UART_Init)
    i.MemManage_Handler                      0x08003204   Section        0  stm32f1xx_it.o(i.MemManage_Handler)
    i.MyCAN_Init                             0x08003208   Section        0  mycan.o(i.MyCAN_Init)
    i.MyCAN_Receive                          0x08003250   Section        0  mycan.o(i.MyCAN_Receive)
    i.MyCAN_Transmit                         0x08003290   Section        0  mycan.o(i.MyCAN_Transmit)
    i.MyI2C_Init                             0x08003314   Section        0  mpu6050.o(i.MyI2C_Init)
    i.NMI_Handler                            0x0800336c   Section        0  stm32f1xx_it.o(i.NMI_Handler)
    i.OLED_Clear                             0x08003370   Section        0  oled.o(i.OLED_Clear)
    i.OLED_ClearArea                         0x08003398   Section        0  oled.o(i.OLED_ClearArea)
    i.OLED_GPIO_Init                         0x080033f4   Section        0  oled.o(i.OLED_GPIO_Init)
    i.OLED_I2C_SendByte                      0x08003450   Section        0  oled.o(i.OLED_I2C_SendByte)
    i.OLED_I2C_Start                         0x0800348a   Section        0  oled.o(i.OLED_I2C_Start)
    i.OLED_I2C_Stop                          0x080034a8   Section        0  oled.o(i.OLED_I2C_Stop)
    i.OLED_Init                              0x080034c0   Section        0  oled.o(i.OLED_Init)
    i.OLED_Printf                            0x0800355c   Section        0  oled.o(i.OLED_Printf)
    i.OLED_SetCursor                         0x08003586   Section        0  oled.o(i.OLED_SetCursor)
    i.OLED_ShowChar                          0x080035a8   Section        0  oled.o(i.OLED_ShowChar)
    i.OLED_ShowImage                         0x080035e4   Section        0  oled.o(i.OLED_ShowImage)
    i.OLED_ShowString                        0x080036a0   Section        0  oled.o(i.OLED_ShowString)
    i.OLED_Update                            0x0800380c   Section        0  oled.o(i.OLED_Update)
    i.OLED_W_SCL                             0x08003834   Section        0  oled.o(i.OLED_W_SCL)
    i.OLED_W_SDA                             0x08003848   Section        0  oled.o(i.OLED_W_SDA)
    i.OLED_WriteCommand                      0x0800385c   Section        0  oled.o(i.OLED_WriteCommand)
    i.OLED_WriteData                         0x0800387e   Section        0  oled.o(i.OLED_WriteData)
    i.PID_Init                               0x080038ae   Section        0  pid.o(i.PID_Init)
    i.PID_Update                             0x080038c0   Section        0  pid.o(i.PID_Update)
    i.PendSV_Handler                         0x080039b0   Section        0  stm32f1xx_it.o(i.PendSV_Handler)
    i.SVC_Handler                            0x080039b2   Section        0  stm32f1xx_it.o(i.SVC_Handler)
    i.Serial_Init                            0x080039b4   Section        0  serial.o(i.Serial_Init)
    i.Serial_Printf                          0x080039c8   Section        0  serial.o(i.Serial_Printf)
    i.Serial_SendByte                        0x080039e4   Section        0  serial.o(i.Serial_SendByte)
    i.Serial_SendString                      0x080039f8   Section        0  serial.o(i.Serial_SendString)
    i.SysTick_Handler                        0x08003a0c   Section        0  stm32f1xx_it.o(i.SysTick_Handler)
    i.SystemClock_Config                     0x08003a10   Section        0  main.o(i.SystemClock_Config)
    i.SystemInit                             0x08003a6e   Section        0  system_stm32f1xx.o(i.SystemInit)
    i.TIM1_UP_IRQHandler                     0x08003a70   Section        0  stm32f1xx_it.o(i.TIM1_UP_IRQHandler)
    i.TIM_Base_SetConfig                     0x08003a7c   Section        0  stm32f1xx_hal_tim.o(i.TIM_Base_SetConfig)
    i.TIM_ETR_SetConfig                      0x08003af4   Section        0  stm32f1xx_hal_tim.o(i.TIM_ETR_SetConfig)
    i.TIM_ITRx_SetConfig                     0x08003b08   Section        0  stm32f1xx_hal_tim.o(i.TIM_ITRx_SetConfig)
    TIM_ITRx_SetConfig                       0x08003b09   Thumb Code    16  stm32f1xx_hal_tim.o(i.TIM_ITRx_SetConfig)
    i.TIM_TI1_ConfigInputStage               0x08003b18   Section        0  stm32f1xx_hal_tim.o(i.TIM_TI1_ConfigInputStage)
    TIM_TI1_ConfigInputStage                 0x08003b19   Thumb Code    34  stm32f1xx_hal_tim.o(i.TIM_TI1_ConfigInputStage)
    i.TIM_TI2_ConfigInputStage               0x08003b3a   Section        0  stm32f1xx_hal_tim.o(i.TIM_TI2_ConfigInputStage)
    TIM_TI2_ConfigInputStage                 0x08003b3b   Thumb Code    36  stm32f1xx_hal_tim.o(i.TIM_TI2_ConfigInputStage)
    i.UART_DMAAbortOnError                   0x08003b5e   Section        0  stm32f1xx_hal_uart.o(i.UART_DMAAbortOnError)
    UART_DMAAbortOnError                     0x08003b5f   Thumb Code    16  stm32f1xx_hal_uart.o(i.UART_DMAAbortOnError)
    i.UART_EndRxTransfer                     0x08003b6e   Section        0  stm32f1xx_hal_uart.o(i.UART_EndRxTransfer)
    UART_EndRxTransfer                       0x08003b6f   Thumb Code    78  stm32f1xx_hal_uart.o(i.UART_EndRxTransfer)
    i.UART_Receive_IT                        0x08003bbc   Section        0  stm32f1xx_hal_uart.o(i.UART_Receive_IT)
    UART_Receive_IT                          0x08003bbd   Thumb Code   194  stm32f1xx_hal_uart.o(i.UART_Receive_IT)
    i.UART_SetConfig                         0x08003c80   Section        0  stm32f1xx_hal_uart.o(i.UART_SetConfig)
    UART_SetConfig                           0x08003c81   Thumb Code   178  stm32f1xx_hal_uart.o(i.UART_SetConfig)
    i.UART_Start_Receive_IT                  0x08003d38   Section        0  stm32f1xx_hal_uart.o(i.UART_Start_Receive_IT)
    i.USART1_IRQHandler                      0x08003d70   Section        0  stm32f1xx_it.o(i.USART1_IRQHandler)
    i.UsageFault_Handler                     0x08003d7c   Section        0  stm32f1xx_it.o(i.UsageFault_Handler)
    i.__0printf                              0x08003d80   Section        0  printfa.o(i.__0printf)
    i.__0vsprintf                            0x08003da0   Section        0  printfa.o(i.__0vsprintf)
    i.__ARM_fpclassify                       0x08003dc4   Section        0  fpclassify.o(i.__ARM_fpclassify)
    i.__NVIC_SetPriority                     0x08003dec   Section        0  stm32f1xx_hal_cortex.o(i.__NVIC_SetPriority)
    __NVIC_SetPriority                       0x08003ded   Thumb Code    32  stm32f1xx_hal_cortex.o(i.__NVIC_SetPriority)
    i.__aeabi_errno_addr                     0x08003e0c   Section        0  errno.o(i.__aeabi_errno_addr)
    i.__kernel_poly                          0x08003e14   Section        0  poly.o(i.__kernel_poly)
    i.__mathlib_dbl_infnan                   0x08003ebe   Section        0  dunder.o(i.__mathlib_dbl_infnan)
    i.__mathlib_dbl_infnan2                  0x08003ec4   Section        0  dunder.o(i.__mathlib_dbl_infnan2)
    i.__mathlib_dbl_underflow                0x08003ec8   Section        0  dunder.o(i.__mathlib_dbl_underflow)
    i.__read_errno                           0x08003ed8   Section        0  errno.o(i.__read_errno)
    i.__scatterload_copy                     0x08003ee4   Section       14  handlers.o(i.__scatterload_copy)
    i.__scatterload_null                     0x08003ef2   Section        2  handlers.o(i.__scatterload_null)
    i.__scatterload_zeroinit                 0x08003ef4   Section       14  handlers.o(i.__scatterload_zeroinit)
    i.__set_errno                            0x08003f04   Section        0  errno.o(i.__set_errno)
    i._fp_digits                             0x08003f10   Section        0  printfa.o(i._fp_digits)
    _fp_digits                               0x08003f11   Thumb Code   366  printfa.o(i._fp_digits)
    i._is_digit                              0x08004094   Section        0  scanf_fp.o(i._is_digit)
    i._printf_core                           0x080040a4   Section        0  printfa.o(i._printf_core)
    _printf_core                             0x080040a5   Thumb Code  1704  printfa.o(i._printf_core)
    i._printf_post_padding                   0x08004758   Section        0  printfa.o(i._printf_post_padding)
    _printf_post_padding                     0x08004759   Thumb Code    36  printfa.o(i._printf_post_padding)
    i._printf_pre_padding                    0x0800477c   Section        0  printfa.o(i._printf_pre_padding)
    _printf_pre_padding                      0x0800477d   Thumb Code    46  printfa.o(i._printf_pre_padding)
    i._sputc                                 0x080047aa   Section        0  printfa.o(i._sputc)
    _sputc                                   0x080047ab   Thumb Code    10  printfa.o(i._sputc)
    i.atan                                   0x080047b4   Section        0  atan.o(i.atan)
    i.atan2                                  0x080049d4   Section        0  atan2.o(i.atan2)
    i.atof                                   0x08004b70   Section        0  atof.o(i.atof)
    i.disable_motor_mode                     0x08004b9c   Section        0  dm_motor_drv.o(i.disable_motor_mode)
    i.dm_motor_clear_para                    0x08004bc0   Section        0  dm_motor_drv.o(i.dm_motor_clear_para)
    i.dm_motor_disable                       0x08004bd0   Section        0  dm_motor_drv.o(i.dm_motor_disable)
    i.dm_motor_enable                        0x08004c14   Section        0  dm_motor_drv.o(i.dm_motor_enable)
    i.dm_motor_fbdata                        0x08004c4c   Section        0  dm_motor_drv.o(i.dm_motor_fbdata)
    i.dm_motor_init                          0x08004cc8   Section        0  dm_motor_ctrl.o(i.dm_motor_init)
    i.enable_motor_mode                      0x08004d34   Section        0  dm_motor_drv.o(i.enable_motor_mode)
    i.float_to_uint                          0x08004d58   Section        0  dm_motor_drv.o(i.float_to_uint)
    i.fputc                                  0x08004d92   Section        0  serial.o(i.fputc)
    i.main                                   0x08004da0   Section        0  main.o(i.main)
    i.mit_ctrl                               0x08005284   Section        0  dm_motor_drv.o(i.mit_ctrl)
    i.read_motor_ctrl_fbdata                 0x0800532c   Section        0  dm_motor_drv.o(i.read_motor_ctrl_fbdata)
    i.uint_to_float                          0x08005354   Section        0  dm_motor_drv.o(i.uint_to_float)
    .constdata                               0x0800538e   Section       18  stm32f1xx_hal_rcc.o(.constdata)
    aPredivFactorTable                       0x0800538e   Data           2  stm32f1xx_hal_rcc.o(.constdata)
    aPLLMULFactorTable                       0x08005390   Data          16  stm32f1xx_hal_rcc.o(.constdata)
    .constdata                               0x080053a0   Section       16  system_stm32f1xx.o(.constdata)
    .constdata                               0x080053b0   Section        8  system_stm32f1xx.o(.constdata)
    .constdata                               0x080053b8   Section     1520  oled_data.o(.constdata)
    .constdata                               0x080059a8   Section      570  oled_data.o(.constdata)
    .constdata                               0x08005be2   Section       37  oled_data.o(.constdata)
    .constdata                               0x08005c08   Section      152  atan.o(.constdata)
    atanhi                                   0x08005c08   Data          32  atan.o(.constdata)
    atanlo                                   0x08005c28   Data          32  atan.o(.constdata)
    aTodd                                    0x08005c48   Data          40  atan.o(.constdata)
    aTeven                                   0x08005c70   Data          48  atan.o(.constdata)
    .constdata                               0x08005ca0   Section        8  qnan.o(.constdata)
    .constdata                               0x08005ca8   Section      129  ctype_o.o(.constdata)
    .constdata                               0x08005d2c   Section        4  ctype_o.o(.constdata)
    table                                    0x08005d2c   Data           4  ctype_o.o(.constdata)
    .data                                    0x20000000   Section      264  main.o(.data)
    Count0                                   0x20000002   Data           2  main.o(.data)
    Count1                                   0x20000004   Data           2  main.o(.data)
    Count2                                   0x20000006   Data           2  main.o(.data)
    .data                                    0x20000108   Section       12  stm32f1xx_hal.o(.data)
    .data                                    0x20000114   Section        4  system_stm32f1xx.o(.data)
    .data                                    0x20000118   Section       26  key.o(.data)
    Count                                    0x20000118   Data           1  key.o(.data)
    i                                        0x20000119   Data           1  key.o(.data)
    CurrState                                0x2000011a   Data           4  key.o(.data)
    PrevState                                0x2000011e   Data           4  key.o(.data)
    S                                        0x20000122   Data           4  key.o(.data)
    Time                                     0x2000012a   Data           8  key.o(.data)
    .data                                    0x20000132   Section        4  serial.o(.data)
    RxState                                  0x20000132   Data           1  serial.o(.data)
    pRxPacket                                0x20000133   Data           1  serial.o(.data)
    rxByte                                   0x20000135   Data           1  serial.o(.data)
    .data                                    0x20000138   Section        4  strtok.o(.data)
    state                                    0x20000138   Data           4  strtok.o(.data)
    .data                                    0x2000013c   Section        4  stdout.o(.data)
    .data                                    0x20000140   Section        4  errno.o(.data)
    _errno                                   0x20000140   Data           4  errno.o(.data)
    .bss                                     0x20000144   Section       20  main.o(.bss)
    .bss                                     0x20000158   Section       40  can.o(.bss)
    .bss                                     0x20000180   Section       72  tim.o(.bss)
    .bss                                     0x200001c8   Section       72  usart.o(.bss)
    .bss                                     0x20000210   Section     2760  dm_motor_ctrl.o(.bss)
    .bss                                     0x20000cd8   Section     1024  oled.o(.bss)
    .bss                                     0x200010d8   Section      100  serial.o(.bss)
    STACK                                    0x20001140   Section     1024  startup_stm32f103xb.o(STACK)

    Global Symbols

    Symbol Name                              Value     Ov Type        Size  Object(Section)

    BuildAttributes$$THM_ISAv4$P$D$K$B$S$PE$A:L22UL41UL21$X:L11$S22US41US21$IEEE1$IW$USESV6$~STKCKD$USESV7$~SHL$OTIME$ROPI$IEEEX$EBA8$MICROLIB$REQ8$PRES8$EABIv2 0x00000000   Number         0  anon$$obj.o ABSOLUTE
    __ARM_use_no_argv                        0x00000000   Number         0  main.o ABSOLUTE
    _printf_a                                0x00000000   Number         0  stubs.o ABSOLUTE
    _printf_c                                0x00000000   Number         0  stubs.o ABSOLUTE
    _printf_charcount                        0x00000000   Number         0  stubs.o ABSOLUTE
    _printf_d                                0x00000000   Number         0  stubs.o ABSOLUTE
    _printf_e                                0x00000000   Number         0  stubs.o ABSOLUTE
    _printf_f                                0x00000000   Number         0  stubs.o ABSOLUTE
    _printf_flags                            0x00000000   Number         0  stubs.o ABSOLUTE
    _printf_fp_dec                           0x00000000   Number         0  stubs.o ABSOLUTE
    _printf_fp_hex                           0x00000000   Number         0  stubs.o ABSOLUTE
    _printf_g                                0x00000000   Number         0  stubs.o ABSOLUTE
    _printf_i                                0x00000000   Number         0  stubs.o ABSOLUTE
    _printf_int_dec                          0x00000000   Number         0  stubs.o ABSOLUTE
    _printf_l                                0x00000000   Number         0  stubs.o ABSOLUTE
    _printf_lc                               0x00000000   Number         0  stubs.o ABSOLUTE
    _printf_ll                               0x00000000   Number         0  stubs.o ABSOLUTE
    _printf_lld                              0x00000000   Number         0  stubs.o ABSOLUTE
    _printf_lli                              0x00000000   Number         0  stubs.o ABSOLUTE
    _printf_llo                              0x00000000   Number         0  stubs.o ABSOLUTE
    _printf_llu                              0x00000000   Number         0  stubs.o ABSOLUTE
    _printf_llx                              0x00000000   Number         0  stubs.o ABSOLUTE
    _printf_longlong_dec                     0x00000000   Number         0  stubs.o ABSOLUTE
    _printf_longlong_hex                     0x00000000   Number         0  stubs.o ABSOLUTE
    _printf_longlong_oct                     0x00000000   Number         0  stubs.o ABSOLUTE
    _printf_ls                               0x00000000   Number         0  stubs.o ABSOLUTE
    _printf_mbtowc                           0x00000000   Number         0  stubs.o ABSOLUTE
    _printf_n                                0x00000000   Number         0  stubs.o ABSOLUTE
    _printf_o                                0x00000000   Number         0  stubs.o ABSOLUTE
    _printf_p                                0x00000000   Number         0  stubs.o ABSOLUTE
    _printf_percent                          0x00000000   Number         0  stubs.o ABSOLUTE
    _printf_pre_padding                      0x00000000   Number         0  stubs.o ABSOLUTE
    _printf_return_value                     0x00000000   Number         0  stubs.o ABSOLUTE
    _printf_s                                0x00000000   Number         0  stubs.o ABSOLUTE
    _printf_sizespec                         0x00000000   Number         0  stubs.o ABSOLUTE
    _printf_str                              0x00000000   Number         0  stubs.o ABSOLUTE
    _printf_truncate_signed                  0x00000000   Number         0  stubs.o ABSOLUTE
    _printf_truncate_unsigned                0x00000000   Number         0  stubs.o ABSOLUTE
    _printf_u                                0x00000000   Number         0  stubs.o ABSOLUTE
    _printf_wc                               0x00000000   Number         0  stubs.o ABSOLUTE
    _printf_wctomb                           0x00000000   Number         0  stubs.o ABSOLUTE
    _printf_widthprec                        0x00000000   Number         0  stubs.o ABSOLUTE
    _printf_x                                0x00000000   Number         0  stubs.o ABSOLUTE
    __arm_fini_                               - Undefined Weak Reference
    __cpp_initialize__aeabi_                  - Undefined Weak Reference
    __cxa_finalize                            - Undefined Weak Reference
    _clock_init                               - Undefined Weak Reference
    _microlib_exit                            - Undefined Weak Reference
    __Vectors_Size                           0x000000ec   Number         0  startup_stm32f103xb.o ABSOLUTE
    __Vectors                                0x08000000   Data           4  startup_stm32f103xb.o(RESET)
    __Vectors_End                            0x080000ec   Data           0  startup_stm32f103xb.o(RESET)
    __main                                   0x080000ed   Thumb Code     0  entry.o(.ARM.Collect$$$$00000000)
    _main_stk                                0x080000ed   Thumb Code     0  entry2.o(.ARM.Collect$$$$00000001)
    _main_scatterload                        0x080000f1   Thumb Code     0  entry5.o(.ARM.Collect$$$$00000004)
    __main_after_scatterload                 0x080000f5   Thumb Code     0  entry5.o(.ARM.Collect$$$$00000004)
    _main_clock                              0x080000f5   Thumb Code     0  entry7b.o(.ARM.Collect$$$$00000008)
    _main_cpp_init                           0x080000f5   Thumb Code     0  entry8b.o(.ARM.Collect$$$$0000000A)
    _main_init                               0x080000f5   Thumb Code     0  entry9a.o(.ARM.Collect$$$$0000000B)
    __rt_lib_shutdown_fini                   0x080000fd   Thumb Code     0  entry12b.o(.ARM.Collect$$$$0000000E)
    __rt_final_cpp                           0x08000101   Thumb Code     0  entry10a.o(.ARM.Collect$$$$0000000F)
    __rt_final_exit                          0x08000101   Thumb Code     0  entry11a.o(.ARM.Collect$$$$00000011)
    Reset_Handler                            0x08000105   Thumb Code     8  startup_stm32f103xb.o(.text)
    ADC1_2_IRQHandler                        0x0800011f   Thumb Code     0  startup_stm32f103xb.o(.text)
    CAN1_RX1_IRQHandler                      0x0800011f   Thumb Code     0  startup_stm32f103xb.o(.text)
    CAN1_SCE_IRQHandler                      0x0800011f   Thumb Code     0  startup_stm32f103xb.o(.text)
    DMA1_Channel1_IRQHandler                 0x0800011f   Thumb Code     0  startup_stm32f103xb.o(.text)
    DMA1_Channel2_IRQHandler                 0x0800011f   Thumb Code     0  startup_stm32f103xb.o(.text)
    DMA1_Channel3_IRQHandler                 0x0800011f   Thumb Code     0  startup_stm32f103xb.o(.text)
    DMA1_Channel4_IRQHandler                 0x0800011f   Thumb Code     0  startup_stm32f103xb.o(.text)
    DMA1_Channel5_IRQHandler                 0x0800011f   Thumb Code     0  startup_stm32f103xb.o(.text)
    DMA1_Channel6_IRQHandler                 0x0800011f   Thumb Code     0  startup_stm32f103xb.o(.text)
    DMA1_Channel7_IRQHandler                 0x0800011f   Thumb Code     0  startup_stm32f103xb.o(.text)
    EXTI0_IRQHandler                         0x0800011f   Thumb Code     0  startup_stm32f103xb.o(.text)
    EXTI15_10_IRQHandler                     0x0800011f   Thumb Code     0  startup_stm32f103xb.o(.text)
    EXTI1_IRQHandler                         0x0800011f   Thumb Code     0  startup_stm32f103xb.o(.text)
    EXTI2_IRQHandler                         0x0800011f   Thumb Code     0  startup_stm32f103xb.o(.text)
    EXTI3_IRQHandler                         0x0800011f   Thumb Code     0  startup_stm32f103xb.o(.text)
    EXTI4_IRQHandler                         0x0800011f   Thumb Code     0  startup_stm32f103xb.o(.text)
    EXTI9_5_IRQHandler                       0x0800011f   Thumb Code     0  startup_stm32f103xb.o(.text)
    FLASH_IRQHandler                         0x0800011f   Thumb Code     0  startup_stm32f103xb.o(.text)
    I2C1_ER_IRQHandler                       0x0800011f   Thumb Code     0  startup_stm32f103xb.o(.text)
    I2C1_EV_IRQHandler                       0x0800011f   Thumb Code     0  startup_stm32f103xb.o(.text)
    I2C2_ER_IRQHandler                       0x0800011f   Thumb Code     0  startup_stm32f103xb.o(.text)
    I2C2_EV_IRQHandler                       0x0800011f   Thumb Code     0  startup_stm32f103xb.o(.text)
    PVD_IRQHandler                           0x0800011f   Thumb Code     0  startup_stm32f103xb.o(.text)
    RCC_IRQHandler                           0x0800011f   Thumb Code     0  startup_stm32f103xb.o(.text)
    RTC_Alarm_IRQHandler                     0x0800011f   Thumb Code     0  startup_stm32f103xb.o(.text)
    RTC_IRQHandler                           0x0800011f   Thumb Code     0  startup_stm32f103xb.o(.text)
    SPI1_IRQHandler                          0x0800011f   Thumb Code     0  startup_stm32f103xb.o(.text)
    SPI2_IRQHandler                          0x0800011f   Thumb Code     0  startup_stm32f103xb.o(.text)
    TAMPER_IRQHandler                        0x0800011f   Thumb Code     0  startup_stm32f103xb.o(.text)
    TIM1_BRK_IRQHandler                      0x0800011f   Thumb Code     0  startup_stm32f103xb.o(.text)
    TIM1_CC_IRQHandler                       0x0800011f   Thumb Code     0  startup_stm32f103xb.o(.text)
    TIM1_TRG_COM_IRQHandler                  0x0800011f   Thumb Code     0  startup_stm32f103xb.o(.text)
    TIM2_IRQHandler                          0x0800011f   Thumb Code     0  startup_stm32f103xb.o(.text)
    TIM3_IRQHandler                          0x0800011f   Thumb Code     0  startup_stm32f103xb.o(.text)
    TIM4_IRQHandler                          0x0800011f   Thumb Code     0  startup_stm32f103xb.o(.text)
    USART2_IRQHandler                        0x0800011f   Thumb Code     0  startup_stm32f103xb.o(.text)
    USART3_IRQHandler                        0x0800011f   Thumb Code     0  startup_stm32f103xb.o(.text)
    USBWakeUp_IRQHandler                     0x0800011f   Thumb Code     0  startup_stm32f103xb.o(.text)
    USB_HP_CAN1_TX_IRQHandler                0x0800011f   Thumb Code     0  startup_stm32f103xb.o(.text)
    USB_LP_CAN1_RX0_IRQHandler               0x0800011f   Thumb Code     0  startup_stm32f103xb.o(.text)
    WWDG_IRQHandler                          0x0800011f   Thumb Code     0  startup_stm32f103xb.o(.text)
    __aeabi_llsr                             0x08000129   Thumb Code    32  llushr.o(.text)
    _ll_ushift_r                             0x08000129   Thumb Code     0  llushr.o(.text)
    __aeabi_memset                           0x08000149   Thumb Code    14  memseta.o(.text)
    __aeabi_memset4                          0x08000149   Thumb Code     0  memseta.o(.text)
    __aeabi_memset8                          0x08000149   Thumb Code     0  memseta.o(.text)
    __aeabi_memclr                           0x08000157   Thumb Code     4  memseta.o(.text)
    __aeabi_memclr4                          0x08000157   Thumb Code     0  memseta.o(.text)
    __aeabi_memclr8                          0x08000157   Thumb Code     0  memseta.o(.text)
    _memset$wrapper                          0x0800015b   Thumb Code    18  memseta.o(.text)
    strcmp                                   0x0800016d   Thumb Code    28  strcmp.o(.text)
    strtok                                   0x08000189   Thumb Code    62  strtok.o(.text)
    atoi                                     0x080001cd   Thumb Code    26  atoi.o(.text)
    __aeabi_fadd                             0x080001e7   Thumb Code   164  fadd.o(.text)
    __aeabi_fsub                             0x0800028b   Thumb Code     6  fadd.o(.text)
    __aeabi_frsub                            0x08000291   Thumb Code     6  fadd.o(.text)
    __aeabi_fmul                             0x08000297   Thumb Code   100  fmul.o(.text)
    __aeabi_fdiv                             0x080002fb   Thumb Code   124  fdiv.o(.text)
    __ARM_scalbnf                            0x08000377   Thumb Code    24  fscalb.o(.text)
    scalbnf                                  0x08000377   Thumb Code     0  fscalb.o(.text)
    __aeabi_dadd                             0x0800038f   Thumb Code   322  dadd.o(.text)
    __aeabi_dsub                             0x080004d1   Thumb Code     6  dadd.o(.text)
    __aeabi_drsub                            0x080004d7   Thumb Code     6  dadd.o(.text)
    __aeabi_dmul                             0x080004dd   Thumb Code   228  dmul.o(.text)
    __aeabi_ddiv                             0x080005c1   Thumb Code   222  ddiv.o(.text)
    __aeabi_i2f                              0x0800069f   Thumb Code    18  fflti.o(.text)
    __aeabi_ui2f                             0x080006b1   Thumb Code    10  ffltui.o(.text)
    __aeabi_i2d                              0x080006bb   Thumb Code    34  dflti.o(.text)
    __aeabi_f2iz                             0x080006dd   Thumb Code    50  ffixi.o(.text)
    __aeabi_f2d                              0x0800070f   Thumb Code    38  f2d.o(.text)
    __aeabi_cdcmpeq                          0x08000735   Thumb Code     0  cdcmple.o(.text)
    __aeabi_cdcmple                          0x08000735   Thumb Code    48  cdcmple.o(.text)
    __aeabi_cdrcmple                         0x08000765   Thumb Code    48  cdrcmple.o(.text)
    __aeabi_d2f                              0x08000795   Thumb Code    56  d2f.o(.text)
    __aeabi_cfcmpeq                          0x080007cd   Thumb Code     0  cfcmple.o(.text)
    __aeabi_cfcmple                          0x080007cd   Thumb Code    20  cfcmple.o(.text)
    __aeabi_cfrcmple                         0x080007e1   Thumb Code    20  cfrcmple.o(.text)
    __aeabi_uidiv                            0x080007f5   Thumb Code     0  uidiv.o(.text)
    __aeabi_uidivmod                         0x080007f5   Thumb Code    44  uidiv.o(.text)
    __aeabi_uldivmod                         0x08000821   Thumb Code    98  uldiv.o(.text)
    __aeabi_llsl                             0x08000883   Thumb Code    30  llshl.o(.text)
    _ll_shift_l                              0x08000883   Thumb Code     0  llshl.o(.text)
    __aeabi_lasr                             0x080008a1   Thumb Code    36  llsshr.o(.text)
    _ll_sshift_r                             0x080008a1   Thumb Code     0  llsshr.o(.text)
    __strtod_int                             0x080008fb   Thumb Code    90  strtod.o(.text)
    strtol                                   0x08000961   Thumb Code   112  strtol.o(.text)
    __I$use$fp                               0x080009d1   Thumb Code     0  iusefp.o(.text)
    _float_round                             0x080009d1   Thumb Code    18  fepilogue.o(.text)
    _float_epilogue                          0x080009e3   Thumb Code    92  fepilogue.o(.text)
    _double_round                            0x08000a3f   Thumb Code    30  depilogue.o(.text)
    _double_epilogue                         0x08000a5d   Thumb Code   156  depilogue.o(.text)
    __aeabi_d2ulz                            0x08000af9   Thumb Code    48  dfixul.o(.text)
    __scatterload                            0x08000b29   Thumb Code    28  init.o(.text)
    __scatterload_rt2                        0x08000b29   Thumb Code     0  init.o(.text)
    __rt_ctype_table                         0x08000b4d   Thumb Code     4  ctype_o.o(.text)
    isspace                                  0x08000b55   Thumb Code    18  isspace_o.o(.text)
    _scanf_real                              0x08000c91   Thumb Code     0  scanf_fp.o(.text)
    _scanf_really_real                       0x08000c91   Thumb Code   556  scanf_fp.o(.text)
    _sgetc                                   0x08000ec9   Thumb Code    30  _sgetc.o(.text)
    _sbackspace                              0x08000ee7   Thumb Code    34  _sgetc.o(.text)
    _strtoul                                 0x08000f09   Thumb Code   158  _strtoul.o(.text)
    __ARM_scalbn                             0x08000fa7   Thumb Code    46  dscalb.o(.text)
    scalbn                                   0x08000fa7   Thumb Code     0  dscalb.o(.text)
    _chval                                   0x08000fd5   Thumb Code    28  _chval.o(.text)
    __aeabi_ul2d                             0x08000ff1   Thumb Code    24  dfltul.o(.text)
    __decompress                             0x08001009   Thumb Code     0  __dczerorl2.o(.text)
    __decompress1                            0x08001009   Thumb Code    86  __dczerorl2.o(.text)
    BusFault_Handler                         0x0800105f   Thumb Code     2  stm32f1xx_it.o(i.BusFault_Handler)
    Control_Rx                               0x08001061   Thumb Code   530  control.o(i.Control_Rx)
    DebugMon_Handler                         0x08001439   Thumb Code     2  stm32f1xx_it.o(i.DebugMon_Handler)
    Error_Handler                            0x0800143b   Thumb Code     4  main.o(i.Error_Handler)
    HAL_CAN_AddTxMessage                     0x0800143f   Thumb Code   208  stm32f1xx_hal_can.o(i.HAL_CAN_AddTxMessage)
    HAL_CAN_ConfigFilter                     0x08001511   Thumb Code   238  stm32f1xx_hal_can.o(i.HAL_CAN_ConfigFilter)
    HAL_CAN_GetRxMessage                     0x080015ff   Thumb Code   244  stm32f1xx_hal_can.o(i.HAL_CAN_GetRxMessage)
    HAL_CAN_Init                             0x080016f3   Thumb Code   282  stm32f1xx_hal_can.o(i.HAL_CAN_Init)
    HAL_CAN_MspInit                          0x0800180d   Thumb Code    96  can.o(i.HAL_CAN_MspInit)
    HAL_CAN_Start                            0x08001879   Thumb Code    88  stm32f1xx_hal_can.o(i.HAL_CAN_Start)
    HAL_DMA_Abort                            0x080018d1   Thumb Code    70  stm32f1xx_hal_dma.o(i.HAL_DMA_Abort)
    HAL_DMA_Abort_IT                         0x08001919   Thumb Code   148  stm32f1xx_hal_dma.o(i.HAL_DMA_Abort_IT)
    HAL_GPIO_Init                            0x080019b1   Thumb Code   446  stm32f1xx_hal_gpio.o(i.HAL_GPIO_Init)
    HAL_GPIO_ReadPin                         0x08001b91   Thumb Code    10  stm32f1xx_hal_gpio.o(i.HAL_GPIO_ReadPin)
    HAL_GPIO_WritePin                        0x08001b9b   Thumb Code    10  stm32f1xx_hal_gpio.o(i.HAL_GPIO_WritePin)
    HAL_GetTick                              0x08001ba5   Thumb Code     6  stm32f1xx_hal.o(i.HAL_GetTick)
    HAL_IncTick                              0x08001bb1   Thumb Code    12  stm32f1xx_hal.o(i.HAL_IncTick)
    HAL_Init                                 0x08001bc1   Thumb Code    32  stm32f1xx_hal.o(i.HAL_Init)
    HAL_InitTick                             0x08001be5   Thumb Code    54  stm32f1xx_hal.o(i.HAL_InitTick)
    HAL_MspInit                              0x08001c25   Thumb Code    52  stm32f1xx_hal_msp.o(i.HAL_MspInit)
    HAL_NVIC_EnableIRQ                       0x08001c61   Thumb Code    26  stm32f1xx_hal_cortex.o(i.HAL_NVIC_EnableIRQ)
    HAL_NVIC_SetPriority                     0x08001c7d   Thumb Code    60  stm32f1xx_hal_cortex.o(i.HAL_NVIC_SetPriority)
    HAL_NVIC_SetPriorityGrouping             0x08001cbd   Thumb Code    26  stm32f1xx_hal_cortex.o(i.HAL_NVIC_SetPriorityGrouping)
    HAL_RCC_ClockConfig                      0x08001ce1   Thumb Code   280  stm32f1xx_hal_rcc.o(i.HAL_RCC_ClockConfig)
    HAL_RCC_GetPCLK1Freq                     0x08001e0d   Thumb Code    20  stm32f1xx_hal_rcc.o(i.HAL_RCC_GetPCLK1Freq)
    HAL_RCC_GetPCLK2Freq                     0x08001e2d   Thumb Code    20  stm32f1xx_hal_rcc.o(i.HAL_RCC_GetPCLK2Freq)
    HAL_RCC_GetSysClockFreq                  0x08001e4d   Thumb Code    58  stm32f1xx_hal_rcc.o(i.HAL_RCC_GetSysClockFreq)
    HAL_RCC_OscConfig                        0x08001e99   Thumb Code   778  stm32f1xx_hal_rcc.o(i.HAL_RCC_OscConfig)
    HAL_SYSTICK_Config                       0x080021b9   Thumb Code    40  stm32f1xx_hal_cortex.o(i.HAL_SYSTICK_Config)
    HAL_TIMEx_BreakCallback                  0x080021e1   Thumb Code     2  stm32f1xx_hal_tim_ex.o(i.HAL_TIMEx_BreakCallback)
    HAL_TIMEx_CommutCallback                 0x080021e3   Thumb Code     2  stm32f1xx_hal_tim_ex.o(i.HAL_TIMEx_CommutCallback)
    HAL_TIMEx_MasterConfigSynchronization    0x080021e5   Thumb Code    92  stm32f1xx_hal_tim_ex.o(i.HAL_TIMEx_MasterConfigSynchronization)
    HAL_TIM_Base_Init                        0x0800224d   Thumb Code    90  stm32f1xx_hal_tim.o(i.HAL_TIM_Base_Init)
    HAL_TIM_Base_MspInit                     0x080022a9   Thumb Code    50  tim.o(i.HAL_TIM_Base_MspInit)
    HAL_TIM_Base_Start_IT                    0x080022e5   Thumb Code    76  stm32f1xx_hal_tim.o(i.HAL_TIM_Base_Start_IT)
    HAL_TIM_ConfigClockSource                0x0800233d   Thumb Code   220  stm32f1xx_hal_tim.o(i.HAL_TIM_ConfigClockSource)
    HAL_TIM_IC_CaptureCallback               0x08002419   Thumb Code     2  stm32f1xx_hal_tim.o(i.HAL_TIM_IC_CaptureCallback)
    HAL_TIM_IRQHandler                       0x0800241b   Thumb Code   304  stm32f1xx_hal_tim.o(i.HAL_TIM_IRQHandler)
    HAL_TIM_OC_DelayElapsedCallback          0x0800254b   Thumb Code     2  stm32f1xx_hal_tim.o(i.HAL_TIM_OC_DelayElapsedCallback)
    HAL_TIM_PWM_PulseFinishedCallback        0x0800254d   Thumb Code     2  stm32f1xx_hal_tim.o(i.HAL_TIM_PWM_PulseFinishedCallback)
    HAL_TIM_PeriodElapsedCallback            0x08002551   Thumb Code   710  main.o(i.HAL_TIM_PeriodElapsedCallback)
    HAL_TIM_TriggerCallback                  0x08002869   Thumb Code     2  stm32f1xx_hal_tim.o(i.HAL_TIM_TriggerCallback)
    HAL_UARTEx_RxEventCallback               0x0800286b   Thumb Code     2  stm32f1xx_hal_uart.o(i.HAL_UARTEx_RxEventCallback)
    HAL_UART_ErrorCallback                   0x0800286d   Thumb Code     2  stm32f1xx_hal_uart.o(i.HAL_UART_ErrorCallback)
    HAL_UART_IRQHandler                      0x08002871   Thumb Code   616  stm32f1xx_hal_uart.o(i.HAL_UART_IRQHandler)
    HAL_UART_Init                            0x08002add   Thumb Code   100  stm32f1xx_hal_uart.o(i.HAL_UART_Init)
    HAL_UART_MspInit                         0x08002b41   Thumb Code   118  usart.o(i.HAL_UART_MspInit)
    HAL_UART_Receive_IT                      0x08002bc5   Thumb Code    28  stm32f1xx_hal_uart.o(i.HAL_UART_Receive_IT)
    HAL_UART_RxCpltCallback                  0x08002be1   Thumb Code    86  serial.o(i.HAL_UART_RxCpltCallback)
    HAL_UART_TxCpltCallback                  0x08002c45   Thumb Code     2  stm32f1xx_hal_uart.o(i.HAL_UART_TxCpltCallback)
    HardFault_Handler                        0x08002c47   Thumb Code     2  stm32f1xx_it.o(i.HardFault_Handler)
    Key_Check                                0x08002d65   Thumb Code    26  key.o(i.Key_Check)
    Key_GetState                             0x08002d85   Thumb Code    56  key.o(i.Key_GetState)
    Key_Tick                                 0x08002dc5   Thumb Code   324  key.o(i.Key_Tick)
    LED1_OFF                                 0x08002f0d   Thumb Code    10  led.o(i.LED1_OFF)
    LED1_ON                                  0x08002f1d   Thumb Code    10  led.o(i.LED1_ON)
    MPU6050_GetData                          0x08002f2d   Thumb Code    82  mpu6050.o(i.MPU6050_GetData)
    MPU6050_Init                             0x08002f7f   Thumb Code    58  mpu6050.o(i.MPU6050_Init)
    MPU6050_ReadRegs                         0x08002fb9   Thumb Code    92  mpu6050.o(i.MPU6050_ReadRegs)
    MPU6050_WriteReg                         0x08003015   Thumb Code    48  mpu6050.o(i.MPU6050_WriteReg)
    MX_CAN_Init                              0x08003045   Thumb Code    60  can.o(i.MX_CAN_Init)
    MX_GPIO_Init                             0x08003089   Thumb Code   208  gpio.o(i.MX_GPIO_Init)
    MX_TIM1_Init                             0x08003165   Thumb Code    96  tim.o(i.MX_TIM1_Init)
    MX_USART1_UART_Init                      0x080031cd   Thumb Code    48  usart.o(i.MX_USART1_UART_Init)
    MemManage_Handler                        0x08003205   Thumb Code     2  stm32f1xx_it.o(i.MemManage_Handler)
    MyCAN_Init                               0x08003209   Thumb Code    66  mycan.o(i.MyCAN_Init)
    MyCAN_Receive                            0x08003251   Thumb Code    58  mycan.o(i.MyCAN_Receive)
    MyCAN_Transmit                           0x08003291   Thumb Code   126  mycan.o(i.MyCAN_Transmit)
    MyI2C_Init                               0x08003315   Thumb Code    78  mpu6050.o(i.MyI2C_Init)
    NMI_Handler                              0x0800336d   Thumb Code     2  stm32f1xx_it.o(i.NMI_Handler)
    OLED_Clear                               0x08003371   Thumb Code    34  oled.o(i.OLED_Clear)
    OLED_ClearArea                           0x08003399   Thumb Code    86  oled.o(i.OLED_ClearArea)
    OLED_GPIO_Init                           0x080033f5   Thumb Code    82  oled.o(i.OLED_GPIO_Init)
    OLED_I2C_SendByte                        0x08003451   Thumb Code    58  oled.o(i.OLED_I2C_SendByte)
    OLED_I2C_Start                           0x0800348b   Thumb Code    30  oled.o(i.OLED_I2C_Start)
    OLED_I2C_Stop                            0x080034a9   Thumb Code    24  oled.o(i.OLED_I2C_Stop)
    OLED_Init                                0x080034c1   Thumb Code   156  oled.o(i.OLED_Init)
    OLED_Printf                              0x0800355d   Thumb Code    42  oled.o(i.OLED_Printf)
    OLED_SetCursor                           0x08003587   Thumb Code    34  oled.o(i.OLED_SetCursor)
    OLED_ShowChar                            0x080035a9   Thumb Code    52  oled.o(i.OLED_ShowChar)
    OLED_ShowImage                           0x080035e5   Thumb Code   182  oled.o(i.OLED_ShowImage)
    OLED_ShowString                          0x080036a1   Thumb Code   356  oled.o(i.OLED_ShowString)
    OLED_Update                              0x0800380d   Thumb Code    34  oled.o(i.OLED_Update)
    OLED_W_SCL                               0x08003835   Thumb Code    16  oled.o(i.OLED_W_SCL)
    OLED_W_SDA                               0x08003849   Thumb Code    16  oled.o(i.OLED_W_SDA)
    OLED_WriteCommand                        0x0800385d   Thumb Code    34  oled.o(i.OLED_WriteCommand)
    OLED_WriteData                           0x0800387f   Thumb Code    48  oled.o(i.OLED_WriteData)
    PID_Init                                 0x080038af   Thumb Code    18  pid.o(i.PID_Init)
    PID_Update                               0x080038c1   Thumb Code   236  pid.o(i.PID_Update)
    PendSV_Handler                           0x080039b1   Thumb Code     2  stm32f1xx_it.o(i.PendSV_Handler)
    SVC_Handler                              0x080039b3   Thumb Code     2  stm32f1xx_it.o(i.SVC_Handler)
    Serial_Init                              0x080039b5   Thumb Code    10  serial.o(i.Serial_Init)
    Serial_Printf                            0x080039c9   Thumb Code    28  serial.o(i.Serial_Printf)
    Serial_SendByte                          0x080039e5   Thumb Code    16  serial.o(i.Serial_SendByte)
    Serial_SendString                        0x080039f9   Thumb Code    20  serial.o(i.Serial_SendString)
    SysTick_Handler                          0x08003a0d   Thumb Code     4  stm32f1xx_it.o(i.SysTick_Handler)
    SystemClock_Config                       0x08003a11   Thumb Code    94  main.o(i.SystemClock_Config)
    SystemInit                               0x08003a6f   Thumb Code     2  system_stm32f1xx.o(i.SystemInit)
    TIM1_UP_IRQHandler                       0x08003a71   Thumb Code     6  stm32f1xx_it.o(i.TIM1_UP_IRQHandler)
    TIM_Base_SetConfig                       0x08003a7d   Thumb Code   108  stm32f1xx_hal_tim.o(i.TIM_Base_SetConfig)
    TIM_ETR_SetConfig                        0x08003af5   Thumb Code    20  stm32f1xx_hal_tim.o(i.TIM_ETR_SetConfig)
    UART_Start_Receive_IT                    0x08003d39   Thumb Code    54  stm32f1xx_hal_uart.o(i.UART_Start_Receive_IT)
    USART1_IRQHandler                        0x08003d71   Thumb Code     6  stm32f1xx_it.o(i.USART1_IRQHandler)
    UsageFault_Handler                       0x08003d7d   Thumb Code     2  stm32f1xx_it.o(i.UsageFault_Handler)
    __0printf                                0x08003d81   Thumb Code    22  printfa.o(i.__0printf)
    __1printf                                0x08003d81   Thumb Code     0  printfa.o(i.__0printf)
    __2printf                                0x08003d81   Thumb Code     0  printfa.o(i.__0printf)
    __c89printf                              0x08003d81   Thumb Code     0  printfa.o(i.__0printf)
    printf                                   0x08003d81   Thumb Code     0  printfa.o(i.__0printf)
    __0vsprintf                              0x08003da1   Thumb Code    30  printfa.o(i.__0vsprintf)
    __1vsprintf                              0x08003da1   Thumb Code     0  printfa.o(i.__0vsprintf)
    __2vsprintf                              0x08003da1   Thumb Code     0  printfa.o(i.__0vsprintf)
    __c89vsprintf                            0x08003da1   Thumb Code     0  printfa.o(i.__0vsprintf)
    vsprintf                                 0x08003da1   Thumb Code     0  printfa.o(i.__0vsprintf)
    __ARM_fpclassify                         0x08003dc5   Thumb Code    40  fpclassify.o(i.__ARM_fpclassify)
    __aeabi_errno_addr                       0x08003e0d   Thumb Code     4  errno.o(i.__aeabi_errno_addr)
    __rt_errno_addr                          0x08003e0d   Thumb Code     0  errno.o(i.__aeabi_errno_addr)
    __kernel_poly                            0x08003e15   Thumb Code   170  poly.o(i.__kernel_poly)
    __mathlib_dbl_infnan                     0x08003ebf   Thumb Code     6  dunder.o(i.__mathlib_dbl_infnan)
    __mathlib_dbl_infnan2                    0x08003ec5   Thumb Code     4  dunder.o(i.__mathlib_dbl_infnan2)
    __mathlib_dbl_underflow                  0x08003ec9   Thumb Code    10  dunder.o(i.__mathlib_dbl_underflow)
    __read_errno                             0x08003ed9   Thumb Code     6  errno.o(i.__read_errno)
    __scatterload_copy                       0x08003ee5   Thumb Code    14  handlers.o(i.__scatterload_copy)
    __scatterload_null                       0x08003ef3   Thumb Code     2  handlers.o(i.__scatterload_null)
    __scatterload_zeroinit                   0x08003ef5   Thumb Code    14  handlers.o(i.__scatterload_zeroinit)
    __set_errno                              0x08003f05   Thumb Code     6  errno.o(i.__set_errno)
    _is_digit                                0x08004095   Thumb Code    14  scanf_fp.o(i._is_digit)
    atan                                     0x080047b5   Thumb Code   474  atan.o(i.atan)
    atan2                                    0x080049d5   Thumb Code   374  atan2.o(i.atan2)
    atof                                     0x08004b71   Thumb Code    42  atof.o(i.atof)
    disable_motor_mode                       0x08004b9d   Thumb Code    26  dm_motor_drv.o(i.disable_motor_mode)
    dm_motor_clear_para                      0x08004bc1   Thumb Code    16  dm_motor_drv.o(i.dm_motor_clear_para)
    dm_motor_disable                         0x08004bd1   Thumb Code    68  dm_motor_drv.o(i.dm_motor_disable)
    dm_motor_enable                          0x08004c15   Thumb Code    56  dm_motor_drv.o(i.dm_motor_enable)
    dm_motor_fbdata                          0x08004c4d   Thumb Code   124  dm_motor_drv.o(i.dm_motor_fbdata)
    dm_motor_init                            0x08004cc9   Thumb Code    90  dm_motor_ctrl.o(i.dm_motor_init)
    enable_motor_mode                        0x08004d35   Thumb Code    26  dm_motor_drv.o(i.enable_motor_mode)
    float_to_uint                            0x08004d59   Thumb Code    58  dm_motor_drv.o(i.float_to_uint)
    fputc                                    0x08004d93   Thumb Code    14  serial.o(i.fputc)
    main                                     0x08004da1   Thumb Code  1252  main.o(i.main)
    mit_ctrl                                 0x08005285   Thumb Code   160  dm_motor_drv.o(i.mit_ctrl)
    read_motor_ctrl_fbdata                   0x0800532d   Thumb Code    34  dm_motor_drv.o(i.read_motor_ctrl_fbdata)
    uint_to_float                            0x08005355   Thumb Code    58  dm_motor_drv.o(i.uint_to_float)
    AHBPrescTable                            0x080053a0   Data          16  system_stm32f1xx.o(.constdata)
    APBPrescTable                            0x080053b0   Data           8  system_stm32f1xx.o(.constdata)
    OLED_F8x16                               0x080053b8   Data        1520  oled_data.o(.constdata)
    OLED_F6x8                                0x080059a8   Data         570  oled_data.o(.constdata)
    OLED_CF16x16                             0x08005be2   Data          37  oled_data.o(.constdata)
    __mathlib_zero                           0x08005ca0   Data           8  qnan.o(.constdata)
    __ctype_table                            0x08005ca8   Data         129  ctype_o.o(.constdata)
    Region$$Table$$Base                      0x08005d30   Number         0  anon$$obj.o(Region$$Table)
    Region$$Table$$Limit                     0x08005d50   Number         0  anon$$obj.o(Region$$Table)
    RunFlag                                  0x20000000   Data           1  main.o(.data)
    RxLength                                 0x20000001   Data           1  main.o(.data)
    AX                                       0x20000008   Data           2  main.o(.data)
    AY                                       0x2000000a   Data           2  main.o(.data)
    AZ                                       0x2000000c   Data           2  main.o(.data)
    GX                                       0x2000000e   Data           2  main.o(.data)
    GY                                       0x20000010   Data           2  main.o(.data)
    GZ                                       0x20000012   Data           2  main.o(.data)
    TimerCount                               0x20000014   Data           2  main.o(.data)
    plotnum                                  0x20000018   Data           4  main.o(.data)
    LmPos                                    0x2000001c   Data           4  main.o(.data)
    LmVel                                    0x20000020   Data           4  main.o(.data)
    LmKp                                     0x20000024   Data           4  main.o(.data)
    LmKd                                     0x20000028   Data           4  main.o(.data)
    LmTor                                    0x2000002c   Data           4  main.o(.data)
    RmPos                                    0x20000030   Data           4  main.o(.data)
    RmVel                                    0x20000034   Data           4  main.o(.data)
    RmKp                                     0x20000038   Data           4  main.o(.data)
    RmKd                                     0x2000003c   Data           4  main.o(.data)
    RmTor                                    0x20000040   Data           4  main.o(.data)
    AngleActual2                             0x20000044   Data           4  main.o(.data)
    SpeedActual2                             0x20000048   Data           4  main.o(.data)
    m1                                       0x2000004c   Data           4  main.o(.data)
    m2                                       0x20000050   Data           4  main.o(.data)
    AveVel                                   0x20000054   Data           4  main.o(.data)
    DifVel                                   0x20000058   Data           4  main.o(.data)
    LeftSpeed                                0x2000005c   Data           4  main.o(.data)
    RightSpeed                               0x20000060   Data           4  main.o(.data)
    LeftSpeedFiltered                        0x20000064   Data           4  main.o(.data)
    RightSpeedFiltered                       0x20000068   Data           4  main.o(.data)
    AveSpeed                                 0x2000006c   Data           4  main.o(.data)
    RxID                                     0x20000070   Data           4  main.o(.data)
    AngleAcc                                 0x20000074   Data           4  main.o(.data)
    AngleGyro                                0x20000078   Data           4  main.o(.data)
    Angle                                    0x2000007c   Data           4  main.o(.data)
    RxData                                   0x20000080   Data           8  main.o(.data)
    AnglePID                                 0x20000088   Data          64  main.o(.data)
    SpeedPID                                 0x200000c8   Data          64  main.o(.data)
    uwTickFreq                               0x20000108   Data           1  stm32f1xx_hal.o(.data)
    uwTickPrio                               0x2000010c   Data           4  stm32f1xx_hal.o(.data)
    uwTick                                   0x20000110   Data           4  stm32f1xx_hal.o(.data)
    SystemCoreClock                          0x20000114   Data           4  system_stm32f1xx.o(.data)
    Key_Flag                                 0x20000126   Data           4  key.o(.data)
    Serial_RxFlag                            0x20000134   Data           1  serial.o(.data)
    __stdout                                 0x2000013c   Data           4  stdout.o(.data)
    data                                     0x20000144   Data          20  main.o(.bss)
    hcan                                     0x20000158   Data          40  can.o(.bss)
    htim1                                    0x20000180   Data          72  tim.o(.bss)
    huart1                                   0x200001c8   Data          72  usart.o(.bss)
    motor                                    0x20000210   Data        2760  dm_motor_ctrl.o(.bss)
    OLED_DisplayBuf                          0x20000cd8   Data        1024  oled.o(.bss)
    Serial_RxPacket                          0x200010d8   Data         100  serial.o(.bss)
    __initial_sp                             0x20001540   Data           0  startup_stm32f103xb.o(STACK)



==============================================================================

Memory Map of the image

  Image Entry point : 0x080000ed

  Load Region LR_IROM1 (Base: 0x08000000, Size: 0x00005e94, Max: 0x00010000, ABSOLUTE, COMPRESSED[0x00005d98])

    Execution Region ER_IROM1 (Exec base: 0x08000000, Load base: 0x08000000, Size: 0x00005d50, Max: 0x00010000, ABSOLUTE)

    Exec Addr    Load Addr    Size         Type   Attr      Idx    E Section Name        Object

    0x08000000   0x08000000   0x000000ec   Data   RO            3    RESET               startup_stm32f103xb.o
    0x080000ec   0x080000ec   0x00000000   Code   RO         4017  * .ARM.Collect$$$$00000000  mc_w.l(entry.o)
    0x080000ec   0x080000ec   0x00000004   Code   RO         4362    .ARM.Collect$$$$00000001  mc_w.l(entry2.o)
    0x080000f0   0x080000f0   0x00000004   Code   RO         4365    .ARM.Collect$$$$00000004  mc_w.l(entry5.o)
    0x080000f4   0x080000f4   0x00000000   Code   RO         4367    .ARM.Collect$$$$00000008  mc_w.l(entry7b.o)
    0x080000f4   0x080000f4   0x00000000   Code   RO         4369    .ARM.Collect$$$$0000000A  mc_w.l(entry8b.o)
    0x080000f4   0x080000f4   0x00000008   Code   RO         4370    .ARM.Collect$$$$0000000B  mc_w.l(entry9a.o)
    0x080000fc   0x080000fc   0x00000004   Code   RO         4377    .ARM.Collect$$$$0000000E  mc_w.l(entry12b.o)
    0x08000100   0x08000100   0x00000000   Code   RO         4372    .ARM.Collect$$$$0000000F  mc_w.l(entry10a.o)
    0x08000100   0x08000100   0x00000000   Code   RO         4374    .ARM.Collect$$$$00000011  mc_w.l(entry11a.o)
    0x08000100   0x08000100   0x00000004   Code   RO         4363    .ARM.Collect$$$$00002712  mc_w.l(entry2.o)
    0x08000104   0x08000104   0x00000024   Code   RO            4    .text               startup_stm32f103xb.o
    0x08000128   0x08000128   0x00000020   Code   RO         4020    .text               mc_w.l(llushr.o)
    0x08000148   0x08000148   0x00000024   Code   RO         4022    .text               mc_w.l(memseta.o)
    0x0800016c   0x0800016c   0x0000001c   Code   RO         4024    .text               mc_w.l(strcmp.o)
    0x08000188   0x08000188   0x00000044   Code   RO         4026    .text               mc_w.l(strtok.o)
    0x080001cc   0x080001cc   0x0000001a   Code   RO         4293    .text               mc_w.l(atoi.o)
    0x080001e6   0x080001e6   0x000000b0   Code   RO         4295    .text               mf_w.l(fadd.o)
    0x08000296   0x08000296   0x00000064   Code   RO         4297    .text               mf_w.l(fmul.o)
    0x080002fa   0x080002fa   0x0000007c   Code   RO         4299    .text               mf_w.l(fdiv.o)
    0x08000376   0x08000376   0x00000018   Code   RO         4301    .text               mf_w.l(fscalb.o)
    0x0800038e   0x0800038e   0x0000014e   Code   RO         4303    .text               mf_w.l(dadd.o)
    0x080004dc   0x080004dc   0x000000e4   Code   RO         4305    .text               mf_w.l(dmul.o)
    0x080005c0   0x080005c0   0x000000de   Code   RO         4307    .text               mf_w.l(ddiv.o)
    0x0800069e   0x0800069e   0x00000012   Code   RO         4309    .text               mf_w.l(fflti.o)
    0x080006b0   0x080006b0   0x0000000a   Code   RO         4311    .text               mf_w.l(ffltui.o)
    0x080006ba   0x080006ba   0x00000022   Code   RO         4313    .text               mf_w.l(dflti.o)
    0x080006dc   0x080006dc   0x00000032   Code   RO         4317    .text               mf_w.l(ffixi.o)
    0x0800070e   0x0800070e   0x00000026   Code   RO         4325    .text               mf_w.l(f2d.o)
    0x08000734   0x08000734   0x00000030   Code   RO         4327    .text               mf_w.l(cdcmple.o)
    0x08000764   0x08000764   0x00000030   Code   RO         4329    .text               mf_w.l(cdrcmple.o)
    0x08000794   0x08000794   0x00000038   Code   RO         4331    .text               mf_w.l(d2f.o)
    0x080007cc   0x080007cc   0x00000014   Code   RO         4333    .text               mf_w.l(cfcmple.o)
    0x080007e0   0x080007e0   0x00000014   Code   RO         4335    .text               mf_w.l(cfrcmple.o)
    0x080007f4   0x080007f4   0x0000002c   Code   RO         4379    .text               mc_w.l(uidiv.o)
    0x08000820   0x08000820   0x00000062   Code   RO         4381    .text               mc_w.l(uldiv.o)
    0x08000882   0x08000882   0x0000001e   Code   RO         4383    .text               mc_w.l(llshl.o)
    0x080008a0   0x080008a0   0x00000024   Code   RO         4385    .text               mc_w.l(llsshr.o)
    0x080008c4   0x080008c4   0x0000009c   Code   RO         4394    .text               mc_w.l(strtod.o)
    0x08000960   0x08000960   0x00000070   Code   RO         4396    .text               mc_w.l(strtol.o)
    0x080009d0   0x080009d0   0x00000000   Code   RO         4398    .text               mc_w.l(iusefp.o)
    0x080009d0   0x080009d0   0x0000006e   Code   RO         4399    .text               mf_w.l(fepilogue.o)
    0x08000a3e   0x08000a3e   0x000000ba   Code   RO         4401    .text               mf_w.l(depilogue.o)
    0x08000af8   0x08000af8   0x00000030   Code   RO         4405    .text               mf_w.l(dfixul.o)
    0x08000b28   0x08000b28   0x00000024   Code   RO         4411    .text               mc_w.l(init.o)
    0x08000b4c   0x08000b4c   0x00000008   Code   RO         4415    .text               mc_w.l(ctype_o.o)
    0x08000b54   0x08000b54   0x00000012   Code   RO         4437    .text               mc_w.l(isspace_o.o)
    0x08000b66   0x08000b66   0x00000002   PAD
    0x08000b68   0x08000b68   0x00000360   Code   RO         4443    .text               mc_w.l(scanf_fp.o)
    0x08000ec8   0x08000ec8   0x00000040   Code   RO         4447    .text               mc_w.l(_sgetc.o)
    0x08000f08   0x08000f08   0x0000009e   Code   RO         4449    .text               mc_w.l(_strtoul.o)
    0x08000fa6   0x08000fa6   0x0000002e   Code   RO         4451    .text               mf_w.l(dscalb.o)
    0x08000fd4   0x08000fd4   0x0000001c   Code   RO         4456    .text               mc_w.l(_chval.o)
    0x08000ff0   0x08000ff0   0x00000018   Code   RO         4458    .text               mf_w.l(dfltul.o)
    0x08001008   0x08001008   0x00000056   Code   RO         4468    .text               mc_w.l(__dczerorl2.o)
    0x0800105e   0x0800105e   0x00000002   Code   RO          381    i.BusFault_Handler  stm32f1xx_it.o
    0x08001060   0x08001060   0x000003d8   Code   RO         3120    i.Control_Rx        control.o
    0x08001438   0x08001438   0x00000002   Code   RO          382    i.DebugMon_Handler  stm32f1xx_it.o
    0x0800143a   0x0800143a   0x00000004   Code   RO           13    i.Error_Handler     main.o
    0x0800143e   0x0800143e   0x000000d0   Code   RO          537    i.HAL_CAN_AddTxMessage  stm32f1xx_hal_can.o
    0x0800150e   0x0800150e   0x00000002   PAD
    0x08001510   0x08001510   0x000000ee   Code   RO          538    i.HAL_CAN_ConfigFilter  stm32f1xx_hal_can.o
    0x080015fe   0x080015fe   0x000000f4   Code   RO          544    i.HAL_CAN_GetRxMessage  stm32f1xx_hal_can.o
    0x080016f2   0x080016f2   0x0000011a   Code   RO          549    i.HAL_CAN_Init      stm32f1xx_hal_can.o
    0x0800180c   0x0800180c   0x0000006c   Code   RO          256    i.HAL_CAN_MspInit   can.o
    0x08001878   0x08001878   0x00000058   Code   RO          561    i.HAL_CAN_Start     stm32f1xx_hal_can.o
    0x080018d0   0x080018d0   0x00000046   Code   RO         1150    i.HAL_DMA_Abort     stm32f1xx_hal_dma.o
    0x08001916   0x08001916   0x00000002   PAD
    0x08001918   0x08001918   0x00000098   Code   RO         1151    i.HAL_DMA_Abort_IT  stm32f1xx_hal_dma.o
    0x080019b0   0x080019b0   0x000001e0   Code   RO         1086    i.HAL_GPIO_Init     stm32f1xx_hal_gpio.o
    0x08001b90   0x08001b90   0x0000000a   Code   RO         1088    i.HAL_GPIO_ReadPin  stm32f1xx_hal_gpio.o
    0x08001b9a   0x08001b9a   0x0000000a   Code   RO         1090    i.HAL_GPIO_WritePin  stm32f1xx_hal_gpio.o
    0x08001ba4   0x08001ba4   0x0000000c   Code   RO          780    i.HAL_GetTick       stm32f1xx_hal.o
    0x08001bb0   0x08001bb0   0x00000010   Code   RO          786    i.HAL_IncTick       stm32f1xx_hal.o
    0x08001bc0   0x08001bc0   0x00000024   Code   RO          787    i.HAL_Init          stm32f1xx_hal.o
    0x08001be4   0x08001be4   0x00000040   Code   RO          788    i.HAL_InitTick      stm32f1xx_hal.o
    0x08001c24   0x08001c24   0x0000003c   Code   RO          475    i.HAL_MspInit       stm32f1xx_hal_msp.o
    0x08001c60   0x08001c60   0x0000001a   Code   RO         1246    i.HAL_NVIC_EnableIRQ  stm32f1xx_hal_cortex.o
    0x08001c7a   0x08001c7a   0x00000002   PAD
    0x08001c7c   0x08001c7c   0x00000040   Code   RO         1252    i.HAL_NVIC_SetPriority  stm32f1xx_hal_cortex.o
    0x08001cbc   0x08001cbc   0x00000024   Code   RO         1253    i.HAL_NVIC_SetPriorityGrouping  stm32f1xx_hal_cortex.o
    0x08001ce0   0x08001ce0   0x0000012c   Code   RO          944    i.HAL_RCC_ClockConfig  stm32f1xx_hal_rcc.o
    0x08001e0c   0x08001e0c   0x00000020   Code   RO          951    i.HAL_RCC_GetPCLK1Freq  stm32f1xx_hal_rcc.o
    0x08001e2c   0x08001e2c   0x00000020   Code   RO          952    i.HAL_RCC_GetPCLK2Freq  stm32f1xx_hal_rcc.o
    0x08001e4c   0x08001e4c   0x0000004c   Code   RO          953    i.HAL_RCC_GetSysClockFreq  stm32f1xx_hal_rcc.o
    0x08001e98   0x08001e98   0x00000320   Code   RO          956    i.HAL_RCC_OscConfig  stm32f1xx_hal_rcc.o
    0x080021b8   0x080021b8   0x00000028   Code   RO         1257    i.HAL_SYSTICK_Config  stm32f1xx_hal_cortex.o
    0x080021e0   0x080021e0   0x00000002   Code   RO         2452    i.HAL_TIMEx_BreakCallback  stm32f1xx_hal_tim_ex.o
    0x080021e2   0x080021e2   0x00000002   Code   RO         2453    i.HAL_TIMEx_CommutCallback  stm32f1xx_hal_tim_ex.o
    0x080021e4   0x080021e4   0x00000068   Code   RO         2471    i.HAL_TIMEx_MasterConfigSynchronization  stm32f1xx_hal_tim_ex.o
    0x0800224c   0x0800224c   0x0000005a   Code   RO         1748    i.HAL_TIM_Base_Init  stm32f1xx_hal_tim.o
    0x080022a6   0x080022a6   0x00000002   PAD
    0x080022a8   0x080022a8   0x0000003c   Code   RO          298    i.HAL_TIM_Base_MspInit  tim.o
    0x080022e4   0x080022e4   0x00000058   Code   RO         1753    i.HAL_TIM_Base_Start_IT  stm32f1xx_hal_tim.o
    0x0800233c   0x0800233c   0x000000dc   Code   RO         1757    i.HAL_TIM_ConfigClockSource  stm32f1xx_hal_tim.o
    0x08002418   0x08002418   0x00000002   Code   RO         1782    i.HAL_TIM_IC_CaptureCallback  stm32f1xx_hal_tim.o
    0x0800241a   0x0800241a   0x00000130   Code   RO         1796    i.HAL_TIM_IRQHandler  stm32f1xx_hal_tim.o
    0x0800254a   0x0800254a   0x00000002   Code   RO         1799    i.HAL_TIM_OC_DelayElapsedCallback  stm32f1xx_hal_tim.o
    0x0800254c   0x0800254c   0x00000002   Code   RO         1826    i.HAL_TIM_PWM_PulseFinishedCallback  stm32f1xx_hal_tim.o
    0x0800254e   0x0800254e   0x00000002   PAD
    0x08002550   0x08002550   0x00000318   Code   RO           15    i.HAL_TIM_PeriodElapsedCallback  main.o
    0x08002868   0x08002868   0x00000002   Code   RO         1839    i.HAL_TIM_TriggerCallback  stm32f1xx_hal_tim.o
    0x0800286a   0x0800286a   0x00000002   Code   RO         2731    i.HAL_UARTEx_RxEventCallback  stm32f1xx_hal_uart.o
    0x0800286c   0x0800286c   0x00000002   Code   RO         2745    i.HAL_UART_ErrorCallback  stm32f1xx_hal_uart.o
    0x0800286e   0x0800286e   0x00000002   PAD
    0x08002870   0x08002870   0x0000026c   Code   RO         2748    i.HAL_UART_IRQHandler  stm32f1xx_hal_uart.o
    0x08002adc   0x08002adc   0x00000064   Code   RO         2749    i.HAL_UART_Init     stm32f1xx_hal_uart.o
    0x08002b40   0x08002b40   0x00000084   Code   RO          340    i.HAL_UART_MspInit  usart.o
    0x08002bc4   0x08002bc4   0x0000001c   Code   RO         2754    i.HAL_UART_Receive_IT  stm32f1xx_hal_uart.o
    0x08002be0   0x08002be0   0x00000064   Code   RO         3932    i.HAL_UART_RxCpltCallback  serial.o
    0x08002c44   0x08002c44   0x00000002   Code   RO         2760    i.HAL_UART_TxCpltCallback  stm32f1xx_hal_uart.o
    0x08002c46   0x08002c46   0x00000002   Code   RO          383    i.HardFault_Handler  stm32f1xx_it.o
    0x08002c48   0x08002c48   0x00000018   Code   RO         3498    i.I2C_R_SDA         mpu6050.o
    0x08002c60   0x08002c60   0x0000001e   Code   RO         3499    i.I2C_ReceiveAck    mpu6050.o
    0x08002c7e   0x08002c7e   0x00000032   Code   RO         3500    i.I2C_ReceiveByte   mpu6050.o
    0x08002cb0   0x08002cb0   0x00000020   Code   RO         3501    i.I2C_SendAck       mpu6050.o
    0x08002cd0   0x08002cd0   0x0000002c   Code   RO         3502    i.I2C_SendByte      mpu6050.o
    0x08002cfc   0x08002cfc   0x0000001e   Code   RO         3503    i.I2C_Start         mpu6050.o
    0x08002d1a   0x08002d1a   0x00000018   Code   RO         3504    i.I2C_Stop          mpu6050.o
    0x08002d32   0x08002d32   0x00000002   PAD
    0x08002d34   0x08002d34   0x00000018   Code   RO         3505    i.I2C_W_SCL         mpu6050.o
    0x08002d4c   0x08002d4c   0x00000018   Code   RO         3506    i.I2C_W_SDA         mpu6050.o
    0x08002d64   0x08002d64   0x00000020   Code   RO         3363    i.Key_Check         key.o
    0x08002d84   0x08002d84   0x00000040   Code   RO         3364    i.Key_GetState      key.o
    0x08002dc4   0x08002dc4   0x00000148   Code   RO         3365    i.Key_Tick          key.o
    0x08002f0c   0x08002f0c   0x00000010   Code   RO         3405    i.LED1_OFF          led.o
    0x08002f1c   0x08002f1c   0x00000010   Code   RO         3406    i.LED1_ON           led.o
    0x08002f2c   0x08002f2c   0x00000052   Code   RO         3507    i.MPU6050_GetData   mpu6050.o
    0x08002f7e   0x08002f7e   0x0000003a   Code   RO         3509    i.MPU6050_Init      mpu6050.o
    0x08002fb8   0x08002fb8   0x0000005c   Code   RO         3511    i.MPU6050_ReadRegs  mpu6050.o
    0x08003014   0x08003014   0x00000030   Code   RO         3512    i.MPU6050_WriteReg  mpu6050.o
    0x08003044   0x08003044   0x00000044   Code   RO          257    i.MX_CAN_Init       can.o
    0x08003088   0x08003088   0x000000dc   Code   RO          231    i.MX_GPIO_Init      gpio.o
    0x08003164   0x08003164   0x00000068   Code   RO          299    i.MX_TIM1_Init      tim.o
    0x080031cc   0x080031cc   0x00000038   Code   RO          341    i.MX_USART1_UART_Init  usart.o
    0x08003204   0x08003204   0x00000002   Code   RO          384    i.MemManage_Handler  stm32f1xx_it.o
    0x08003206   0x08003206   0x00000002   PAD
    0x08003208   0x08003208   0x00000048   Code   RO         3606    i.MyCAN_Init        mycan.o
    0x08003250   0x08003250   0x00000040   Code   RO         3607    i.MyCAN_Receive     mycan.o
    0x08003290   0x08003290   0x00000084   Code   RO         3609    i.MyCAN_Transmit    mycan.o
    0x08003314   0x08003314   0x00000058   Code   RO         3513    i.MyI2C_Init        mpu6050.o
    0x0800336c   0x0800336c   0x00000002   Code   RO          385    i.NMI_Handler       stm32f1xx_it.o
    0x0800336e   0x0800336e   0x00000002   PAD
    0x08003370   0x08003370   0x00000028   Code   RO         3648    i.OLED_Clear        oled.o
    0x08003398   0x08003398   0x0000005c   Code   RO         3649    i.OLED_ClearArea    oled.o
    0x080033f4   0x080033f4   0x0000005c   Code   RO         3657    i.OLED_GPIO_Init    oled.o
    0x08003450   0x08003450   0x0000003a   Code   RO         3659    i.OLED_I2C_SendByte  oled.o
    0x0800348a   0x0800348a   0x0000001e   Code   RO         3660    i.OLED_I2C_Start    oled.o
    0x080034a8   0x080034a8   0x00000018   Code   RO         3661    i.OLED_I2C_Stop     oled.o
    0x080034c0   0x080034c0   0x0000009c   Code   RO         3662    i.OLED_Init         oled.o
    0x0800355c   0x0800355c   0x0000002a   Code   RO         3665    i.OLED_Printf       oled.o
    0x08003586   0x08003586   0x00000022   Code   RO         3668    i.OLED_SetCursor    oled.o
    0x080035a8   0x080035a8   0x0000003c   Code   RO         3670    i.OLED_ShowChar     oled.o
    0x080035e4   0x080035e4   0x000000bc   Code   RO         3673    i.OLED_ShowImage    oled.o
    0x080036a0   0x080036a0   0x0000016c   Code   RO         3676    i.OLED_ShowString   oled.o
    0x0800380c   0x0800380c   0x00000028   Code   RO         3677    i.OLED_Update       oled.o
    0x08003834   0x08003834   0x00000014   Code   RO         3679    i.OLED_W_SCL        oled.o
    0x08003848   0x08003848   0x00000014   Code   RO         3680    i.OLED_W_SDA        oled.o
    0x0800385c   0x0800385c   0x00000022   Code   RO         3681    i.OLED_WriteCommand  oled.o
    0x0800387e   0x0800387e   0x00000030   Code   RO         3682    i.OLED_WriteData    oled.o
    0x080038ae   0x080038ae   0x00000012   Code   RO         3899    i.PID_Init          pid.o
    0x080038c0   0x080038c0   0x000000f0   Code   RO         3900    i.PID_Update        pid.o
    0x080039b0   0x080039b0   0x00000002   Code   RO          386    i.PendSV_Handler    stm32f1xx_it.o
    0x080039b2   0x080039b2   0x00000002   Code   RO          387    i.SVC_Handler       stm32f1xx_it.o
    0x080039b4   0x080039b4   0x00000014   Code   RO         3933    i.Serial_Init       serial.o
    0x080039c8   0x080039c8   0x0000001c   Code   RO         3935    i.Serial_Printf     serial.o
    0x080039e4   0x080039e4   0x00000014   Code   RO         3937    i.Serial_SendByte   serial.o
    0x080039f8   0x080039f8   0x00000014   Code   RO         3939    i.Serial_SendString  serial.o
    0x08003a0c   0x08003a0c   0x00000004   Code   RO          388    i.SysTick_Handler   stm32f1xx_it.o
    0x08003a10   0x08003a10   0x0000005e   Code   RO           16    i.SystemClock_Config  main.o
    0x08003a6e   0x08003a6e   0x00000002   Code   RO         3083    i.SystemInit        system_stm32f1xx.o
    0x08003a70   0x08003a70   0x0000000c   Code   RO          390    i.TIM1_UP_IRQHandler  stm32f1xx_it.o
    0x08003a7c   0x08003a7c   0x00000078   Code   RO         1841    i.TIM_Base_SetConfig  stm32f1xx_hal_tim.o
    0x08003af4   0x08003af4   0x00000014   Code   RO         1852    i.TIM_ETR_SetConfig  stm32f1xx_hal_tim.o
    0x08003b08   0x08003b08   0x00000010   Code   RO         1853    i.TIM_ITRx_SetConfig  stm32f1xx_hal_tim.o
    0x08003b18   0x08003b18   0x00000022   Code   RO         1859    i.TIM_TI1_ConfigInputStage  stm32f1xx_hal_tim.o
    0x08003b3a   0x08003b3a   0x00000024   Code   RO         1861    i.TIM_TI2_ConfigInputStage  stm32f1xx_hal_tim.o
    0x08003b5e   0x08003b5e   0x00000010   Code   RO         2762    i.UART_DMAAbortOnError  stm32f1xx_hal_uart.o
    0x08003b6e   0x08003b6e   0x0000004e   Code   RO         2772    i.UART_EndRxTransfer  stm32f1xx_hal_uart.o
    0x08003bbc   0x08003bbc   0x000000c2   Code   RO         2774    i.UART_Receive_IT   stm32f1xx_hal_uart.o
    0x08003c7e   0x08003c7e   0x00000002   PAD
    0x08003c80   0x08003c80   0x000000b8   Code   RO         2775    i.UART_SetConfig    stm32f1xx_hal_uart.o
    0x08003d38   0x08003d38   0x00000036   Code   RO         2777    i.UART_Start_Receive_IT  stm32f1xx_hal_uart.o
    0x08003d6e   0x08003d6e   0x00000002   PAD
    0x08003d70   0x08003d70   0x0000000c   Code   RO          391    i.USART1_IRQHandler  stm32f1xx_it.o
    0x08003d7c   0x08003d7c   0x00000002   Code   RO          392    i.UsageFault_Handler  stm32f1xx_it.o
    0x08003d7e   0x08003d7e   0x00000002   PAD
    0x08003d80   0x08003d80   0x00000020   Code   RO         4265    i.__0printf         mc_w.l(printfa.o)
    0x08003da0   0x08003da0   0x00000024   Code   RO         4271    i.__0vsprintf       mc_w.l(printfa.o)
    0x08003dc4   0x08003dc4   0x00000028   Code   RO         4407    i.__ARM_fpclassify  m_ws.l(fpclassify.o)
    0x08003dec   0x08003dec   0x00000020   Code   RO         1259    i.__NVIC_SetPriority  stm32f1xx_hal_cortex.o
    0x08003e0c   0x08003e0c   0x00000008   Code   RO         4387    i.__aeabi_errno_addr  mc_w.l(errno.o)
    0x08003e14   0x08003e14   0x000000aa   Code   RO         4409    i.__kernel_poly     m_ws.l(poly.o)
    0x08003ebe   0x08003ebe   0x00000006   Code   RO         4348    i.__mathlib_dbl_infnan  m_ws.l(dunder.o)
    0x08003ec4   0x08003ec4   0x00000004   Code   RO         4349    i.__mathlib_dbl_infnan2  m_ws.l(dunder.o)
    0x08003ec8   0x08003ec8   0x00000010   Code   RO         4353    i.__mathlib_dbl_underflow  m_ws.l(dunder.o)
    0x08003ed8   0x08003ed8   0x0000000c   Code   RO         4388    i.__read_errno      mc_w.l(errno.o)
    0x08003ee4   0x08003ee4   0x0000000e   Code   RO         4462    i.__scatterload_copy  mc_w.l(handlers.o)
    0x08003ef2   0x08003ef2   0x00000002   Code   RO         4463    i.__scatterload_null  mc_w.l(handlers.o)
    0x08003ef4   0x08003ef4   0x0000000e   Code   RO         4464    i.__scatterload_zeroinit  mc_w.l(handlers.o)
    0x08003f02   0x08003f02   0x00000002   PAD
    0x08003f04   0x08003f04   0x0000000c   Code   RO         4389    i.__set_errno       mc_w.l(errno.o)
    0x08003f10   0x08003f10   0x00000184   Code   RO         4272    i._fp_digits        mc_w.l(printfa.o)
    0x08004094   0x08004094   0x0000000e   Code   RO         4445    i._is_digit         mc_w.l(scanf_fp.o)
    0x080040a2   0x080040a2   0x00000002   PAD
    0x080040a4   0x080040a4   0x000006b4   Code   RO         4273    i._printf_core      mc_w.l(printfa.o)
    0x08004758   0x08004758   0x00000024   Code   RO         4274    i._printf_post_padding  mc_w.l(printfa.o)
    0x0800477c   0x0800477c   0x0000002e   Code   RO         4275    i._printf_pre_padding  mc_w.l(printfa.o)
    0x080047aa   0x080047aa   0x0000000a   Code   RO         4277    i._sputc            mc_w.l(printfa.o)
    0x080047b4   0x080047b4   0x00000220   Code   RO         4338    i.atan              m_ws.l(atan.o)
    0x080049d4   0x080049d4   0x0000019c   Code   RO         4004    i.atan2             m_ws.l(atan2.o)
    0x08004b70   0x08004b70   0x0000002a   Code   RO         4012    i.atof              m_ws.l(atof.o)
    0x08004b9a   0x08004b9a   0x00000002   PAD
    0x08004b9c   0x08004b9c   0x00000024   Code   RO         3214    i.disable_motor_mode  dm_motor_drv.o
    0x08004bc0   0x08004bc0   0x00000010   Code   RO         3218    i.dm_motor_clear_para  dm_motor_drv.o
    0x08004bd0   0x08004bd0   0x00000044   Code   RO         3220    i.dm_motor_disable  dm_motor_drv.o
    0x08004c14   0x08004c14   0x00000038   Code   RO         3221    i.dm_motor_enable   dm_motor_drv.o
    0x08004c4c   0x08004c4c   0x0000007c   Code   RO         3222    i.dm_motor_fbdata   dm_motor_drv.o
    0x08004cc8   0x08004cc8   0x0000006c   Code   RO         3160    i.dm_motor_init     dm_motor_ctrl.o
    0x08004d34   0x08004d34   0x00000024   Code   RO         3223    i.enable_motor_mode  dm_motor_drv.o
    0x08004d58   0x08004d58   0x0000003a   Code   RO         3224    i.float_to_uint     dm_motor_drv.o
    0x08004d92   0x08004d92   0x0000000e   Code   RO         3940    i.fputc             serial.o
    0x08004da0   0x08004da0   0x000004e4   Code   RO           17    i.main              main.o
    0x08005284   0x08005284   0x000000a8   Code   RO         3225    i.mit_ctrl          dm_motor_drv.o
    0x0800532c   0x0800532c   0x00000028   Code   RO         3228    i.read_motor_ctrl_fbdata  dm_motor_drv.o
    0x08005354   0x08005354   0x0000003a   Code   RO         3233    i.uint_to_float     dm_motor_drv.o
    0x0800538e   0x0800538e   0x00000012   Data   RO          957    .constdata          stm32f1xx_hal_rcc.o
    0x080053a0   0x080053a0   0x00000010   Data   RO         3084    .constdata          system_stm32f1xx.o
    0x080053b0   0x080053b0   0x00000008   Data   RO         3085    .constdata          system_stm32f1xx.o
    0x080053b8   0x080053b8   0x000005f0   Data   RO         3881    .constdata          oled_data.o
    0x080059a8   0x080059a8   0x0000023a   Data   RO         3882    .constdata          oled_data.o
    0x08005be2   0x08005be2   0x00000025   Data   RO         3883    .constdata          oled_data.o
    0x08005c07   0x08005c07   0x00000001   PAD
    0x08005c08   0x08005c08   0x00000098   Data   RO         4339    .constdata          m_ws.l(atan.o)
    0x08005ca0   0x08005ca0   0x00000008   Data   RO         4361    .constdata          m_ws.l(qnan.o)
    0x08005ca8   0x08005ca8   0x00000081   Data   RO         4416    .constdata          mc_w.l(ctype_o.o)
    0x08005d29   0x08005d29   0x00000003   PAD
    0x08005d2c   0x08005d2c   0x00000004   Data   RO         4417    .constdata          mc_w.l(ctype_o.o)
    0x08005d30   0x08005d30   0x00000020   Data   RO         4460    Region$$Table       anon$$obj.o


    Execution Region RW_IRAM1 (Exec base: 0x20000000, Load base: 0x08005d50, Size: 0x00001540, Max: 0x00005000, ABSOLUTE, COMPRESSED[0x00000048])

    Exec Addr    Load Addr    Size         Type   Attr      Idx    E Section Name        Object

    0x20000000   COMPRESSED   0x00000108   Data   RW           19    .data               main.o
    0x20000108   COMPRESSED   0x0000000c   Data   RW          794    .data               stm32f1xx_hal.o
    0x20000114   COMPRESSED   0x00000004   Data   RW         3086    .data               system_stm32f1xx.o
    0x20000118   COMPRESSED   0x0000001a   Data   RW         3366    .data               key.o
    0x20000132   COMPRESSED   0x00000004   Data   RW         3942    .data               serial.o
    0x20000136   COMPRESSED   0x00000002   PAD
    0x20000138   COMPRESSED   0x00000004   Data   RW         4027    .data               mc_w.l(strtok.o)
    0x2000013c   COMPRESSED   0x00000004   Data   RW         4378    .data               mc_w.l(stdout.o)
    0x20000140   COMPRESSED   0x00000004   Data   RW         4390    .data               mc_w.l(errno.o)
    0x20000144        -       0x00000014   Zero   RW           18    .bss                main.o
    0x20000158        -       0x00000028   Zero   RW          258    .bss                can.o
    0x20000180        -       0x00000048   Zero   RW          300    .bss                tim.o
    0x200001c8        -       0x00000048   Zero   RW          342    .bss                usart.o
    0x20000210        -       0x00000ac8   Zero   RW         3163    .bss                dm_motor_ctrl.o
    0x20000cd8        -       0x00000400   Zero   RW         3684    .bss                oled.o
    0x200010d8        -       0x00000064   Zero   RW         3941    .bss                serial.o
    0x2000113c   COMPRESSED   0x00000004   PAD
    0x20001140        -       0x00000400   Zero   RW            1    STACK               startup_stm32f103xb.o


==============================================================================

Image component sizes


      Code (inc. data)   RO Data    RW Data    ZI Data      Debug   Object Name

       176         20          0          0         40       1735   can.o
       984        454          0          0          0       1061   control.o
       108         18          0          0       2760       3660   dm_motor_ctrl.o
       660         34          0          0          0       9405   dm_motor_drv.o
       220         12          0          0          0       1043   gpio.o
       424         18          0         26          0       3065   key.o
        32         12          0          0          0        821   led.o
      2142        274          0        264         20     444863   main.o
       650         26          0          0          0       8104   mpu6050.o
       268         18          0          0          0       2374   mycan.o
      1342         58          0          0       1024      13524   oled.o
         0          0       2127          0          0       1182   oled_data.o
       258          4          0          0          0       2072   pid.o
       202         28          0          4        100       4247   serial.o
        36          8        236          0       1024        824   startup_stm32f103xb.o
       128         24          0         12          0       5453   stm32f1xx_hal.o
      1060          0          0          0          0       5316   stm32f1xx_hal_can.o
       198         14          0          0          0      29107   stm32f1xx_hal_cortex.o
       222          4          0          0          0       1835   stm32f1xx_hal_dma.o
       500         34          0          0          0       3599   stm32f1xx_hal_gpio.o
        60          8          0          0          0        918   stm32f1xx_hal_msp.o
      1240         84         18          0          0       5244   stm32f1xx_hal_rcc.o
       936         24          0          0          0      10157   stm32f1xx_hal_tim.o
       108         12          0          0          0       2489   stm32f1xx_hal_tim_ex.o
      1280         10          0          0          0       9100   stm32f1xx_hal_uart.o
        44         12          0          0          0       4983   stm32f1xx_it.o
         2          0         24          4          0       1179   system_stm32f1xx.o
       164         18          0          0         72       1750   tim.o
       188         22          0          0         72       1782   usart.o

    ----------------------------------------------------------------------
     13656       1250       2438        312       5116     580892   Object Totals
         0          0         32          0          0          0   (incl. Generated)
        24          0          1          2          4          0   (incl. Padding)

    ----------------------------------------------------------------------

      Code (inc. data)   RO Data    RW Data    ZI Data      Debug   Library Member Name

       544         70        152          0          0        124   atan.o
       412         38          0          0          0        144   atan2.o
        42          0          0          0          0         84   atof.o
        26          6          0          0          0        204   dunder.o
        40          0          0          0          0         68   fpclassify.o
       170          0          0          0          0         96   poly.o
         0          0          8          0          0          0   qnan.o
        86          0          0          0          0          0   __dczerorl2.o
        28          0          0          0          0         68   _chval.o
        64          0          0          0          0         84   _sgetc.o
       158          0          0          0          0         92   _strtoul.o
        26          0          0          0          0         80   atoi.o
         8          4        133          0          0         68   ctype_o.o
         0          0          0          0          0          0   entry.o
         0          0          0          0          0          0   entry10a.o
         0          0          0          0          0          0   entry11a.o
         4          0          0          0          0          0   entry12b.o
         8          4          0          0          0          0   entry2.o
         4          0          0          0          0          0   entry5.o
         0          0          0          0          0          0   entry7b.o
         0          0          0          0          0          0   entry8b.o
         8          4          0          0          0          0   entry9a.o
        32         16          0          4          0        204   errno.o
        30          0          0          0          0          0   handlers.o
        36          8          0          0          0         68   init.o
        18          0          0          0          0         76   isspace_o.o
         0          0          0          0          0          0   iusefp.o
        30          0          0          0          0         68   llshl.o
        36          0          0          0          0         68   llsshr.o
        32          0          0          0          0         68   llushr.o
        36          0          0          0          0        108   memseta.o
      2264         96          0          0          0        612   printfa.o
       878         12          0          0          0        216   scanf_fp.o
         0          0          0          4          0          0   stdout.o
        28          0          0          0          0         76   strcmp.o
       156         12          0          0          0        120   strtod.o
        68          6          0          4          0         80   strtok.o
       112          0          0          0          0         88   strtol.o
        44          0          0          0          0         80   uidiv.o
        98          0          0          0          0         92   uldiv.o
        48          0          0          0          0         68   cdcmple.o
        48          0          0          0          0         68   cdrcmple.o
        20          0          0          0          0         68   cfcmple.o
        20          0          0          0          0         68   cfrcmple.o
        56          0          0          0          0         88   d2f.o
       334          0          0          0          0        148   dadd.o
       222          0          0          0          0        100   ddiv.o
       186          0          0          0          0        176   depilogue.o
        48          0          0          0          0         68   dfixul.o
        34          0          0          0          0         76   dflti.o
        24          0          0          0          0         76   dfltul.o
       228          0          0          0          0         96   dmul.o
        46          0          0          0          0         80   dscalb.o
        38          0          0          0          0         68   f2d.o
       176          0          0          0          0        140   fadd.o
       124          0          0          0          0         88   fdiv.o
       110          0          0          0          0        168   fepilogue.o
        50          0          0          0          0         68   ffixi.o
        18          0          0          0          0         68   fflti.o
        10          0          0          0          0         68   ffltui.o
       100          0          0          0          0         76   fmul.o
        24          0          0          0          0         68   fscalb.o

    ----------------------------------------------------------------------
      7498        276        296         12          0       5128   Library Totals
         8          0          3          0          0          0   (incl. Padding)

    ----------------------------------------------------------------------

      Code (inc. data)   RO Data    RW Data    ZI Data      Debug   Library Name

      1234        114        160          0          0        720   m_ws.l
      4292        162        133         12          0       2416   mc_w.l
      1964          0          0          0          0       1992   mf_w.l

    ----------------------------------------------------------------------
      7498        276        296         12          0       5128   Library Totals

    ----------------------------------------------------------------------

==============================================================================


      Code (inc. data)   RO Data    RW Data    ZI Data      Debug   

     21154       1526       2734        324       5116     576528   Grand Totals
     21154       1526       2734         72       5116     576528   ELF Image Totals (compressed)
     21154       1526       2734         72          0          0   ROM Totals

==============================================================================

    Total RO  Size (Code + RO Data)                23888 (  23.33kB)
    Total RW  Size (RW Data + ZI Data)              5440 (   5.31kB)
    Total ROM Size (Code + RO Data + RW Data)      23960 (  23.40kB)

==============================================================================

